Archive member included to satisfy reference by file (symbol)

/package/eda/altera/altera17.0/nios2eds/bin/gnu/H-x86_64-pc-linux-gnu/bin/../lib/gcc/nios2-elf/5.3.0/../../../../../H-x86_64-pc-linux-gnu/nios2-elf/lib/libm.a(lib_a-sf_cos.o)
                              obj/default/kautodiff.o (cosf)
/package/eda/altera/altera17.0/nios2eds/bin/gnu/H-x86_64-pc-linux-gnu/bin/../lib/gcc/nios2-elf/5.3.0/../../../../../H-x86_64-pc-linux-gnu/nios2-elf/lib/libm.a(lib_a-sf_sin.o)
                              obj/default/kautodiff.o (sinf)
/package/eda/altera/altera17.0/nios2eds/bin/gnu/H-x86_64-pc-linux-gnu/bin/../lib/gcc/nios2-elf/5.3.0/../../../../../H-x86_64-pc-linux-gnu/nios2-elf/lib/libm.a(lib_a-w_log.o)
                              obj/default/kautodiff.o (log)
/package/eda/altera/altera17.0/nios2eds/bin/gnu/H-x86_64-pc-linux-gnu/bin/../lib/gcc/nios2-elf/5.3.0/../../../../../H-x86_64-pc-linux-gnu/nios2-elf/lib/libm.a(lib_a-w_sqrt.o)
                              obj/default/kann.o (sqrt)
/package/eda/altera/altera17.0/nios2eds/bin/gnu/H-x86_64-pc-linux-gnu/bin/../lib/gcc/nios2-elf/5.3.0/../../../../../H-x86_64-pc-linux-gnu/nios2-elf/lib/libm.a(lib_a-wf_exp.o)
                              obj/default/kautodiff.o (expf)
/package/eda/altera/altera17.0/nios2eds/bin/gnu/H-x86_64-pc-linux-gnu/bin/../lib/gcc/nios2-elf/5.3.0/../../../../../H-x86_64-pc-linux-gnu/nios2-elf/lib/libm.a(lib_a-wf_log.o)
                              obj/default/kautodiff.o (logf)
/package/eda/altera/altera17.0/nios2eds/bin/gnu/H-x86_64-pc-linux-gnu/bin/../lib/gcc/nios2-elf/5.3.0/../../../../../H-x86_64-pc-linux-gnu/nios2-elf/lib/libm.a(lib_a-wf_sqrt.o)
                              obj/default/kann.o (sqrtf)
/package/eda/altera/altera17.0/nios2eds/bin/gnu/H-x86_64-pc-linux-gnu/bin/../lib/gcc/nios2-elf/5.3.0/../../../../../H-x86_64-pc-linux-gnu/nios2-elf/lib/libm.a(lib_a-e_log.o)
                              /package/eda/altera/altera17.0/nios2eds/bin/gnu/H-x86_64-pc-linux-gnu/bin/../lib/gcc/nios2-elf/5.3.0/../../../../../H-x86_64-pc-linux-gnu/nios2-elf/lib/libm.a(lib_a-w_log.o) (__ieee754_log)
/package/eda/altera/altera17.0/nios2eds/bin/gnu/H-x86_64-pc-linux-gnu/bin/../lib/gcc/nios2-elf/5.3.0/../../../../../H-x86_64-pc-linux-gnu/nios2-elf/lib/libm.a(lib_a-e_sqrt.o)
                              /package/eda/altera/altera17.0/nios2eds/bin/gnu/H-x86_64-pc-linux-gnu/bin/../lib/gcc/nios2-elf/5.3.0/../../../../../H-x86_64-pc-linux-gnu/nios2-elf/lib/libm.a(lib_a-w_sqrt.o) (__ieee754_sqrt)
/package/eda/altera/altera17.0/nios2eds/bin/gnu/H-x86_64-pc-linux-gnu/bin/../lib/gcc/nios2-elf/5.3.0/../../../../../H-x86_64-pc-linux-gnu/nios2-elf/lib/libm.a(lib_a-ef_exp.o)
                              /package/eda/altera/altera17.0/nios2eds/bin/gnu/H-x86_64-pc-linux-gnu/bin/../lib/gcc/nios2-elf/5.3.0/../../../../../H-x86_64-pc-linux-gnu/nios2-elf/lib/libm.a(lib_a-wf_exp.o) (__ieee754_expf)
/package/eda/altera/altera17.0/nios2eds/bin/gnu/H-x86_64-pc-linux-gnu/bin/../lib/gcc/nios2-elf/5.3.0/../../../../../H-x86_64-pc-linux-gnu/nios2-elf/lib/libm.a(lib_a-ef_log.o)
                              /package/eda/altera/altera17.0/nios2eds/bin/gnu/H-x86_64-pc-linux-gnu/bin/../lib/gcc/nios2-elf/5.3.0/../../../../../H-x86_64-pc-linux-gnu/nios2-elf/lib/libm.a(lib_a-wf_log.o) (__ieee754_logf)
/package/eda/altera/altera17.0/nios2eds/bin/gnu/H-x86_64-pc-linux-gnu/bin/../lib/gcc/nios2-elf/5.3.0/../../../../../H-x86_64-pc-linux-gnu/nios2-elf/lib/libm.a(lib_a-ef_rem_pio2.o)
                              /package/eda/altera/altera17.0/nios2eds/bin/gnu/H-x86_64-pc-linux-gnu/bin/../lib/gcc/nios2-elf/5.3.0/../../../../../H-x86_64-pc-linux-gnu/nios2-elf/lib/libm.a(lib_a-sf_cos.o) (__ieee754_rem_pio2f)
/package/eda/altera/altera17.0/nios2eds/bin/gnu/H-x86_64-pc-linux-gnu/bin/../lib/gcc/nios2-elf/5.3.0/../../../../../H-x86_64-pc-linux-gnu/nios2-elf/lib/libm.a(lib_a-ef_sqrt.o)
                              /package/eda/altera/altera17.0/nios2eds/bin/gnu/H-x86_64-pc-linux-gnu/bin/../lib/gcc/nios2-elf/5.3.0/../../../../../H-x86_64-pc-linux-gnu/nios2-elf/lib/libm.a(lib_a-wf_sqrt.o) (__ieee754_sqrtf)
/package/eda/altera/altera17.0/nios2eds/bin/gnu/H-x86_64-pc-linux-gnu/bin/../lib/gcc/nios2-elf/5.3.0/../../../../../H-x86_64-pc-linux-gnu/nios2-elf/lib/libm.a(lib_a-kf_cos.o)
                              /package/eda/altera/altera17.0/nios2eds/bin/gnu/H-x86_64-pc-linux-gnu/bin/../lib/gcc/nios2-elf/5.3.0/../../../../../H-x86_64-pc-linux-gnu/nios2-elf/lib/libm.a(lib_a-sf_cos.o) (__kernel_cosf)
/package/eda/altera/altera17.0/nios2eds/bin/gnu/H-x86_64-pc-linux-gnu/bin/../lib/gcc/nios2-elf/5.3.0/../../../../../H-x86_64-pc-linux-gnu/nios2-elf/lib/libm.a(lib_a-kf_rem_pio2.o)
                              /package/eda/altera/altera17.0/nios2eds/bin/gnu/H-x86_64-pc-linux-gnu/bin/../lib/gcc/nios2-elf/5.3.0/../../../../../H-x86_64-pc-linux-gnu/nios2-elf/lib/libm.a(lib_a-ef_rem_pio2.o) (__kernel_rem_pio2f)
[...]
Memory Configuration

Name             Origin             Length             Attributes
reset            0x0000000000000000 0x0000000000000020
new_sdram_controller_0 0x0000000000000020 0x0000000007ffffe0
generic_tristate_controller_0 0x0000000008800000 0x0000000000800000
*default*        0x0000000000000000 0xffffffffffffffff

Linker script and memory map

LOAD ../cnn_bsp//obj/HAL/src/crt0.o
LOAD obj/default/kann.o
LOAD obj/default/kann_data.o
LOAD obj/default/kautodiff.o
LOAD obj/default/mnist-cnn.o
LOAD /package/eda/altera/altera17.0/nios2eds/bin/gnu/H-x86_64-pc-linux-gnu/bin/../lib/gcc/nios2-elf/5.3.0/../../../../../H-x86_64-pc-linux-gnu/nios2-elf/lib/libstdc++.a
LOAD /package/eda/altera/altera17.0/nios2eds/bin/gnu/H-x86_64-pc-linux-gnu/bin/../lib/gcc/nios2-elf/5.3.0/../../../../../H-x86_64-pc-linux-gnu/nios2-elf/lib/libm.a
LOAD /package/eda/altera/altera17.0/nios2eds/bin/gnu/H-x86_64-pc-linux-gnu/bin/../lib/gcc/nios2-elf/5.3.0/libgcc.a
START GROUP
LOAD /package/eda/altera/altera17.0/nios2eds/bin/gnu/H-x86_64-pc-linux-gnu/bin/../lib/gcc/nios2-elf/5.3.0/../../../../../H-x86_64-pc-linux-gnu/nios2-elf/lib/libc.a
LOAD /package/eda/altera/altera17.0/nios2eds/bin/gnu/H-x86_64-pc-linux-gnu/bin/../lib/gcc/nios2-elf/5.3.0/libgcc.a
LOAD ../cnn_bsp//libhal_bsp.a
LOAD /package/eda/altera/altera17.0/nios2eds/bin/gnu/H-x86_64-pc-linux-gnu/bin/../lib/gcc/nios2-elf/5.3.0/../../../../../H-x86_64-pc-linux-gnu/nios2-elf/lib/libm.a
END GROUP
LOAD /package/eda/altera/altera17.0/nios2eds/bin/gnu/H-x86_64-pc-linux-gnu/bin/../lib/gcc/nios2-elf/5.3.0/libgcc.a
                0x0000000000000000                __alt_mem_new_sdram_controller_0 = 0x0
                0x0000000008800000                __alt_mem_generic_tristate_controller_0 = 0x8800000

.entry          0x0000000000000000       0x20
 *(.entry)
 .entry         0x0000000000000000       0x20 ../cnn_bsp//obj/HAL/src/crt0.o
                0x0000000000000000                __reset

.exceptions     0x0000000000000020      0x1a0
                0x0000000000000020                PROVIDE (__ram_exceptions_start, ABSOLUTE (.))
                0x0000000000000020                . = ALIGN (0x20)
 *(.irq)
 *(.exceptions.entry.label)
 .exceptions.entry.label
                0x0000000000000020        0x0 ../cnn_bsp//libhal_bsp.a(alt_irq_entry.o)
                0x0000000000000020                alt_irq_entry
 .exceptions.entry.label
                0x0000000000000020        0x0 ../cnn_bsp//libhal_bsp.a(alt_exception_entry.o)
                0x0000000000000020                alt_exception
 *(.exceptions.entry.user)
 *(.exceptions.entry.ecc_fatal)
 *(.exceptions.entry)
 .exceptions.entry
                0x0000000000000020       0x54 ../cnn_bsp//libhal_bsp.a(alt_exception_entry.o)
 *(.exceptions.irqtest.user)
 *(.exceptions.irqtest)
 .exceptions.irqtest
                0x0000000000000074       0x10 ../cnn_bsp//libhal_bsp.a(alt_irq_entry.o)
 *(.exceptions.irqhandler.user)
 *(.exceptions.irqhandler)
 .exceptions.irqhandler
                0x0000000000000084        0x4 ../cnn_bsp//libhal_bsp.a(alt_irq_entry.o)
 *(.exceptions.irqreturn.user)
 *(.exceptions.irqreturn)
 .exceptions.irqreturn
                0x0000000000000088        0x4 ../cnn_bsp//libhal_bsp.a(alt_irq_entry.o)
 *(.exceptions.notirq.label)
 .exceptions.notirq.label
                0x000000000000008c        0x0 ../cnn_bsp//libhal_bsp.a(alt_irq_entry.o)
 *(.exceptions.notirq.user)
 *(.exceptions.notirq)
 .exceptions.notirq
                0x000000000000008c        0x8 ../cnn_bsp//libhal_bsp.a(alt_exception_entry.o)
 *(.exceptions.soft.user)
 *(.exceptions.soft)
 *(.exceptions.unknown.user)
 *(.exceptions.unknown)
 .exceptions.unknown
                0x0000000000000094        0x4 ../cnn_bsp//libhal_bsp.a(alt_exception_entry.o)
 *(.exceptions.exit.label)
 .exceptions.exit.label
                0x0000000000000098        0x0 ../cnn_bsp//libhal_bsp.a(alt_irq_entry.o)
 .exceptions.exit.label
                0x0000000000000098        0x0 ../cnn_bsp//libhal_bsp.a(alt_exception_entry.o)
 *(.exceptions.exit.user)
 *(.exceptions.exit)
 .exceptions.exit
                0x0000000000000098       0x54 ../cnn_bsp//libhal_bsp.a(alt_exception_entry.o)
 *(.exceptions)
 .exceptions    0x00000000000000ec       0xd4 ../cnn_bsp//libhal_bsp.a(alt_irq_handler.o)
                0x00000000000000ec                alt_irq_handler
                0x00000000000001c0                PROVIDE (__ram_exceptions_end, ABSOLUTE (.))
                0x0000000000000020                PROVIDE (__flash_exceptions_start, LOADADDR (.exceptions))

.text           0x00000000000001c0    0x349b4
                [!provide]                        PROVIDE (stext, ABSOLUTE (.))
 *(.interp)
 *(.hash)
 *(.dynsym)
 *(.dynstr)
 *(.gnu.version)
 *(.gnu.version_d)
 *(.gnu.version_r)
 *(.rel.init)
 *(.rela.init)
 *(.rel.text .rel.text.* .rel.gnu.linkonce.t.*)
 *(.rela.text .rela.text.* .rela.gnu.linkonce.t.*)
 *(.rel.fini)
 *(.rela.fini)
 *(.rel.rodata .rel.rodata.* .rel.gnu.linkonce.r.*)
 *(.rela.rodata .rela.rodata.* .rela.gnu.linkonce.r.*)
 *(.rel.data .rel.data.* .rel.gnu.linkonce.d.*)
 *(.rela.data .rela.data.* .rela.gnu.linkonce.d.*)
 *(.rel.tdata .rel.tdata.* .rel.gnu.linkonce.td.*)
 *(.rela.tdata .rela.tdata.* .rela.gnu.linkonce.td.*)
 *(.rel.tbss .rel.tbss.* .rel.gnu.linkonce.tb.*)
 *(.rela.tbss .rela.tbss.* .rela.gnu.linkonce.tb.*)
 *(.rel.ctors)
 *(.rela.ctors)
 *(.rel.dtors)
 *(.rela.dtors)
 *(.rel.got)
 *(.rela.got)
 *(.rel.sdata .rel.sdata.* .rel.gnu.linkonce.s.*)
 *(.rela.sdata .rela.sdata.* .rela.gnu.linkonce.s.*)
 *(.rel.sbss .rel.sbss.* .rel.gnu.linkonce.sb.*)
 *(.rela.sbss .rela.sbss.* .rela.gnu.linkonce.sb.*)
 *(.rel.sdata2 .rel.sdata2.* .rel.gnu.linkonce.s2.*)
 *(.rela.sdata2 .rela.sdata2.* .rela.gnu.linkonce.s2.*)
 *(.rel.sbss2 .rel.sbss2.* .rel.gnu.linkonce.sb2.*)
 *(.rela.sbss2 .rela.sbss2.* .rela.gnu.linkonce.sb2.*)
 *(.rel.bss .rel.bss.* .rel.gnu.linkonce.b.*)
 *(.rela.bss .rela.bss.* .rela.gnu.linkonce.b.*)
 *(.rel.plt)
 *(.rela.plt)
 *(.rel.dyn)
 *(.init)
 *(.plt)
 *(.text .stub .text.* .gnu.linkonce.t.*)
 .text          0x00000000000001c0       0x4c ../cnn_bsp//obj/HAL/src/crt0.o
                0x00000000000001c0                _start
 .text          0x000000000000020c     0x47e0 obj/default/kann.o
                0x00000000000006c4                kann_new
                0x00000000000009ac                kann_clone
                0x0000000000000a68                kann_unroll_array
                0x0000000000000b2c                kann_unroll
                0x0000000000000c04                kann_delete_unrolled
                0x0000000000000c8c                kann_delete
                0x0000000000000dcc                kann_find
                0x0000000000000ec8                kann_feed_bind
                0x0000000000001058                kann_feed_dim
                0x000000000000136c                kann_eval
                0x000000000000147c                kann_rnn_start
                0x00000000000015c8                kann_rnn_end
                0x0000000000001a1c                kann_mt
                0x0000000000001a48                kann_cost
                0x0000000000001a90                kann_class_error
                0x0000000000001ac8                kann_switch
                0x0000000000001b00                kann_save_fp
                0x0000000000001c00                kann_save
                0x0000000000001c80                kann_load_fp
                0x0000000000001e38                kann_load
                0x0000000000001ed4                kann_new_leaf_array
                0x00000000000021ac                kann_new_leaf2
                0x0000000000002260                kann_layer_dense2
                0x0000000000002348                kann_layer_dropout2
                0x00000000000023c0                kann_layer_layernorm2
                0x000000000000250c                kann_layer_rnn2
                0x00000000000026c8                kann_layer_gru2
                0x0000000000002ac4                kann_new_leaf
                0x0000000000002b78                kann_new_scalar
                0x0000000000002bbc                kann_new_weight
                0x0000000000002c04                kann_new_vec
                0x0000000000002c44                kann_new_bias
                0x0000000000002c78                kann_new_weight_conv2d
                0x0000000000002cd8                kann_new_weight_conv1d
                0x0000000000002d2c                kann_layer_input
                0x0000000000002d80                kann_layer_dense
                0x0000000000002dc0                kann_layer_dropout
                0x0000000000002e00                kann_layer_layernorm
                0x0000000000002e38                kann_layer_rnn
                0x0000000000002ee4                kann_layer_gru
                0x0000000000002fd0                kann_layer_lstm
                0x000000000000337c                kann_layer_conv2d
                0x00000000000033f4                kann_layer_conv1d
                0x0000000000003458                kann_layer_cost
                0x00000000000035e4                kann_shuffle
                0x0000000000003768                kann_RMSprop
                0x0000000000003998                kann_grad_clip
                0x0000000000003b84                kann_train_fnn1
                0x0000000000004610                kann_cost_fnn1
                0x0000000000004924                kann_apply1
 .text          0x00000000000049ec      0x840 obj/default/kann_data.o
                0x00000000000049ec                kann_data_read
                0x00000000000050e0                kann_data_free
 .text          0x000000000000522c    0x11f34 obj/default/kautodiff.o
                0x0000000000005438                kad_const
                0x0000000000005498                kad_feed
                0x00000000000054f8                kad_var
                0x000000000000573c                kad_add
                0x0000000000005778                kad_sub
                0x00000000000057b4                kad_mul
                0x00000000000057f0                kad_cmul
                0x000000000000582c                kad_matmul
                0x0000000000005868                kad_ce_multi
                0x00000000000058a4                kad_ce_bin
                0x00000000000058e0                kad_ce_bin_neg
                0x000000000000591c                kad_mse
                0x0000000000005958                kad_log
                0x000000000000598c                kad_exp
                0x00000000000059c0                kad_sin
                0x00000000000059f4                kad_square
                0x0000000000005a28                kad_sigm
                0x0000000000005a5c                kad_tanh
                0x0000000000005a90                kad_relu
                0x0000000000005ac4                kad_1minus
                0x0000000000005af8                kad_softmax
                0x0000000000005b2c                kad_stdnorm
                0x0000000000005d30                kad_conv2d
                0x0000000000005e40                kad_max2d
                0x0000000000005fa4                kad_conv1d
                0x0000000000006084                kad_max1d
                0x0000000000006134                kad_avg1d
                0x00000000000062a0                kad_avg
                0x00000000000062dc                kad_max
                0x0000000000006318                kad_stack
                0x0000000000006354                kad_select
                0x00000000000064d0                kad_reduce_sum
                0x000000000000650c                kad_reduce_mean
                0x0000000000006548                kad_dropout
                0x00000000000065a8                kad_sample_normal
                0x0000000000006600                kad_slice
                0x00000000000066cc                kad_concat_array
                0x00000000000067a0                kad_concat
                0x0000000000006860                kad_reshape
                0x000000000000696c                kad_reverse
                0x00000000000069f4                kad_switch
                0x0000000000006dac                kad_sync_dim
                0x000000000000704c                kad_compile_array
                0x0000000000007650                kad_compile
                0x0000000000007710                kad_delete
                0x00000000000077ec                kad_size_var
                0x00000000000078c8                kad_size_const
                0x0000000000007b18                kad_eval_marked
                0x0000000000007c60                kad_eval_at
                0x0000000000007d2c                kad_grad
                0x00000000000084a8                kad_save
                0x00000000000085c8                kad_load
                0x0000000000008868                kad_clone
                0x0000000000009508                kad_n_pivots
                0x00000000000095b4                kad_unroll
                0x000000000000a018                kad_vec_mul_sum
                0x000000000000a118                kad_saxpy
                0x000000000000a164                kad_sgemm_simple
                0x000000000000a994                kad_srand
                0x000000000000aa44                kad_rng
                0x000000000000aac0                kad_rand
                0x000000000000ab20                kad_drand
                0x000000000000abec                kad_drand_normal
                0x000000000000af14                kad_op_add
                0x000000000000b130                kad_op_sub
                0x000000000000b34c                kad_op_mul
                0x000000000000b60c                kad_op_cmul
                0x000000000000b968                kad_op_matmul
                0x000000000000bbe4                kad_op_square
                0x000000000000bde4                kad_op_1minus
                0x000000000000bf14                kad_op_exp
                0x000000000000c0d4                kad_op_log
                0x000000000000c294                kad_op_reduce_sum
                0x000000000000c780                kad_op_reduce_mean
                0x000000000000cd14                kad_op_dropout
                0x000000000000d124                kad_op_sample_normal
                0x000000000000d3bc                kad_op_slice
                0x000000000000d7bc                kad_op_concat
                0x000000000000dd7c                kad_op_reshape
                0x000000000000e164                kad_op_reverse
                0x000000000000e4c0                kad_op_mse
                0x000000000000e7e8                kad_op_ce_bin
                0x000000000000eee8                kad_op_ce_bin_neg
                0x000000000000f6ec                kad_op_ce_multi
                0x000000000000fc38                kad_op_stdnorm
                0x00000000000104dc                kad_op_sigm
                0x0000000000010720                kad_op_tanh
                0x00000000000109cc                kad_op_relu
                0x0000000000010ba8                kad_op_sin
                0x0000000000010d80                kad_op_softmax
                0x0000000000011258                kad_op_avg
                0x0000000000011520                kad_op_max
                0x0000000000011874                kad_op_stack
                0x0000000000011b90                kad_op_select
                0x0000000000012234                kad_op_conv2d
                0x0000000000013c8c                kad_op_max2d
                0x00000000000145d8                kad_op_conv1d
                0x0000000000015a8c                kad_op_max1d
                0x0000000000015f74                kad_op_avg1d
                0x00000000000166ac                kad_trap_fe
                0x00000000000166cc                kad_print_graph
                0x0000000000016bac                kad_check_grad
 .text          0x0000000000017160      0x96c obj/default/mnist-cnn.o
                0x0000000000017160                main
 .text          0x0000000000017acc        0x0 /package/eda/altera/altera17.0/nios2eds/bin/gnu/H-x86_64-pc-linux-gnu/bin/../lib/gcc/nios2-elf/5.3.0/../../../../../H-x86_64-pc-linux-gnu/nios2-elf/lib/libm.a(lib_a-sf_cos.o)
 .text.cosf     0x0000000000017acc       0xb0 /package/eda/altera/altera17.0/nios2eds/bin/gnu/H-x86_64-pc-linux-gnu/bin/../lib/gcc/nios2-elf/5.3.0/../../../../../H-x86_64-pc-linux-gnu/nios2-elf/lib/libm.a(lib_a-sf_cos.o)
                0x0000000000017acc                cosf
 .text          0x0000000000017b7c        0x0 /package/eda/altera/altera17.0/nios2eds/bin/gnu/H-x86_64-pc-linux-gnu/bin/../lib/gcc/nios2-elf/5.3.0/../../../../../H-x86_64-pc-linux-gnu/nios2-elf/lib/libm.a(lib_a-sf_sin.o)
 .text.sinf     0x0000000000017b7c       0xb0 /package/eda/altera/altera17.0/nios2eds/bin/gnu/H-x86_64-pc-linux-gnu/bin/../lib/gcc/nios2-elf/5.3.0/../../../../../H-x86_64-pc-linux-gnu/nios2-elf/lib/libm.a(lib_a-sf_sin.o)
                0x0000000000017b7c                sinf
 .text          0x0000000000017c2c        0x0 /package/eda/altera/altera17.0/nios2eds/bin/gnu/H-x86_64-pc-linux-gnu/bin/../lib/gcc/nios2-elf/5.3.0/../../../../../H-x86_64-pc-linux-gnu/nios2-elf/lib/libm.a(lib_a-w_log.o)
 .text.log      0x0000000000017c2c      0x19c /package/eda/altera/altera17.0/nios2eds/bin/gnu/H-x86_64-pc-linux-gnu/bin/../lib/gcc/nios2-elf/5.3.0/../../../../../H-x86_64-pc-linux-gnu/nios2-elf/lib/libm.a(lib_a-w_log.o)
                0x0000000000017c2c                log
 .text          0x0000000000017dc8        0x0 /package/eda/altera/altera17.0/nios2eds/bin/gnu/H-x86_64-pc-linux-gnu/bin/../lib/gcc/nios2-elf/5.3.0/../../../../../H-x86_64-pc-linux-gnu/nios2-elf/lib/libm.a(lib_a-w_sqrt.o)
 .text.sqrt     0x0000000000017dc8      0x130 /package/eda/altera/altera17.0/nios2eds/bin/gnu/H-x86_64-pc-linux-gnu/bin/../lib/gcc/nios2-elf/5.3.0/../../../../../H-x86_64-pc-linux-gnu/nios2-elf/lib/libm.a(lib_a-w_sqrt.o)
                0x0000000000017dc8                sqrt
 .text          0x0000000000017ef8        0x0 /package/eda/altera/altera17.0/nios2eds/bin/gnu/H-x86_64-pc-linux-gnu/bin/../lib/gcc/nios2-elf/5.3.0/../../../../../H-x86_64-pc-linux-gnu/nios2-elf/lib/libm.a(lib_a-wf_exp.o)
 .text.expf     0x0000000000017ef8      0x16c /package/eda/altera/altera17.0/nios2eds/bin/gnu/H-x86_64-pc-linux-gnu/bin/../lib/gcc/nios2-elf/5.3.0/../../../../../H-x86_64-pc-linux-gnu/nios2-elf/lib/libm.a(lib_a-wf_exp.o)
                0x0000000000017ef8                expf
 .text          0x0000000000018064        0x0 /package/eda/altera/altera17.0/nios2eds/bin/gnu/H-x86_64-pc-linux-gnu/bin/../lib/gcc/nios2-elf/5.3.0/../../../../../H-x86_64-pc-linux-gnu/nios2-elf/lib/libm.a(lib_a-wf_log.o)
 .text.logf     0x0000000000018064      0x178 /package/eda/altera/altera17.0/nios2eds/bin/gnu/H-x86_64-pc-linux-gnu/bin/../lib/gcc/nios2-elf/5.3.0/../../../../../H-x86_64-pc-linux-gnu/nios2-elf/lib/libm.a(lib_a-wf_log.o)
                0x0000000000018064                logf
 .text          0x00000000000181dc        0x0 /package/eda/altera/altera17.0/nios2eds/bin/gnu/H-x86_64-pc-linux-gnu/bin/../lib/gcc/nios2-elf/5.3.0/../../../../../H-x86_64-pc-linux-gnu/nios2-elf/lib/libm.a(lib_a-wf_sqrt.o)
 .text.sqrtf    0x00000000000181dc      0x114 /package/eda/altera/altera17.0/nios2eds/bin/gnu/H-x86_64-pc-linux-gnu/bin/../lib/gcc/nios2-elf/5.3.0/../../../../../H-x86_64-pc-linux-gnu/nios2-elf/lib/libm.a(lib_a-wf_sqrt.o)
                0x00000000000181dc                sqrtf
 .text          0x00000000000182f0        0x0 /package/eda/altera/altera17.0/nios2eds/bin/gnu/H-x86_64-pc-linux-gnu/bin/../lib/gcc/nios2-elf/5.3.0/../../../../../H-x86_64-pc-linux-gnu/nios2-elf/lib/libm.a(lib_a-e_log.o)
 .text.__ieee754_log
                0x00000000000182f0      0x71c /package/eda/altera/altera17.0/nios2eds/bin/gnu/H-x86_64-pc-linux-gnu/bin/../lib/gcc/nios2-elf/5.3.0/../../../../../H-x86_64-pc-linux-gnu/nios2-elf/lib/libm.a(lib_a-e_log.o)
                0x00000000000182f0                __ieee754_log
 .text          0x0000000000018a0c        0x0 /package/eda/altera/altera17.0/nios2eds/bin/gnu/H-x86_64-pc-linux-gnu/bin/../lib/gcc/nios2-elf/5.3.0/../../../../../H-x86_64-pc-linux-gnu/nios2-elf/lib/libm.a(lib_a-e_sqrt.o)
 .text.__ieee754_sqrt
                0x0000000000018a0c      0x288 /package/eda/altera/altera17.0/nios2eds/bin/gnu/H-x86_64-pc-linux-gnu/bin/../lib/gcc/nios2-elf/5.3.0/../../../../../H-x86_64-pc-linux-gnu/nios2-elf/lib/libm.a(lib_a-e_sqrt.o)
                0x0000000000018a0c                __ieee754_sqrt
 .text          0x0000000000018c94        0x0 /package/eda/altera/altera17.0/nios2eds/bin/gnu/H-x86_64-pc-linux-gnu/bin/../lib/gcc/nios2-elf/5.3.0/../../../../../H-x86_64-pc-linux-gnu/nios2-elf/lib/libm.a(lib_a-ef_exp.o)
 .text.__ieee754_expf
                0x0000000000018c94      0x330 /package/eda/altera/altera17.0/nios2eds/bin/gnu/H-x86_64-pc-linux-gnu/bin/../lib/gcc/nios2-elf/5.3.0/../../../../../H-x86_64-pc-linux-gnu/nios2-elf/lib/libm.a(lib_a-ef_exp.o)
                0x0000000000018c94                __ieee754_expf
 .text          0x0000000000018fc4        0x0 /package/eda/altera/altera17.0/nios2eds/bin/gnu/H-x86_64-pc-linux-gnu/bin/../lib/gcc/nios2-elf/5.3.0/../../../../../H-x86_64-pc-linux-gnu/nios2-elf/lib/libm.a(lib_a-ef_log.o)
 .text.__ieee754_logf
                0x0000000000018fc4      0x498 /package/eda/altera/altera17.0/nios2eds/bin/gnu/H-x86_64-pc-linux-gnu/bin/../lib/gcc/nios2-elf/5.3.0/../../../../../H-x86_64-pc-linux-gnu/nios2-elf/lib/libm.a(lib_a-ef_log.o)
                0x0000000000018fc4                __ieee754_logf
 .text          0x000000000001945c        0x0 /package/eda/altera/altera17.0/nios2eds/bin/gnu/H-x86_64-pc-linux-gnu/bin/../lib/gcc/nios2-elf/5.3.0/../../../../../H-x86_64-pc-linux-gnu/nios2-elf/lib/libm.a(lib_a-ef_rem_pio2.o)
 .text.__ieee754_rem_pio2f
                0x000000000001945c      0x524 /package/eda/altera/altera17.0/nios2eds/bin/gnu/H-x86_64-pc-linux-gnu/bin/../lib/gcc/nios2-elf/5.3.0/../../../../../H-x86_64-pc-linux-gnu/nios2-elf/lib/libm.a(lib_a-ef_rem_pio2.o)
                0x000000000001945c                __ieee754_rem_pio2f
 .text          0x0000000000019980        0x0 /package/eda/altera/altera17.0/nios2eds/bin/gnu/H-x86_64-pc-linux-gnu/bin/../lib/gcc/nios2-elf/5.3.0/../../../../../H-x86_64-pc-linux-gnu/nios2-elf/lib/libm.a(lib_a-ef_sqrt.o)
 .text.__ieee754_sqrtf
                0x0000000000019980      0x154 /package/eda/altera/altera17.0/nios2eds/bin/gnu/H-x86_64-pc-linux-gnu/bin/../lib/gcc/nios2-elf/5.3.0/../../../../../H-x86_64-pc-linux-gnu/nios2-elf/lib/libm.a(lib_a-ef_sqrt.o)
                0x0000000000019980                __ieee754_sqrtf
 .text          0x0000000000019ad4        0x0 /package/eda/altera/altera17.0/nios2eds/bin/gnu/H-x86_64-pc-linux-gnu/bin/../lib/gcc/nios2-elf/5.3.0/../../../../../H-x86_64-pc-linux-gnu/nios2-elf/lib/libm.a(lib_a-kf_cos.o)
 .text.__kernel_cosf
                0x0000000000019ad4      0x2cc /package/eda/altera/altera17.0/nios2eds/bin/gnu/H-x86_64-pc-linux-gnu/bin/../lib/gcc/nios2-elf/5.3.0/../../../../../H-x86_64-pc-linux-gnu/nios2-elf/lib/libm.a(lib_a-kf_cos.o)
                0x0000000000019ad4                __kernel_cosf
 .text          0x0000000000019da0        0x0 /package/eda/altera/altera17.0/nios2eds/bin/gnu/H-x86_64-pc-linux-gnu/bin/../lib/gcc/nios2-elf/5.3.0/../../../../../H-x86_64-pc-linux-gnu/nios2-elf/lib/libm.a(lib_a-kf_rem_pio2.o)
 .text.__kernel_rem_pio2f
                0x0000000000019da0      0xb04 /package/eda/altera/altera17.0/nios2eds/bin/gnu/H-x86_64-pc-linux-gnu/bin/../lib/gcc/nios2-elf/5.3.0/../../../../../H-x86_64-pc-linux-gnu/nios2-elf/lib/libm.a(lib_a-kf_rem_pio2.o)
                0x0000000000019da0                __kernel_rem_pio2f
 .text          0x000000000001a8a4        0x0 /package/eda/altera/altera17.0/nios2eds/bin/gnu/H-x86_64-pc-linux-gnu/bin/../lib/gcc/nios2-elf/5.3.0/../../../../../H-x86_64-pc-linux-gnu/nios2-elf/lib/libm.a(lib_a-kf_sin.o)
 .text.__kernel_sinf
                0x000000000001a8a4      0x1b8 /package/eda/altera/altera17.0/nios2eds/bin/gnu/H-x86_64-pc-linux-gnu/bin/../lib/gcc/nios2-elf/5.3.0/../../../../../H-x86_64-pc-linux-gnu/nios2-elf/lib/libm.a(lib_a-kf_sin.o)
                0x000000000001a8a4                __kernel_sinf
 .text          0x000000000001aa5c        0x0 /package/eda/altera/altera17.0/nios2eds/bin/gnu/H-x86_64-pc-linux-gnu/bin/../lib/gcc/nios2-elf/5.3.0/../../../../../H-x86_64-pc-linux-gnu/nios2-elf/lib/libm.a(lib_a-s_fpclassify.o)
 .text.__fpclassifyd
                0x000000000001aa5c       0x74 /package/eda/altera/altera17.0/nios2eds/bin/gnu/H-x86_64-pc-linux-gnu/bin/../lib/gcc/nios2-elf/5.3.0/../../../../../H-x86_64-pc-linux-gnu/nios2-elf/lib/libm.a(lib_a-s_fpclassify.o)
                0x000000000001aa5c                __fpclassifyd
 .text          0x000000000001aad0        0x0 /package/eda/altera/altera17.0/nios2eds/bin/gnu/H-x86_64-pc-linux-gnu/bin/../lib/gcc/nios2-elf/5.3.0/../../../../../H-x86_64-pc-linux-gnu/nios2-elf/lib/libm.a(lib_a-s_lib_ver.o)
 .text          0x000000000001aad0        0x0 /package/eda/altera/altera17.0/nios2eds/bin/gnu/H-x86_64-pc-linux-gnu/bin/../lib/gcc/nios2-elf/5.3.0/../../../../../H-x86_64-pc-linux-gnu/nios2-elf/lib/libm.a(lib_a-s_matherr.o)
 .text.matherr  0x000000000001aad0        0x8 /package/eda/altera/altera17.0/nios2eds/bin/gnu/H-x86_64-pc-linux-gnu/bin/../lib/gcc/nios2-elf/5.3.0/../../../../../H-x86_64-pc-linux-gnu/nios2-elf/lib/libm.a(lib_a-s_matherr.o)
                0x000000000001aad0                matherr
 .text          0x000000000001aad8        0x0 /package/eda/altera/altera17.0/nios2eds/bin/gnu/H-x86_64-pc-linux-gnu/bin/../lib/gcc/nios2-elf/5.3.0/../../../../../H-x86_64-pc-linux-gnu/nios2-elf/lib/libm.a(lib_a-s_nan.o)
 .text.nan      0x000000000001aad8        0xc /package/eda/altera/altera17.0/nios2eds/bin/gnu/H-x86_64-pc-linux-gnu/bin/../lib/gcc/nios2-elf/5.3.0/../../../../../H-x86_64-pc-linux-gnu/nios2-elf/lib/libm.a(lib_a-s_nan.o)
                0x000000000001aad8                nan
 .text          0x000000000001aae4        0x0 /package/eda/altera/altera17.0/nios2eds/bin/gnu/H-x86_64-pc-linux-gnu/bin/../lib/gcc/nios2-elf/5.3.0/../../../../../H-x86_64-pc-linux-gnu/nios2-elf/lib/libm.a(lib_a-sf_fabs.o)
 .text.fabsf    0x000000000001aae4       0x10 /package/eda/altera/altera17.0/nios2eds/bin/gnu/H-x86_64-pc-linux-gnu/bin/../lib/gcc/nios2-elf/5.3.0/../../../../../H-x86_64-pc-linux-gnu/nios2-elf/lib/libm.a(lib_a-sf_fabs.o)
                0x000000000001aae4                fabsf
 .text          0x000000000001aaf4        0x0 /package/eda/altera/altera17.0/nios2eds/bin/gnu/H-x86_64-pc-linux-gnu/bin/../lib/gcc/nios2-elf/5.3.0/../../../../../H-x86_64-pc-linux-gnu/nios2-elf/lib/libm.a(lib_a-sf_finite.o)
 .text.finitef  0x000000000001aaf4       0x18 /package/eda/altera/altera17.0/nios2eds/bin/gnu/H-x86_64-pc-linux-gnu/bin/../lib/gcc/nios2-elf/5.3.0/../../../../../H-x86_64-pc-linux-gnu/nios2-elf/lib/libm.a(lib_a-sf_finite.o)
                0x000000000001aaf4                finitef
 .text          0x000000000001ab0c        0x0 /package/eda/altera/altera17.0/nios2eds/bin/gnu/H-x86_64-pc-linux-gnu/bin/../lib/gcc/nios2-elf/5.3.0/../../../../../H-x86_64-pc-linux-gnu/nios2-elf/lib/libm.a(lib_a-sf_floor.o)
 .text.floorf   0x000000000001ab0c      0x104 /package/eda/altera/altera17.0/nios2eds/bin/gnu/H-x86_64-pc-linux-gnu/bin/../lib/gcc/nios2-elf/5.3.0/../../../../../H-x86_64-pc-linux-gnu/nios2-elf/lib/libm.a(lib_a-sf_floor.o)
                0x000000000001ab0c                floorf
 .text          0x000000000001ac10        0x0 /package/eda/altera/altera17.0/nios2eds/bin/gnu/H-x86_64-pc-linux-gnu/bin/../lib/gcc/nios2-elf/5.3.0/../../../../../H-x86_64-pc-linux-gnu/nios2-elf/lib/libm.a(lib_a-sf_fpclassify.o)
 .text.__fpclassifyf
                0x000000000001ac10       0x58 /package/eda/altera/altera17.0/nios2eds/bin/gnu/H-x86_64-pc-linux-gnu/bin/../lib/gcc/nios2-elf/5.3.0/../../../../../H-x86_64-pc-linux-gnu/nios2-elf/lib/libm.a(lib_a-sf_fpclassify.o)
                0x000000000001ac10                __fpclassifyf
 .text          0x000000000001ac68        0x0 /package/eda/altera/altera17.0/nios2eds/bin/gnu/H-x86_64-pc-linux-gnu/bin/../lib/gcc/nios2-elf/5.3.0/../../../../../H-x86_64-pc-linux-gnu/nios2-elf/lib/libm.a(lib_a-sf_scalbn.o)
 .text.scalbnf  0x000000000001ac68      0x144 /package/eda/altera/altera17.0/nios2eds/bin/gnu/H-x86_64-pc-linux-gnu/bin/../lib/gcc/nios2-elf/5.3.0/../../../../../H-x86_64-pc-linux-gnu/nios2-elf/lib/libm.a(lib_a-sf_scalbn.o)
                0x000000000001ac68                scalbnf
 .text          0x000000000001adac        0x0 /package/eda/altera/altera17.0/nios2eds/bin/gnu/H-x86_64-pc-linux-gnu/bin/../lib/gcc/nios2-elf/5.3.0/../../../../../H-x86_64-pc-linux-gnu/nios2-elf/lib/libm.a(lib_a-sf_copysign.o)
 .text.copysignf
                0x000000000001adac       0x18 /package/eda/altera/altera17.0/nios2eds/bin/gnu/H-x86_64-pc-linux-gnu/bin/../lib/gcc/nios2-elf/5.3.0/../../../../../H-x86_64-pc-linux-gnu/nios2-elf/lib/libm.a(lib_a-sf_copysign.o)
                0x000000000001adac                copysignf
 .text          0x000000000001adc4       0x60 /package/eda/altera/altera17.0/nios2eds/bin/gnu/H-x86_64-pc-linux-gnu/bin/../lib/gcc/nios2-elf/5.3.0/libgcc.a(_muldi3.o)
                0x000000000001adc4                __muldi3
 .text          0x000000000001ae24       0x60 /package/eda/altera/altera17.0/nios2eds/bin/gnu/H-x86_64-pc-linux-gnu/bin/../lib/gcc/nios2-elf/5.3.0/libgcc.a(_fixunssfsi.o)
                0x000000000001ae24                __fixunssfsi
 .text          0x000000000001ae84      0x1b4 /package/eda/altera/altera17.0/nios2eds/bin/gnu/H-x86_64-pc-linux-gnu/bin/../lib/gcc/nios2-elf/5.3.0/libgcc.a(lib2-divmod.o)
                0x000000000001ae84                __divsi3
                0x000000000001af08                __modsi3
                0x000000000001af7c                __udivsi3
                0x000000000001afe0                __umodsi3
 .text          0x000000000001b038      0x4c8 /package/eda/altera/altera17.0/nios2eds/bin/gnu/H-x86_64-pc-linux-gnu/bin/../lib/gcc/nios2-elf/5.3.0/libgcc.a(addsf3.o)
                0x000000000001b038                __addsf3
 .text          0x000000000001b500      0x440 /package/eda/altera/altera17.0/nios2eds/bin/gnu/H-x86_64-pc-linux-gnu/bin/../lib/gcc/nios2-elf/5.3.0/libgcc.a(divsf3.o)
                0x000000000001b500                __divsf3
 .text          0x000000000001b940       0x78 /package/eda/altera/altera17.0/nios2eds/bin/gnu/H-x86_64-pc-linux-gnu/bin/../lib/gcc/nios2-elf/5.3.0/libgcc.a(eqsf2.o)
                0x000000000001b940                __nesf2
                0x000000000001b940                __eqsf2
 .text          0x000000000001b9b8       0xbc /package/eda/altera/altera17.0/nios2eds/bin/gnu/H-x86_64-pc-linux-gnu/bin/../lib/gcc/nios2-elf/5.3.0/libgcc.a(gesf2.o)
                0x000000000001b9b8                __gtsf2
                0x000000000001b9b8                __gesf2
 .text          0x000000000001ba74       0xc8 /package/eda/altera/altera17.0/nios2eds/bin/gnu/H-x86_64-pc-linux-gnu/bin/../lib/gcc/nios2-elf/5.3.0/libgcc.a(lesf2.o)
                0x000000000001ba74                __lesf2
                0x000000000001ba74                __ltsf2
 .text          0x000000000001bb3c      0x3fc /package/eda/altera/altera17.0/nios2eds/bin/gnu/H-x86_64-pc-linux-gnu/bin/../lib/gcc/nios2-elf/5.3.0/libgcc.a(mulsf3.o)
                0x000000000001bb3c                __mulsf3
 .text          0x000000000001bf38      0x4e4 /package/eda/altera/altera17.0/nios2eds/bin/gnu/H-x86_64-pc-linux-gnu/bin/../lib/gcc/nios2-elf/5.3.0/libgcc.a(subsf3.o)
                0x000000000001bf38                __subsf3
 .text          0x000000000001c41c       0x70 /package/eda/altera/altera17.0/nios2eds/bin/gnu/H-x86_64-pc-linux-gnu/bin/../lib/gcc/nios2-elf/5.3.0/libgcc.a(fixsfsi.o)
                0x000000000001c41c                __fixsfsi
 .text          0x000000000001c48c      0x124 /package/eda/altera/altera17.0/nios2eds/bin/gnu/H-x86_64-pc-linux-gnu/bin/../lib/gcc/nios2-elf/5.3.0/libgcc.a(floatsisf.o)
                0x000000000001c48c                __floatsisf
 .text          0x000000000001c5b0      0x8ac /package/eda/altera/altera17.0/nios2eds/bin/gnu/H-x86_64-pc-linux-gnu/bin/../lib/gcc/nios2-elf/5.3.0/libgcc.a(adddf3.o)
                0x000000000001c5b0                __adddf3
 .text          0x000000000001ce5c      0x8e8 /package/eda/altera/altera17.0/nios2eds/bin/gnu/H-x86_64-pc-linux-gnu/bin/../lib/gcc/nios2-elf/5.3.0/libgcc.a(divdf3.o)
                0x000000000001ce5c                __divdf3
 .text          0x000000000001d744       0x88 /package/eda/altera/altera17.0/nios2eds/bin/gnu/H-x86_64-pc-linux-gnu/bin/../lib/gcc/nios2-elf/5.3.0/libgcc.a(eqdf2.o)
                0x000000000001d744                __eqdf2
                0x000000000001d744                __nedf2
 .text          0x000000000001d7cc       0xdc /package/eda/altera/altera17.0/nios2eds/bin/gnu/H-x86_64-pc-linux-gnu/bin/../lib/gcc/nios2-elf/5.3.0/libgcc.a(gedf2.o)
                0x000000000001d7cc                __gtdf2
                0x000000000001d7cc                __gedf2
 .text          0x000000000001d8a8       0xf4 /package/eda/altera/altera17.0/nios2eds/bin/gnu/H-x86_64-pc-linux-gnu/bin/../lib/gcc/nios2-elf/5.3.0/libgcc.a(ledf2.o)
                0x000000000001d8a8                __ltdf2
                0x000000000001d8a8                __ledf2
 .text          0x000000000001d99c      0x718 /package/eda/altera/altera17.0/nios2eds/bin/gnu/H-x86_64-pc-linux-gnu/bin/../lib/gcc/nios2-elf/5.3.0/libgcc.a(muldf3.o)
                0x000000000001d99c                __muldf3
 .text          0x000000000001e0b4      0x8fc /package/eda/altera/altera17.0/nios2eds/bin/gnu/H-x86_64-pc-linux-gnu/bin/../lib/gcc/nios2-elf/5.3.0/libgcc.a(subdf3.o)
                0x000000000001e0b4                __subdf3
 .text          0x000000000001e9b0       0x80 /package/eda/altera/altera17.0/nios2eds/bin/gnu/H-x86_64-pc-linux-gnu/bin/../lib/gcc/nios2-elf/5.3.0/libgcc.a(fixdfsi.o)
                0x000000000001e9b0                __fixdfsi
 .text          0x000000000001ea30       0xdc /package/eda/altera/altera17.0/nios2eds/bin/gnu/H-x86_64-pc-linux-gnu/bin/../lib/gcc/nios2-elf/5.3.0/libgcc.a(floatsidf.o)
                0x000000000001ea30                __floatsidf
 .text          0x000000000001eb0c      0x110 /package/eda/altera/altera17.0/nios2eds/bin/gnu/H-x86_64-pc-linux-gnu/bin/../lib/gcc/nios2-elf/5.3.0/libgcc.a(extendsfdf2.o)
                0x000000000001eb0c                __extendsfdf2
 .text          0x000000000001ec1c      0x1a8 /package/eda/altera/altera17.0/nios2eds/bin/gnu/H-x86_64-pc-linux-gnu/bin/../lib/gcc/nios2-elf/5.3.0/libgcc.a(truncdfsf2.o)
                0x000000000001ec1c                __truncdfsf2
 .text          0x000000000001edc4       0x64 /package/eda/altera/altera17.0/nios2eds/bin/gnu/H-x86_64-pc-linux-gnu/bin/../lib/gcc/nios2-elf/5.3.0/libgcc.a(_clzsi2.o)
                0x000000000001edc4                __clzsi2
 .text          0x000000000001ee28        0x0 /package/eda/altera/altera17.0/nios2eds/bin/gnu/H-x86_64-pc-linux-gnu/bin/../lib/gcc/nios2-elf/5.3.0/libgcc.a(_clz.o)
 .text          0x000000000001ee28        0x0 /package/eda/altera/altera17.0/nios2eds/bin/gnu/H-x86_64-pc-linux-gnu/bin/../lib/gcc/nios2-elf/5.3.0/../../../../../H-x86_64-pc-linux-gnu/nios2-elf/lib/libc.a(lib_a-abort.o)
 .text.abort    0x000000000001ee28       0x18 /package/eda/altera/altera17.0/nios2eds/bin/gnu/H-x86_64-pc-linux-gnu/bin/../lib/gcc/nios2-elf/5.3.0/../../../../../H-x86_64-pc-linux-gnu/nios2-elf/lib/libc.a(lib_a-abort.o)
                0x000000000001ee28                abort
 .text          0x000000000001ee40        0x0 /package/eda/altera/altera17.0/nios2eds/bin/gnu/H-x86_64-pc-linux-gnu/bin/../lib/gcc/nios2-elf/5.3.0/../../../../../H-x86_64-pc-linux-gnu/nios2-elf/lib/libc.a(lib_a-assert.o)
 .text.__assert_func
                0x000000000001ee40       0x68 /package/eda/altera/altera17.0/nios2eds/bin/gnu/H-x86_64-pc-linux-gnu/bin/../lib/gcc/nios2-elf/5.3.0/../../../../../H-x86_64-pc-linux-gnu/nios2-elf/lib/libc.a(lib_a-assert.o)
                0x000000000001ee40                __assert_func
 .text.__assert
                0x000000000001eea8       0x14 /package/eda/altera/altera17.0/nios2eds/bin/gnu/H-x86_64-pc-linux-gnu/bin/../lib/gcc/nios2-elf/5.3.0/../../../../../H-x86_64-pc-linux-gnu/nios2-elf/lib/libc.a(lib_a-assert.o)
                0x000000000001eea8                __assert
 .text          0x000000000001eebc        0x0 /package/eda/altera/altera17.0/nios2eds/bin/gnu/H-x86_64-pc-linux-gnu/bin/../lib/gcc/nios2-elf/5.3.0/../../../../../H-x86_64-pc-linux-gnu/nios2-elf/lib/libc.a(lib_a-calloc.o)
 .text.calloc   0x000000000001eebc       0x18 /package/eda/altera/altera17.0/nios2eds/bin/gnu/H-x86_64-pc-linux-gnu/bin/../lib/gcc/nios2-elf/5.3.0/../../../../../H-x86_64-pc-linux-gnu/nios2-elf/lib/libc.a(lib_a-calloc.o)
                0x000000000001eebc                calloc
 .text          0x000000000001eed4        0x0 /package/eda/altera/altera17.0/nios2eds/bin/gnu/H-x86_64-pc-linux-gnu/bin/../lib/gcc/nios2-elf/5.3.0/../../../../../H-x86_64-pc-linux-gnu/nios2-elf/lib/libc.a(lib_a-callocr.o)
 .text._calloc_r
                0x000000000001eed4       0xc4 /package/eda/altera/altera17.0/nios2eds/bin/gnu/H-x86_64-pc-linux-gnu/bin/../lib/gcc/nios2-elf/5.3.0/../../../../../H-x86_64-pc-linux-gnu/nios2-elf/lib/libc.a(lib_a-callocr.o)
                0x000000000001eed4                _calloc_r
 .text          0x000000000001ef98        0x0 /package/eda/altera/altera17.0/nios2eds/bin/gnu/H-x86_64-pc-linux-gnu/bin/../lib/gcc/nios2-elf/5.3.0/../../../../../H-x86_64-pc-linux-gnu/nios2-elf/lib/libc.a(lib_a-errno.o)
 .text.__errno  0x000000000001ef98       0x10 /package/eda/altera/altera17.0/nios2eds/bin/gnu/H-x86_64-pc-linux-gnu/bin/../lib/gcc/nios2-elf/5.3.0/../../../../../H-x86_64-pc-linux-gnu/nios2-elf/lib/libc.a(lib_a-errno.o)
                0x000000000001ef98                __errno
 .text          0x000000000001efa8        0x0 /package/eda/altera/altera17.0/nios2eds/bin/gnu/H-x86_64-pc-linux-gnu/bin/../lib/gcc/nios2-elf/5.3.0/../../../../../H-x86_64-pc-linux-gnu/nios2-elf/lib/libc.a(lib_a-exit.o)
 .text.exit     0x000000000001efa8       0x38 /package/eda/altera/altera17.0/nios2eds/bin/gnu/H-x86_64-pc-linux-gnu/bin/../lib/gcc/nios2-elf/5.3.0/../../../../../H-x86_64-pc-linux-gnu/nios2-elf/lib/libc.a(lib_a-exit.o)
                0x000000000001efa8                exit
 .text          0x000000000001efe0        0x0 /package/eda/altera/altera17.0/nios2eds/bin/gnu/H-x86_64-pc-linux-gnu/bin/../lib/gcc/nios2-elf/5.3.0/../../../../../H-x86_64-pc-linux-gnu/nios2-elf/lib/libc.a(lib_a-fclose.o)
 .text._fclose_r
                0x000000000001efe0       0xf0 /package/eda/altera/altera17.0/nios2eds/bin/gnu/H-x86_64-pc-linux-gnu/bin/../lib/gcc/nios2-elf/5.3.0/../../../../../H-x86_64-pc-linux-gnu/nios2-elf/lib/libc.a(lib_a-fclose.o)
                0x000000000001efe0                _fclose_r
 .text.fclose   0x000000000001f0d0       0x14 /package/eda/altera/altera17.0/nios2eds/bin/gnu/H-x86_64-pc-linux-gnu/bin/../lib/gcc/nios2-elf/5.3.0/../../../../../H-x86_64-pc-linux-gnu/nios2-elf/lib/libc.a(lib_a-fclose.o)
                0x000000000001f0d0                fclose
 .text          0x000000000001f0e4        0x0 /package/eda/altera/altera17.0/nios2eds/bin/gnu/H-x86_64-pc-linux-gnu/bin/../lib/gcc/nios2-elf/5.3.0/../../../../../H-x86_64-pc-linux-gnu/nios2-elf/lib/libc.a(lib_a-fflush.o)
 .text.__sflush_r
                0x000000000001f0e4      0x21c /package/eda/altera/altera17.0/nios2eds/bin/gnu/H-x86_64-pc-linux-gnu/bin/../lib/gcc/nios2-elf/5.3.0/../../../../../H-x86_64-pc-linux-gnu/nios2-elf/lib/libc.a(lib_a-fflush.o)
                0x000000000001f0e4                __sflush_r
 .text._fflush_r
                0x000000000001f300       0x5c /package/eda/altera/altera17.0/nios2eds/bin/gnu/H-x86_64-pc-linux-gnu/bin/../lib/gcc/nios2-elf/5.3.0/../../../../../H-x86_64-pc-linux-gnu/nios2-elf/lib/libc.a(lib_a-fflush.o)
                0x000000000001f300                _fflush_r
 .text.fflush   0x000000000001f35c       0x30 /package/eda/altera/altera17.0/nios2eds/bin/gnu/H-x86_64-pc-linux-gnu/bin/../lib/gcc/nios2-elf/5.3.0/../../../../../H-x86_64-pc-linux-gnu/nios2-elf/lib/libc.a(lib_a-fflush.o)
                0x000000000001f35c                fflush
 .text          0x000000000001f38c        0x0 /package/eda/altera/altera17.0/nios2eds/bin/gnu/H-x86_64-pc-linux-gnu/bin/../lib/gcc/nios2-elf/5.3.0/../../../../../H-x86_64-pc-linux-gnu/nios2-elf/lib/libc.a(lib_a-fgets.o)
 .text._fgets_r
                0x000000000001f38c      0x144 /package/eda/altera/altera17.0/nios2eds/bin/gnu/H-x86_64-pc-linux-gnu/bin/../lib/gcc/nios2-elf/5.3.0/../../../../../H-x86_64-pc-linux-gnu/nios2-elf/lib/libc.a(lib_a-fgets.o)
                0x000000000001f38c                _fgets_r
 .text.fgets    0x000000000001f4d0       0x1c /package/eda/altera/altera17.0/nios2eds/bin/gnu/H-x86_64-pc-linux-gnu/bin/../lib/gcc/nios2-elf/5.3.0/../../../../../H-x86_64-pc-linux-gnu/nios2-elf/lib/libc.a(lib_a-fgets.o)
                0x000000000001f4d0                fgets
 .text          0x000000000001f4ec        0x0 /package/eda/altera/altera17.0/nios2eds/bin/gnu/H-x86_64-pc-linux-gnu/bin/../lib/gcc/nios2-elf/5.3.0/../../../../../H-x86_64-pc-linux-gnu/nios2-elf/lib/libc.a(lib_a-fileno.o)
 .text.fileno   0x000000000001f4ec       0x68 /package/eda/altera/altera17.0/nios2eds/bin/gnu/H-x86_64-pc-linux-gnu/bin/../lib/gcc/nios2-elf/5.3.0/../../../../../H-x86_64-pc-linux-gnu/nios2-elf/lib/libc.a(lib_a-fileno.o)
                0x000000000001f4ec                fileno
 .text          0x000000000001f554        0x0 /package/eda/altera/altera17.0/nios2eds/bin/gnu/H-x86_64-pc-linux-gnu/bin/../lib/gcc/nios2-elf/5.3.0/../../../../../H-x86_64-pc-linux-gnu/nios2-elf/lib/libc.a(lib_a-findfp.o)
 .text.__fp_unlock
                0x000000000001f554        0x8 /package/eda/altera/altera17.0/nios2eds/bin/gnu/H-x86_64-pc-linux-gnu/bin/../lib/gcc/nios2-elf/5.3.0/../../../../../H-x86_64-pc-linux-gnu/nios2-elf/lib/libc.a(lib_a-findfp.o)
 .text._cleanup_r
                0x000000000001f55c        0xc /package/eda/altera/altera17.0/nios2eds/bin/gnu/H-x86_64-pc-linux-gnu/bin/../lib/gcc/nios2-elf/5.3.0/../../../../../H-x86_64-pc-linux-gnu/nios2-elf/lib/libc.a(lib_a-findfp.o)
                0x000000000001f55c                _cleanup_r
 .text.__sinit.part.1
                0x000000000001f568      0x19c /package/eda/altera/altera17.0/nios2eds/bin/gnu/H-x86_64-pc-linux-gnu/bin/../lib/gcc/nios2-elf/5.3.0/../../../../../H-x86_64-pc-linux-gnu/nios2-elf/lib/libc.a(lib_a-findfp.o)
 .text.__fp_lock
                0x000000000001f704        0x8 /package/eda/altera/altera17.0/nios2eds/bin/gnu/H-x86_64-pc-linux-gnu/bin/../lib/gcc/nios2-elf/5.3.0/../../../../../H-x86_64-pc-linux-gnu/nios2-elf/lib/libc.a(lib_a-findfp.o)
 .text.__sfmoreglue
                0x000000000001f70c       0x68 /package/eda/altera/altera17.0/nios2eds/bin/gnu/H-x86_64-pc-linux-gnu/bin/../lib/gcc/nios2-elf/5.3.0/../../../../../H-x86_64-pc-linux-gnu/nios2-elf/lib/libc.a(lib_a-findfp.o)
                0x000000000001f70c                __sfmoreglue
 .text.__sfp    0x000000000001f774      0x118 /package/eda/altera/altera17.0/nios2eds/bin/gnu/H-x86_64-pc-linux-gnu/bin/../lib/gcc/nios2-elf/5.3.0/../../../../../H-x86_64-pc-linux-gnu/nios2-elf/lib/libc.a(lib_a-findfp.o)
                0x000000000001f774                __sfp
 .text._cleanup
                0x000000000001f88c       0x18 /package/eda/altera/altera17.0/nios2eds/bin/gnu/H-x86_64-pc-linux-gnu/bin/../lib/gcc/nios2-elf/5.3.0/../../../../../H-x86_64-pc-linux-gnu/nios2-elf/lib/libc.a(lib_a-findfp.o)
                0x000000000001f88c                _cleanup
 .text.__sinit  0x000000000001f8a4       0x10 /package/eda/altera/altera17.0/nios2eds/bin/gnu/H-x86_64-pc-linux-gnu/bin/../lib/gcc/nios2-elf/5.3.0/../../../../../H-x86_64-pc-linux-gnu/nios2-elf/lib/libc.a(lib_a-findfp.o)
                0x000000000001f8a4                __sinit
 .text.__sfp_lock_acquire
                0x000000000001f8b4        0x4 /package/eda/altera/altera17.0/nios2eds/bin/gnu/H-x86_64-pc-linux-gnu/bin/../lib/gcc/nios2-elf/5.3.0/../../../../../H-x86_64-pc-linux-gnu/nios2-elf/lib/libc.a(lib_a-findfp.o)
                0x000000000001f8b4                __sfp_lock_acquire
 .text.__sfp_lock_release
                0x000000000001f8b8        0x4 /package/eda/altera/altera17.0/nios2eds/bin/gnu/H-x86_64-pc-linux-gnu/bin/../lib/gcc/nios2-elf/5.3.0/../../../../../H-x86_64-pc-linux-gnu/nios2-elf/lib/libc.a(lib_a-findfp.o)
                0x000000000001f8b8                __sfp_lock_release
 .text.__sinit_lock_acquire
                0x000000000001f8bc        0x4 /package/eda/altera/altera17.0/nios2eds/bin/gnu/H-x86_64-pc-linux-gnu/bin/../lib/gcc/nios2-elf/5.3.0/../../../../../H-x86_64-pc-linux-gnu/nios2-elf/lib/libc.a(lib_a-findfp.o)
                0x000000000001f8bc                __sinit_lock_acquire
 .text.__sinit_lock_release
                0x000000000001f8c0        0x4 /package/eda/altera/altera17.0/nios2eds/bin/gnu/H-x86_64-pc-linux-gnu/bin/../lib/gcc/nios2-elf/5.3.0/../../../../../H-x86_64-pc-linux-gnu/nios2-elf/lib/libc.a(lib_a-findfp.o)
                0x000000000001f8c0                __sinit_lock_release
 .text.__fp_lock_all
                0x000000000001f8c4       0x18 /package/eda/altera/altera17.0/nios2eds/bin/gnu/H-x86_64-pc-linux-gnu/bin/../lib/gcc/nios2-elf/5.3.0/../../../../../H-x86_64-pc-linux-gnu/nios2-elf/lib/libc.a(lib_a-findfp.o)
                0x000000000001f8c4                __fp_lock_all
 .text.__fp_unlock_all
                0x000000000001f8dc       0x18 /package/eda/altera/altera17.0/nios2eds/bin/gnu/H-x86_64-pc-linux-gnu/bin/../lib/gcc/nios2-elf/5.3.0/../../../../../H-x86_64-pc-linux-gnu/nios2-elf/lib/libc.a(lib_a-findfp.o)
                0x000000000001f8dc                __fp_unlock_all
 .text          0x000000000001f8f4        0x0 /package/eda/altera/altera17.0/nios2eds/bin/gnu/H-x86_64-pc-linux-gnu/bin/../lib/gcc/nios2-elf/5.3.0/../../../../../H-x86_64-pc-linux-gnu/nios2-elf/lib/libc.a(lib_a-fiprintf.o)
 .text._fiprintf_r
                0x000000000001f8f4       0x20 /package/eda/altera/altera17.0/nios2eds/bin/gnu/H-x86_64-pc-linux-gnu/bin/../lib/gcc/nios2-elf/5.3.0/../../../../../H-x86_64-pc-linux-gnu/nios2-elf/lib/libc.a(lib_a-fiprintf.o)
                0x000000000001f8f4                _fiprintf_r
 .text.fiprintf
                0x000000000001f914       0x3c /package/eda/altera/altera17.0/nios2eds/bin/gnu/H-x86_64-pc-linux-gnu/bin/../lib/gcc/nios2-elf/5.3.0/../../../../../H-x86_64-pc-linux-gnu/nios2-elf/lib/libc.a(lib_a-fiprintf.o)
                0x000000000001f914                fiprintf
 .text          0x000000000001f950        0x0 /package/eda/altera/altera17.0/nios2eds/bin/gnu/H-x86_64-pc-linux-gnu/bin/../lib/gcc/nios2-elf/5.3.0/../../../../../H-x86_64-pc-linux-gnu/nios2-elf/lib/libc.a(lib_a-fopen.o)
 .text._fopen_r
                0x000000000001f950       0xf4 /package/eda/altera/altera17.0/nios2eds/bin/gnu/H-x86_64-pc-linux-gnu/bin/../lib/gcc/nios2-elf/5.3.0/../../../../../H-x86_64-pc-linux-gnu/nios2-elf/lib/libc.a(lib_a-fopen.o)
                0x000000000001f950                _fopen_r
 .text.fopen    0x000000000001fa44       0x18 /package/eda/altera/altera17.0/nios2eds/bin/gnu/H-x86_64-pc-linux-gnu/bin/../lib/gcc/nios2-elf/5.3.0/../../../../../H-x86_64-pc-linux-gnu/nios2-elf/lib/libc.a(lib_a-fopen.o)
                0x000000000001fa44                fopen
 .text          0x000000000001fa5c        0x0 /package/eda/altera/altera17.0/nios2eds/bin/gnu/H-x86_64-pc-linux-gnu/bin/../lib/gcc/nios2-elf/5.3.0/../../../../../H-x86_64-pc-linux-gnu/nios2-elf/lib/libc.a(lib_a-fprintf.o)
 .text._fprintf_r
                0x000000000001fa5c       0x28 /package/eda/altera/altera17.0/nios2eds/bin/gnu/H-x86_64-pc-linux-gnu/bin/../lib/gcc/nios2-elf/5.3.0/../../../../../H-x86_64-pc-linux-gnu/nios2-elf/lib/libc.a(lib_a-fprintf.o)
                0x000000000001fa5c                _fprintf_r
 .text.fprintf  0x000000000001fa84       0x24 /package/eda/altera/altera17.0/nios2eds/bin/gnu/H-x86_64-pc-linux-gnu/bin/../lib/gcc/nios2-elf/5.3.0/../../../../../H-x86_64-pc-linux-gnu/nios2-elf/lib/libc.a(lib_a-fprintf.o)
                0x000000000001fa84                fprintf
 .text          0x000000000001faa8        0x0 /package/eda/altera/altera17.0/nios2eds/bin/gnu/H-x86_64-pc-linux-gnu/bin/../lib/gcc/nios2-elf/5.3.0/../../../../../H-x86_64-pc-linux-gnu/nios2-elf/lib/libc.a(lib_a-fputc.o)
 .text._fputc_r
                0x000000000001faa8       0x44 /package/eda/altera/altera17.0/nios2eds/bin/gnu/H-x86_64-pc-linux-gnu/bin/../lib/gcc/nios2-elf/5.3.0/../../../../../H-x86_64-pc-linux-gnu/nios2-elf/lib/libc.a(lib_a-fputc.o)
                0x000000000001faa8                _fputc_r
 .text.fputc    0x000000000001faec       0x5c /package/eda/altera/altera17.0/nios2eds/bin/gnu/H-x86_64-pc-linux-gnu/bin/../lib/gcc/nios2-elf/5.3.0/../../../../../H-x86_64-pc-linux-gnu/nios2-elf/lib/libc.a(lib_a-fputc.o)
                0x000000000001faec                fputc
 .text          0x000000000001fb48        0x0 /package/eda/altera/altera17.0/nios2eds/bin/gnu/H-x86_64-pc-linux-gnu/bin/../lib/gcc/nios2-elf/5.3.0/../../../../../H-x86_64-pc-linux-gnu/nios2-elf/lib/libc.a(lib_a-fputs.o)
 .text._fputs_r
                0x000000000001fb48       0x9c /package/eda/altera/altera17.0/nios2eds/bin/gnu/H-x86_64-pc-linux-gnu/bin/../lib/gcc/nios2-elf/5.3.0/../../../../../H-x86_64-pc-linux-gnu/nios2-elf/lib/libc.a(lib_a-fputs.o)
                0x000000000001fb48                _fputs_r
 .text.fputs    0x000000000001fbe4       0x18 /package/eda/altera/altera17.0/nios2eds/bin/gnu/H-x86_64-pc-linux-gnu/bin/../lib/gcc/nios2-elf/5.3.0/../../../../../H-x86_64-pc-linux-gnu/nios2-elf/lib/libc.a(lib_a-fputs.o)
                0x000000000001fbe4                fputs
 .text          0x000000000001fbfc        0x0 /package/eda/altera/altera17.0/nios2eds/bin/gnu/H-x86_64-pc-linux-gnu/bin/../lib/gcc/nios2-elf/5.3.0/../../../../../H-x86_64-pc-linux-gnu/nios2-elf/lib/libc.a(lib_a-fread.o)
 .text._fread_r
                0x000000000001fbfc      0x22c /package/eda/altera/altera17.0/nios2eds/bin/gnu/H-x86_64-pc-linux-gnu/bin/../lib/gcc/nios2-elf/5.3.0/../../../../../H-x86_64-pc-linux-gnu/nios2-elf/lib/libc.a(lib_a-fread.o)
                0x000000000001fbfc                _fread_r
 .text.fread    0x000000000001fe28       0x34 /package/eda/altera/altera17.0/nios2eds/bin/gnu/H-x86_64-pc-linux-gnu/bin/../lib/gcc/nios2-elf/5.3.0/../../../../../H-x86_64-pc-linux-gnu/nios2-elf/lib/libc.a(lib_a-fread.o)
                0x000000000001fe28                fread
 .text          0x000000000001fe5c        0x0 /package/eda/altera/altera17.0/nios2eds/bin/gnu/H-x86_64-pc-linux-gnu/bin/../lib/gcc/nios2-elf/5.3.0/../../../../../H-x86_64-pc-linux-gnu/nios2-elf/lib/libc.a(lib_a-freer.o)
 .text._malloc_trim_r
                0x000000000001fe5c      0x124 /package/eda/altera/altera17.0/nios2eds/bin/gnu/H-x86_64-pc-linux-gnu/bin/../lib/gcc/nios2-elf/5.3.0/../../../../../H-x86_64-pc-linux-gnu/nios2-elf/lib/libc.a(lib_a-freer.o)
                0x000000000001fe5c                _malloc_trim_r
 .text._free_r  0x000000000001ff80      0x310 /package/eda/altera/altera17.0/nios2eds/bin/gnu/H-x86_64-pc-linux-gnu/bin/../lib/gcc/nios2-elf/5.3.0/../../../../../H-x86_64-pc-linux-gnu/nios2-elf/lib/libc.a(lib_a-freer.o)
                0x000000000001ff80                _free_r
 .text          0x0000000000020290        0x0 /package/eda/altera/altera17.0/nios2eds/bin/gnu/H-x86_64-pc-linux-gnu/bin/../lib/gcc/nios2-elf/5.3.0/../../../../../H-x86_64-pc-linux-gnu/nios2-elf/lib/libc.a(lib_a-fseek.o)
 .text._fseek_r
                0x0000000000020290        0x4 /package/eda/altera/altera17.0/nios2eds/bin/gnu/H-x86_64-pc-linux-gnu/bin/../lib/gcc/nios2-elf/5.3.0/../../../../../H-x86_64-pc-linux-gnu/nios2-elf/lib/libc.a(lib_a-fseek.o)
                0x0000000000020290                _fseek_r
 .text.fseek    0x0000000000020294       0x1c /package/eda/altera/altera17.0/nios2eds/bin/gnu/H-x86_64-pc-linux-gnu/bin/../lib/gcc/nios2-elf/5.3.0/../../../../../H-x86_64-pc-linux-gnu/nios2-elf/lib/libc.a(lib_a-fseek.o)
                0x0000000000020294                fseek
 .text          0x00000000000202b0        0x0 /package/eda/altera/altera17.0/nios2eds/bin/gnu/H-x86_64-pc-linux-gnu/bin/../lib/gcc/nios2-elf/5.3.0/../../../../../H-x86_64-pc-linux-gnu/nios2-elf/lib/libc.a(lib_a-fseeko.o)
 .text._fseeko_r
                0x00000000000202b0      0x444 /package/eda/altera/altera17.0/nios2eds/bin/gnu/H-x86_64-pc-linux-gnu/bin/../lib/gcc/nios2-elf/5.3.0/../../../../../H-x86_64-pc-linux-gnu/nios2-elf/lib/libc.a(lib_a-fseeko.o)
                0x00000000000202b0                _fseeko_r
 .text.fseeko   0x00000000000206f4       0x1c /package/eda/altera/altera17.0/nios2eds/bin/gnu/H-x86_64-pc-linux-gnu/bin/../lib/gcc/nios2-elf/5.3.0/../../../../../H-x86_64-pc-linux-gnu/nios2-elf/lib/libc.a(lib_a-fseeko.o)
                0x00000000000206f4                fseeko
 .text          0x0000000000020710        0x0 /package/eda/altera/altera17.0/nios2eds/bin/gnu/H-x86_64-pc-linux-gnu/bin/../lib/gcc/nios2-elf/5.3.0/../../../../../H-x86_64-pc-linux-gnu/nios2-elf/lib/libc.a(lib_a-fstatr.o)
 .text._fstat_r
                0x0000000000020710       0x5c /package/eda/altera/altera17.0/nios2eds/bin/gnu/H-x86_64-pc-linux-gnu/bin/../lib/gcc/nios2-elf/5.3.0/../../../../../H-x86_64-pc-linux-gnu/nios2-elf/lib/libc.a(lib_a-fstatr.o)
                0x0000000000020710                _fstat_r
 .text          0x000000000002076c        0x0 /package/eda/altera/altera17.0/nios2eds/bin/gnu/H-x86_64-pc-linux-gnu/bin/../lib/gcc/nios2-elf/5.3.0/../../../../../H-x86_64-pc-linux-gnu/nios2-elf/lib/libc.a(lib_a-fvwrite.o)
 .text.__sfvwrite_r
                0x000000000002076c      0x4bc /package/eda/altera/altera17.0/nios2eds/bin/gnu/H-x86_64-pc-linux-gnu/bin/../lib/gcc/nios2-elf/5.3.0/../../../../../H-x86_64-pc-linux-gnu/nios2-elf/lib/libc.a(lib_a-fvwrite.o)
                0x000000000002076c                __sfvwrite_r
 .text          0x0000000000020c28        0x0 /package/eda/altera/altera17.0/nios2eds/bin/gnu/H-x86_64-pc-linux-gnu/bin/../lib/gcc/nios2-elf/5.3.0/../../../../../H-x86_64-pc-linux-gnu/nios2-elf/lib/libc.a(lib_a-fwalk.o)
 .text._fwalk   0x0000000000020c28       0xc4 /package/eda/altera/altera17.0/nios2eds/bin/gnu/H-x86_64-pc-linux-gnu/bin/../lib/gcc/nios2-elf/5.3.0/../../../../../H-x86_64-pc-linux-gnu/nios2-elf/lib/libc.a(lib_a-fwalk.o)
                0x0000000000020c28                _fwalk
 .text._fwalk_reent
                0x0000000000020cec       0xc4 /package/eda/altera/altera17.0/nios2eds/bin/gnu/H-x86_64-pc-linux-gnu/bin/../lib/gcc/nios2-elf/5.3.0/../../../../../H-x86_64-pc-linux-gnu/nios2-elf/lib/libc.a(lib_a-fwalk.o)
                0x0000000000020cec                _fwalk_reent
 .text          0x0000000000020db0        0x0 /package/eda/altera/altera17.0/nios2eds/bin/gnu/H-x86_64-pc-linux-gnu/bin/../lib/gcc/nios2-elf/5.3.0/../../../../../H-x86_64-pc-linux-gnu/nios2-elf/lib/libc.a(lib_a-fwrite.o)
 .text._fwrite_r
                0x0000000000020db0       0xcc /package/eda/altera/altera17.0/nios2eds/bin/gnu/H-x86_64-pc-linux-gnu/bin/../lib/gcc/nios2-elf/5.3.0/../../../../../H-x86_64-pc-linux-gnu/nios2-elf/lib/libc.a(lib_a-fwrite.o)
                0x0000000000020db0                _fwrite_r
 .text.fwrite   0x0000000000020e7c       0x34 /package/eda/altera/altera17.0/nios2eds/bin/gnu/H-x86_64-pc-linux-gnu/bin/../lib/gcc/nios2-elf/5.3.0/../../../../../H-x86_64-pc-linux-gnu/nios2-elf/lib/libc.a(lib_a-fwrite.o)
                0x0000000000020e7c                fwrite
 .text          0x0000000000020eb0        0x0 /package/eda/altera/altera17.0/nios2eds/bin/gnu/H-x86_64-pc-linux-gnu/bin/../lib/gcc/nios2-elf/5.3.0/../../../../../H-x86_64-pc-linux-gnu/nios2-elf/lib/libc.a(lib_a-impure.o)
 .text          0x0000000000020eb0        0x0 /package/eda/altera/altera17.0/nios2eds/bin/gnu/H-x86_64-pc-linux-gnu/bin/../lib/gcc/nios2-elf/5.3.0/../../../../../H-x86_64-pc-linux-gnu/nios2-elf/lib/libc.a(lib_a-int_errno.o)
 .text          0x0000000000020eb0        0x0 /package/eda/altera/altera17.0/nios2eds/bin/gnu/H-x86_64-pc-linux-gnu/bin/../lib/gcc/nios2-elf/5.3.0/../../../../../H-x86_64-pc-linux-gnu/nios2-elf/lib/libc.a(lib_a-makebuf.o)
 .text.__smakebuf_r
                0x0000000000020eb0      0x1bc /package/eda/altera/altera17.0/nios2eds/bin/gnu/H-x86_64-pc-linux-gnu/bin/../lib/gcc/nios2-elf/5.3.0/../../../../../H-x86_64-pc-linux-gnu/nios2-elf/lib/libc.a(lib_a-makebuf.o)
                0x0000000000020eb0                __smakebuf_r
 .text          0x000000000002106c        0x0 /package/eda/altera/altera17.0/nios2eds/bin/gnu/H-x86_64-pc-linux-gnu/bin/../lib/gcc/nios2-elf/5.3.0/../../../../../H-x86_64-pc-linux-gnu/nios2-elf/lib/libc.a(lib_a-malloc.o)
 .text.malloc   0x000000000002106c       0x14 /package/eda/altera/altera17.0/nios2eds/bin/gnu/H-x86_64-pc-linux-gnu/bin/../lib/gcc/nios2-elf/5.3.0/../../../../../H-x86_64-pc-linux-gnu/nios2-elf/lib/libc.a(lib_a-malloc.o)
                0x000000000002106c                malloc
 .text.free     0x0000000000021080       0x14 /package/eda/altera/altera17.0/nios2eds/bin/gnu/H-x86_64-pc-linux-gnu/bin/../lib/gcc/nios2-elf/5.3.0/../../../../../H-x86_64-pc-linux-gnu/nios2-elf/lib/libc.a(lib_a-malloc.o)
                0x0000000000021080                free
 .text          0x0000000000021094        0x0 /package/eda/altera/altera17.0/nios2eds/bin/gnu/H-x86_64-pc-linux-gnu/bin/../lib/gcc/nios2-elf/5.3.0/../../../../../H-x86_64-pc-linux-gnu/nios2-elf/lib/libc.a(lib_a-mallocr.o)
 .text._malloc_r
                0x0000000000021094      0x80c /package/eda/altera/altera17.0/nios2eds/bin/gnu/H-x86_64-pc-linux-gnu/bin/../lib/gcc/nios2-elf/5.3.0/../../../../../H-x86_64-pc-linux-gnu/nios2-elf/lib/libc.a(lib_a-mallocr.o)
                0x0000000000021094                _malloc_r
 .text          0x00000000000218a0        0x0 /package/eda/altera/altera17.0/nios2eds/bin/gnu/H-x86_64-pc-linux-gnu/bin/../lib/gcc/nios2-elf/5.3.0/../../../../../H-x86_64-pc-linux-gnu/nios2-elf/lib/libc.a(lib_a-memchr.o)
 .text.memchr   0x00000000000218a0       0xe4 /package/eda/altera/altera17.0/nios2eds/bin/gnu/H-x86_64-pc-linux-gnu/bin/../lib/gcc/nios2-elf/5.3.0/../../../../../H-x86_64-pc-linux-gnu/nios2-elf/lib/libc.a(lib_a-memchr.o)
                0x00000000000218a0                memchr
 .text          0x0000000000021984        0x0 /package/eda/altera/altera17.0/nios2eds/bin/gnu/H-x86_64-pc-linux-gnu/bin/../lib/gcc/nios2-elf/5.3.0/../../../../../H-x86_64-pc-linux-gnu/nios2-elf/lib/libc.a(lib_a-memcpy.o)
 .text.memcpy   0x0000000000021984      0x148 /package/eda/altera/altera17.0/nios2eds/bin/gnu/H-x86_64-pc-linux-gnu/bin/../lib/gcc/nios2-elf/5.3.0/../../../../../H-x86_64-pc-linux-gnu/nios2-elf/lib/libc.a(lib_a-memcpy.o)
                0x0000000000021984                memcpy
 .text          0x0000000000021acc        0x0 /package/eda/altera/altera17.0/nios2eds/bin/gnu/H-x86_64-pc-linux-gnu/bin/../lib/gcc/nios2-elf/5.3.0/../../../../../H-x86_64-pc-linux-gnu/nios2-elf/lib/libc.a(lib_a-memmove.o)
 .text.memmove  0x0000000000021acc      0x15c /package/eda/altera/altera17.0/nios2eds/bin/gnu/H-x86_64-pc-linux-gnu/bin/../lib/gcc/nios2-elf/5.3.0/../../../../../H-x86_64-pc-linux-gnu/nios2-elf/lib/libc.a(lib_a-memmove.o)
                0x0000000000021acc                memmove
 .text          0x0000000000021c28        0x0 /package/eda/altera/altera17.0/nios2eds/bin/gnu/H-x86_64-pc-linux-gnu/bin/../lib/gcc/nios2-elf/5.3.0/../../../../../H-x86_64-pc-linux-gnu/nios2-elf/lib/libc.a(lib_a-memset.o)
 .text.memset   0x0000000000021c28      0x128 /package/eda/altera/altera17.0/nios2eds/bin/gnu/H-x86_64-pc-linux-gnu/bin/../lib/gcc/nios2-elf/5.3.0/../../../../../H-x86_64-pc-linux-gnu/nios2-elf/lib/libc.a(lib_a-memset.o)
                0x0000000000021c28                memset
 .text          0x0000000000021d50        0x0 /package/eda/altera/altera17.0/nios2eds/bin/gnu/H-x86_64-pc-linux-gnu/bin/../lib/gcc/nios2-elf/5.3.0/../../../../../H-x86_64-pc-linux-gnu/nios2-elf/lib/libc.a(lib_a-openr.o)
 .text._open_r  0x0000000000021d50       0x60 /package/eda/altera/altera17.0/nios2eds/bin/gnu/H-x86_64-pc-linux-gnu/bin/../lib/gcc/nios2-elf/5.3.0/../../../../../H-x86_64-pc-linux-gnu/nios2-elf/lib/libc.a(lib_a-openr.o)
                0x0000000000021d50                _open_r
 .text          0x0000000000021db0        0x0 /package/eda/altera/altera17.0/nios2eds/bin/gnu/H-x86_64-pc-linux-gnu/bin/../lib/gcc/nios2-elf/5.3.0/../../../../../H-x86_64-pc-linux-gnu/nios2-elf/lib/libc.a(lib_a-printf.o)
 .text._printf_r
                0x0000000000021db0       0x30 /package/eda/altera/altera17.0/nios2eds/bin/gnu/H-x86_64-pc-linux-gnu/bin/../lib/gcc/nios2-elf/5.3.0/../../../../../H-x86_64-pc-linux-gnu/nios2-elf/lib/libc.a(lib_a-printf.o)
                0x0000000000021db0                _printf_r
 .text.printf   0x0000000000021de0       0x3c /package/eda/altera/altera17.0/nios2eds/bin/gnu/H-x86_64-pc-linux-gnu/bin/../lib/gcc/nios2-elf/5.3.0/../../../../../H-x86_64-pc-linux-gnu/nios2-elf/lib/libc.a(lib_a-printf.o)
                0x0000000000021de0                printf
 .text          0x0000000000021e1c        0x0 /package/eda/altera/altera17.0/nios2eds/bin/gnu/H-x86_64-pc-linux-gnu/bin/../lib/gcc/nios2-elf/5.3.0/../../../../../H-x86_64-pc-linux-gnu/nios2-elf/lib/libc.a(lib_a-putc.o)
 .text._putc_r  0x0000000000021e1c       0xa0 /package/eda/altera/altera17.0/nios2eds/bin/gnu/H-x86_64-pc-linux-gnu/bin/../lib/gcc/nios2-elf/5.3.0/../../../../../H-x86_64-pc-linux-gnu/nios2-elf/lib/libc.a(lib_a-putc.o)
                0x0000000000021e1c                _putc_r
 .text.putc     0x0000000000021ebc       0xc8 /package/eda/altera/altera17.0/nios2eds/bin/gnu/H-x86_64-pc-linux-gnu/bin/../lib/gcc/nios2-elf/5.3.0/../../../../../H-x86_64-pc-linux-gnu/nios2-elf/lib/libc.a(lib_a-putc.o)
                0x0000000000021ebc                putc
 .text          0x0000000000021f84        0x0 /package/eda/altera/altera17.0/nios2eds/bin/gnu/H-x86_64-pc-linux-gnu/bin/../lib/gcc/nios2-elf/5.3.0/../../../../../H-x86_64-pc-linux-gnu/nios2-elf/lib/libc.a(lib_a-realloc.o)
 .text.realloc  0x0000000000021f84       0x18 /package/eda/altera/altera17.0/nios2eds/bin/gnu/H-x86_64-pc-linux-gnu/bin/../lib/gcc/nios2-elf/5.3.0/../../../../../H-x86_64-pc-linux-gnu/nios2-elf/lib/libc.a(lib_a-realloc.o)
                0x0000000000021f84                realloc
 .text          0x0000000000021f9c        0x0 /package/eda/altera/altera17.0/nios2eds/bin/gnu/H-x86_64-pc-linux-gnu/bin/../lib/gcc/nios2-elf/5.3.0/../../../../../H-x86_64-pc-linux-gnu/nios2-elf/lib/libc.a(lib_a-reallocr.o)
 .text._realloc_r
                0x0000000000021f9c      0x564 /package/eda/altera/altera17.0/nios2eds/bin/gnu/H-x86_64-pc-linux-gnu/bin/../lib/gcc/nios2-elf/5.3.0/../../../../../H-x86_64-pc-linux-gnu/nios2-elf/lib/libc.a(lib_a-reallocr.o)
                0x0000000000021f9c                _realloc_r
 .text          0x0000000000022500        0x0 /package/eda/altera/altera17.0/nios2eds/bin/gnu/H-x86_64-pc-linux-gnu/bin/../lib/gcc/nios2-elf/5.3.0/../../../../../H-x86_64-pc-linux-gnu/nios2-elf/lib/libc.a(lib_a-refill.o)
 .text.lflush   0x0000000000022500       0x1c /package/eda/altera/altera17.0/nios2eds/bin/gnu/H-x86_64-pc-linux-gnu/bin/../lib/gcc/nios2-elf/5.3.0/../../../../../H-x86_64-pc-linux-gnu/nios2-elf/lib/libc.a(lib_a-refill.o)
 .text.__srefill_r
                0x000000000002251c      0x1d4 /package/eda/altera/altera17.0/nios2eds/bin/gnu/H-x86_64-pc-linux-gnu/bin/../lib/gcc/nios2-elf/5.3.0/../../../../../H-x86_64-pc-linux-gnu/nios2-elf/lib/libc.a(lib_a-refill.o)
                0x000000000002251c                __srefill_r
 .text          0x00000000000226f0        0x0 /package/eda/altera/altera17.0/nios2eds/bin/gnu/H-x86_64-pc-linux-gnu/bin/../lib/gcc/nios2-elf/5.3.0/../../../../../H-x86_64-pc-linux-gnu/nios2-elf/lib/libc.a(lib_a-sbrkr.o)
 .text._sbrk_r  0x00000000000226f0       0x54 /package/eda/altera/altera17.0/nios2eds/bin/gnu/H-x86_64-pc-linux-gnu/bin/../lib/gcc/nios2-elf/5.3.0/../../../../../H-x86_64-pc-linux-gnu/nios2-elf/lib/libc.a(lib_a-sbrkr.o)
                0x00000000000226f0                _sbrk_r
 .text          0x0000000000022744        0x0 /package/eda/altera/altera17.0/nios2eds/bin/gnu/H-x86_64-pc-linux-gnu/bin/../lib/gcc/nios2-elf/5.3.0/../../../../../H-x86_64-pc-linux-gnu/nios2-elf/lib/libc.a(lib_a-signal.o)
 .text._init_signal_r
                0x0000000000022744       0x6c /package/eda/altera/altera17.0/nios2eds/bin/gnu/H-x86_64-pc-linux-gnu/bin/../lib/gcc/nios2-elf/5.3.0/../../../../../H-x86_64-pc-linux-gnu/nios2-elf/lib/libc.a(lib_a-signal.o)
                0x0000000000022744                _init_signal_r
 .text._signal_r
                0x00000000000227b0       0x84 /package/eda/altera/altera17.0/nios2eds/bin/gnu/H-x86_64-pc-linux-gnu/bin/../lib/gcc/nios2-elf/5.3.0/../../../../../H-x86_64-pc-linux-gnu/nios2-elf/lib/libc.a(lib_a-signal.o)
                0x00000000000227b0                _signal_r
 .text._raise_r
                0x0000000000022834       0xbc /package/eda/altera/altera17.0/nios2eds/bin/gnu/H-x86_64-pc-linux-gnu/bin/../lib/gcc/nios2-elf/5.3.0/../../../../../H-x86_64-pc-linux-gnu/nios2-elf/lib/libc.a(lib_a-signal.o)
                0x0000000000022834                _raise_r
 .text.__sigtramp_r
                0x00000000000228f0       0xa8 /package/eda/altera/altera17.0/nios2eds/bin/gnu/H-x86_64-pc-linux-gnu/bin/../lib/gcc/nios2-elf/5.3.0/../../../../../H-x86_64-pc-linux-gnu/nios2-elf/lib/libc.a(lib_a-signal.o)
                0x00000000000228f0                __sigtramp_r
 .text.raise    0x0000000000022998       0x14 /package/eda/altera/altera17.0/nios2eds/bin/gnu/H-x86_64-pc-linux-gnu/bin/../lib/gcc/nios2-elf/5.3.0/../../../../../H-x86_64-pc-linux-gnu/nios2-elf/lib/libc.a(lib_a-signal.o)
                0x0000000000022998                raise
 .text.signal   0x00000000000229ac       0x18 /package/eda/altera/altera17.0/nios2eds/bin/gnu/H-x86_64-pc-linux-gnu/bin/../lib/gcc/nios2-elf/5.3.0/../../../../../H-x86_64-pc-linux-gnu/nios2-elf/lib/libc.a(lib_a-signal.o)
                0x00000000000229ac                signal
 .text._init_signal
                0x00000000000229c4       0x10 /package/eda/altera/altera17.0/nios2eds/bin/gnu/H-x86_64-pc-linux-gnu/bin/../lib/gcc/nios2-elf/5.3.0/../../../../../H-x86_64-pc-linux-gnu/nios2-elf/lib/libc.a(lib_a-signal.o)
                0x00000000000229c4                _init_signal
 .text.__sigtramp
                0x00000000000229d4       0x14 /package/eda/altera/altera17.0/nios2eds/bin/gnu/H-x86_64-pc-linux-gnu/bin/../lib/gcc/nios2-elf/5.3.0/../../../../../H-x86_64-pc-linux-gnu/nios2-elf/lib/libc.a(lib_a-signal.o)
                0x00000000000229d4                __sigtramp
 .text          0x00000000000229e8        0x0 /package/eda/altera/altera17.0/nios2eds/bin/gnu/H-x86_64-pc-linux-gnu/bin/../lib/gcc/nios2-elf/5.3.0/../../../../../H-x86_64-pc-linux-gnu/nios2-elf/lib/libc.a(lib_a-signalr.o)
 .text._kill_r  0x00000000000229e8       0x5c /package/eda/altera/altera17.0/nios2eds/bin/gnu/H-x86_64-pc-linux-gnu/bin/../lib/gcc/nios2-elf/5.3.0/../../../../../H-x86_64-pc-linux-gnu/nios2-elf/lib/libc.a(lib_a-signalr.o)
                0x00000000000229e8                _kill_r
 .text._getpid_r
                0x0000000000022a44        0x4 /package/eda/altera/altera17.0/nios2eds/bin/gnu/H-x86_64-pc-linux-gnu/bin/../lib/gcc/nios2-elf/5.3.0/../../../../../H-x86_64-pc-linux-gnu/nios2-elf/lib/libc.a(lib_a-signalr.o)
                0x0000000000022a44                _getpid_r
 .text          0x0000000000022a48        0x0 /package/eda/altera/altera17.0/nios2eds/bin/gnu/H-x86_64-pc-linux-gnu/bin/../lib/gcc/nios2-elf/5.3.0/../../../../../H-x86_64-pc-linux-gnu/nios2-elf/lib/libc.a(lib_a-stdio.o)
 .text.__sread  0x0000000000022a48       0x54 /package/eda/altera/altera17.0/nios2eds/bin/gnu/H-x86_64-pc-linux-gnu/bin/../lib/gcc/nios2-elf/5.3.0/../../../../../H-x86_64-pc-linux-gnu/nios2-elf/lib/libc.a(lib_a-stdio.o)
                0x0000000000022a48                __sread
 .text.__seofread
                0x0000000000022a9c        0x8 /package/eda/altera/altera17.0/nios2eds/bin/gnu/H-x86_64-pc-linux-gnu/bin/../lib/gcc/nios2-elf/5.3.0/../../../../../H-x86_64-pc-linux-gnu/nios2-elf/lib/libc.a(lib_a-stdio.o)
                0x0000000000022a9c                __seofread
 .text.__swrite
                0x0000000000022aa4       0x7c /package/eda/altera/altera17.0/nios2eds/bin/gnu/H-x86_64-pc-linux-gnu/bin/../lib/gcc/nios2-elf/5.3.0/../../../../../H-x86_64-pc-linux-gnu/nios2-elf/lib/libc.a(lib_a-stdio.o)
                0x0000000000022aa4                __swrite
 .text.__sseek  0x0000000000022b20       0x5c /package/eda/altera/altera17.0/nios2eds/bin/gnu/H-x86_64-pc-linux-gnu/bin/../lib/gcc/nios2-elf/5.3.0/../../../../../H-x86_64-pc-linux-gnu/nios2-elf/lib/libc.a(lib_a-stdio.o)
                0x0000000000022b20                __sseek
 .text.__sclose
                0x0000000000022b7c        0x8 /package/eda/altera/altera17.0/nios2eds/bin/gnu/H-x86_64-pc-linux-gnu/bin/../lib/gcc/nios2-elf/5.3.0/../../../../../H-x86_64-pc-linux-gnu/nios2-elf/lib/libc.a(lib_a-stdio.o)
                0x0000000000022b7c                __sclose
 .text          0x0000000000022b84        0x0 /package/eda/altera/altera17.0/nios2eds/bin/gnu/H-x86_64-pc-linux-gnu/bin/../lib/gcc/nios2-elf/5.3.0/../../../../../H-x86_64-pc-linux-gnu/nios2-elf/lib/libc.a(lib_a-strcmp.o)
 .text.strcmp   0x0000000000022b84       0xdc /package/eda/altera/altera17.0/nios2eds/bin/gnu/H-x86_64-pc-linux-gnu/bin/../lib/gcc/nios2-elf/5.3.0/../../../../../H-x86_64-pc-linux-gnu/nios2-elf/lib/libc.a(lib_a-strcmp.o)
                0x0000000000022b84                strcmp
 .text          0x0000000000022c60        0x0 /package/eda/altera/altera17.0/nios2eds/bin/gnu/H-x86_64-pc-linux-gnu/bin/../lib/gcc/nios2-elf/5.3.0/../../../../../H-x86_64-pc-linux-gnu/nios2-elf/lib/libc.a(lib_a-strdup.o)
 .text.strdup   0x0000000000022c60       0x14 /package/eda/altera/altera17.0/nios2eds/bin/gnu/H-x86_64-pc-linux-gnu/bin/../lib/gcc/nios2-elf/5.3.0/../../../../../H-x86_64-pc-linux-gnu/nios2-elf/lib/libc.a(lib_a-strdup.o)
                0x0000000000022c60                strdup
 .text          0x0000000000022c74        0x0 /package/eda/altera/altera17.0/nios2eds/bin/gnu/H-x86_64-pc-linux-gnu/bin/../lib/gcc/nios2-elf/5.3.0/../../../../../H-x86_64-pc-linux-gnu/nios2-elf/lib/libc.a(lib_a-strdup_r.o)
 .text._strdup_r
                0x0000000000022c74       0x68 /package/eda/altera/altera17.0/nios2eds/bin/gnu/H-x86_64-pc-linux-gnu/bin/../lib/gcc/nios2-elf/5.3.0/../../../../../H-x86_64-pc-linux-gnu/nios2-elf/lib/libc.a(lib_a-strdup_r.o)
                0x0000000000022c74                _strdup_r
 .text          0x0000000000022cdc        0x0 /package/eda/altera/altera17.0/nios2eds/bin/gnu/H-x86_64-pc-linux-gnu/bin/../lib/gcc/nios2-elf/5.3.0/../../../../../H-x86_64-pc-linux-gnu/nios2-elf/lib/libc.a(lib_a-strlen.o)
 .text.strlen   0x0000000000022cdc       0x98 /package/eda/altera/altera17.0/nios2eds/bin/gnu/H-x86_64-pc-linux-gnu/bin/../lib/gcc/nios2-elf/5.3.0/../../../../../H-x86_64-pc-linux-gnu/nios2-elf/lib/libc.a(lib_a-strlen.o)
                0x0000000000022cdc                strlen
 .text          0x0000000000022d74        0x0 /package/eda/altera/altera17.0/nios2eds/bin/gnu/H-x86_64-pc-linux-gnu/bin/../lib/gcc/nios2-elf/5.3.0/../../../../../H-x86_64-pc-linux-gnu/nios2-elf/lib/libc.a(lib_a-strncmp.o)
 .text.strncmp  0x0000000000022d74       0xd0 /package/eda/altera/altera17.0/nios2eds/bin/gnu/H-x86_64-pc-linux-gnu/bin/../lib/gcc/nios2-elf/5.3.0/../../../../../H-x86_64-pc-linux-gnu/nios2-elf/lib/libc.a(lib_a-strncmp.o)
                0x0000000000022d74                strncmp
 .text          0x0000000000022e44        0x0 /package/eda/altera/altera17.0/nios2eds/bin/gnu/H-x86_64-pc-linux-gnu/bin/../lib/gcc/nios2-elf/5.3.0/../../../../../H-x86_64-pc-linux-gnu/nios2-elf/lib/libc.a(lib_a-strtod.o)
 .text.sulp     0x0000000000022e44       0x64 /package/eda/altera/altera17.0/nios2eds/bin/gnu/H-x86_64-pc-linux-gnu/bin/../lib/gcc/nios2-elf/5.3.0/../../../../../H-x86_64-pc-linux-gnu/nios2-elf/lib/libc.a(lib_a-strtod.o)
 .text._strtod_r
                0x0000000000022ea8     0x15f8 /package/eda/altera/altera17.0/nios2eds/bin/gnu/H-x86_64-pc-linux-gnu/bin/../lib/gcc/nios2-elf/5.3.0/../../../../../H-x86_64-pc-linux-gnu/nios2-elf/lib/libc.a(lib_a-strtod.o)
                0x0000000000022ea8                _strtod_r
 .text.strtod   0x00000000000244a0       0x18 /package/eda/altera/altera17.0/nios2eds/bin/gnu/H-x86_64-pc-linux-gnu/bin/../lib/gcc/nios2-elf/5.3.0/../../../../../H-x86_64-pc-linux-gnu/nios2-elf/lib/libc.a(lib_a-strtod.o)
                0x00000000000244a0                strtod
 .text.strtof   0x00000000000244b8      0x100 /package/eda/altera/altera17.0/nios2eds/bin/gnu/H-x86_64-pc-linux-gnu/bin/../lib/gcc/nios2-elf/5.3.0/../../../../../H-x86_64-pc-linux-gnu/nios2-elf/lib/libc.a(lib_a-strtod.o)
                0x00000000000244b8                strtof
 .text          0x00000000000245b8        0x0 /package/eda/altera/altera17.0/nios2eds/bin/gnu/H-x86_64-pc-linux-gnu/bin/../lib/gcc/nios2-elf/5.3.0/../../../../../H-x86_64-pc-linux-gnu/nios2-elf/lib/libc.a(lib_a-vfiprintfr_1.o)
 .text._vfiprintf_r
                0x00000000000245b8       0x18 /package/eda/altera/altera17.0/nios2eds/bin/gnu/H-x86_64-pc-linux-gnu/bin/../lib/gcc/nios2-elf/5.3.0/../../../../../H-x86_64-pc-linux-gnu/nios2-elf/lib/libc.a(lib_a-vfiprintfr_1.o)
                0x00000000000245b8                _vfiprintf_r
 .text          0x00000000000245d0        0x0 /package/eda/altera/altera17.0/nios2eds/bin/gnu/H-x86_64-pc-linux-gnu/bin/../lib/gcc/nios2-elf/5.3.0/../../../../../H-x86_64-pc-linux-gnu/nios2-elf/lib/libc.a(lib_a-vfprintf.o)
 .text.___vfprintf_internal_r
                0x00000000000245d0     0x21f8 /package/eda/altera/altera17.0/nios2eds/bin/gnu/H-x86_64-pc-linux-gnu/bin/../lib/gcc/nios2-elf/5.3.0/../../../../../H-x86_64-pc-linux-gnu/nios2-elf/lib/libc.a(lib_a-vfprintf.o)
                0x00000000000245d0                ___vfprintf_internal_r
 .text.__vfprintf_internal
                0x00000000000267c8       0x1c /package/eda/altera/altera17.0/nios2eds/bin/gnu/H-x86_64-pc-linux-gnu/bin/../lib/gcc/nios2-elf/5.3.0/../../../../../H-x86_64-pc-linux-gnu/nios2-elf/lib/libc.a(lib_a-vfprintf.o)
                0x00000000000267c8                __vfprintf_internal
 .text.__sbprintf
                0x00000000000267e4       0xbc /package/eda/altera/altera17.0/nios2eds/bin/gnu/H-x86_64-pc-linux-gnu/bin/../lib/gcc/nios2-elf/5.3.0/../../../../../H-x86_64-pc-linux-gnu/nios2-elf/lib/libc.a(lib_a-vfprintf.o)
 .text          0x00000000000268a0        0x0 /package/eda/altera/altera17.0/nios2eds/bin/gnu/H-x86_64-pc-linux-gnu/bin/../lib/gcc/nios2-elf/5.3.0/../../../../../H-x86_64-pc-linux-gnu/nios2-elf/lib/libc.a(lib_a-wbuf.o)
 .text.__swbuf_r
                0x00000000000268a0      0x140 /package/eda/altera/altera17.0/nios2eds/bin/gnu/H-x86_64-pc-linux-gnu/bin/../lib/gcc/nios2-elf/5.3.0/../../../../../H-x86_64-pc-linux-gnu/nios2-elf/lib/libc.a(lib_a-wbuf.o)
                0x00000000000268a0                __swbuf_r
 .text.__swbuf  0x00000000000269e0       0x18 /package/eda/altera/altera17.0/nios2eds/bin/gnu/H-x86_64-pc-linux-gnu/bin/../lib/gcc/nios2-elf/5.3.0/../../../../../H-x86_64-pc-linux-gnu/nios2-elf/lib/libc.a(lib_a-wbuf.o)
                0x00000000000269e0                __swbuf
 .text          0x00000000000269f8        0x0 /package/eda/altera/altera17.0/nios2eds/bin/gnu/H-x86_64-pc-linux-gnu/bin/../lib/gcc/nios2-elf/5.3.0/../../../../../H-x86_64-pc-linux-gnu/nios2-elf/lib/libc.a(lib_a-writer.o)
 .text._write_r
                0x00000000000269f8       0x60 /package/eda/altera/altera17.0/nios2eds/bin/gnu/H-x86_64-pc-linux-gnu/bin/../lib/gcc/nios2-elf/5.3.0/../../../../../H-x86_64-pc-linux-gnu/nios2-elf/lib/libc.a(lib_a-writer.o)
                0x00000000000269f8                _write_r
 .text          0x0000000000026a58        0x0 /package/eda/altera/altera17.0/nios2eds/bin/gnu/H-x86_64-pc-linux-gnu/bin/../lib/gcc/nios2-elf/5.3.0/../../../../../H-x86_64-pc-linux-gnu/nios2-elf/lib/libc.a(lib_a-wsetup.o)
 .text.__swsetup_r
                0x0000000000026a58      0x154 /package/eda/altera/altera17.0/nios2eds/bin/gnu/H-x86_64-pc-linux-gnu/bin/../lib/gcc/nios2-elf/5.3.0/../../../../../H-x86_64-pc-linux-gnu/nios2-elf/lib/libc.a(lib_a-wsetup.o)
                0x0000000000026a58                __swsetup_r
 .text          0x0000000000026bac        0x0 /package/eda/altera/altera17.0/nios2eds/bin/gnu/H-x86_64-pc-linux-gnu/bin/../lib/gcc/nios2-elf/5.3.0/../../../../../H-x86_64-pc-linux-gnu/nios2-elf/lib/libc.a(closer.o)
 .text._close_r
                0x0000000000026bac       0x54 /package/eda/altera/altera17.0/nios2eds/bin/gnu/H-x86_64-pc-linux-gnu/bin/../lib/gcc/nios2-elf/5.3.0/../../../../../H-x86_64-pc-linux-gnu/nios2-elf/lib/libc.a(closer.o)
                0x0000000000026bac                _close_r
 .text          0x0000000000026c00        0x0 /package/eda/altera/altera17.0/nios2eds/bin/gnu/H-x86_64-pc-linux-gnu/bin/../lib/gcc/nios2-elf/5.3.0/../../../../../H-x86_64-pc-linux-gnu/nios2-elf/lib/libc.a(lib_a-__call_atexit.o)
 .text.__call_exitprocs
                0x0000000000026c00      0x180 /package/eda/altera/altera17.0/nios2eds/bin/gnu/H-x86_64-pc-linux-gnu/bin/../lib/gcc/nios2-elf/5.3.0/../../../../../H-x86_64-pc-linux-gnu/nios2-elf/lib/libc.a(lib_a-__call_atexit.o)
                0x0000000000026c00                __call_exitprocs
 .text          0x0000000000026d80        0x0 /package/eda/altera/altera17.0/nios2eds/bin/gnu/H-x86_64-pc-linux-gnu/bin/../lib/gcc/nios2-elf/5.3.0/../../../../../H-x86_64-pc-linux-gnu/nios2-elf/lib/libc.a(lib_a-dtoa.o)
 .text.quorem   0x0000000000026d80      0x200 /package/eda/altera/altera17.0/nios2eds/bin/gnu/H-x86_64-pc-linux-gnu/bin/../lib/gcc/nios2-elf/5.3.0/../../../../../H-x86_64-pc-linux-gnu/nios2-elf/lib/libc.a(lib_a-dtoa.o)
 .text._dtoa_r  0x0000000000026f80     0x1688 /package/eda/altera/altera17.0/nios2eds/bin/gnu/H-x86_64-pc-linux-gnu/bin/../lib/gcc/nios2-elf/5.3.0/../../../../../H-x86_64-pc-linux-gnu/nios2-elf/lib/libc.a(lib_a-dtoa.o)
                0x0000000000026f80                _dtoa_r
 .text          0x0000000000028608        0x0 /package/eda/altera/altera17.0/nios2eds/bin/gnu/H-x86_64-pc-linux-gnu/bin/../lib/gcc/nios2-elf/5.3.0/../../../../../H-x86_64-pc-linux-gnu/nios2-elf/lib/libc.a(lib_a-flags.o)
 .text.__sflags
                0x0000000000028608       0xac /package/eda/altera/altera17.0/nios2eds/bin/gnu/H-x86_64-pc-linux-gnu/bin/../lib/gcc/nios2-elf/5.3.0/../../../../../H-x86_64-pc-linux-gnu/nios2-elf/lib/libc.a(lib_a-flags.o)
                0x0000000000028608                __sflags
 .text          0x00000000000286b4        0x0 /package/eda/altera/altera17.0/nios2eds/bin/gnu/H-x86_64-pc-linux-gnu/bin/../lib/gcc/nios2-elf/5.3.0/../../../../../H-x86_64-pc-linux-gnu/nios2-elf/lib/libc.a(lib_a-gdtoa-gethex.o)
 .text.rshift   0x00000000000286b4      0x100 /package/eda/altera/altera17.0/nios2eds/bin/gnu/H-x86_64-pc-linux-gnu/bin/../lib/gcc/nios2-elf/5.3.0/../../../../../H-x86_64-pc-linux-gnu/nios2-elf/lib/libc.a(lib_a-gdtoa-gethex.o)
 .text.__gethex
                0x00000000000287b4      0x830 /package/eda/altera/altera17.0/nios2eds/bin/gnu/H-x86_64-pc-linux-gnu/bin/../lib/gcc/nios2-elf/5.3.0/../../../../../H-x86_64-pc-linux-gnu/nios2-elf/lib/libc.a(lib_a-gdtoa-gethex.o)
                0x00000000000287b4                __gethex
 .text          0x0000000000028fe4        0x0 /package/eda/altera/altera17.0/nios2eds/bin/gnu/H-x86_64-pc-linux-gnu/bin/../lib/gcc/nios2-elf/5.3.0/../../../../../H-x86_64-pc-linux-gnu/nios2-elf/lib/libc.a(lib_a-gdtoa-hexnan.o)
 .text.__hexnan
                0x0000000000028fe4      0x25c /package/eda/altera/altera17.0/nios2eds/bin/gnu/H-x86_64-pc-linux-gnu/bin/../lib/gcc/nios2-elf/5.3.0/../../../../../H-x86_64-pc-linux-gnu/nios2-elf/lib/libc.a(lib_a-gdtoa-hexnan.o)
                0x0000000000028fe4                __hexnan
 .text          0x0000000000029240        0x0 /package/eda/altera/altera17.0/nios2eds/bin/gnu/H-x86_64-pc-linux-gnu/bin/../lib/gcc/nios2-elf/5.3.0/../../../../../H-x86_64-pc-linux-gnu/nios2-elf/lib/libc.a(lib_a-isattyr.o)
 .text._isatty_r
                0x0000000000029240       0x54 /package/eda/altera/altera17.0/nios2eds/bin/gnu/H-x86_64-pc-linux-gnu/bin/../lib/gcc/nios2-elf/5.3.0/../../../../../H-x86_64-pc-linux-gnu/nios2-elf/lib/libc.a(lib_a-isattyr.o)
                0x0000000000029240                _isatty_r
 .text          0x0000000000029294        0x0 /package/eda/altera/altera17.0/nios2eds/bin/gnu/H-x86_64-pc-linux-gnu/bin/../lib/gcc/nios2-elf/5.3.0/../../../../../H-x86_64-pc-linux-gnu/nios2-elf/lib/libc.a(lib_a-locale.o)
 .text._setlocale_r
                0x0000000000029294       0x7c /package/eda/altera/altera17.0/nios2eds/bin/gnu/H-x86_64-pc-linux-gnu/bin/../lib/gcc/nios2-elf/5.3.0/../../../../../H-x86_64-pc-linux-gnu/nios2-elf/lib/libc.a(lib_a-locale.o)
                0x0000000000029294                _setlocale_r
 .text.__locale_charset
                0x0000000000029310        0xc /package/eda/altera/altera17.0/nios2eds/bin/gnu/H-x86_64-pc-linux-gnu/bin/../lib/gcc/nios2-elf/5.3.0/../../../../../H-x86_64-pc-linux-gnu/nios2-elf/lib/libc.a(lib_a-locale.o)
                0x0000000000029310                __locale_charset
 .text.__locale_mb_cur_max
                0x000000000002931c       0x10 /package/eda/altera/altera17.0/nios2eds/bin/gnu/H-x86_64-pc-linux-gnu/bin/../lib/gcc/nios2-elf/5.3.0/../../../../../H-x86_64-pc-linux-gnu/nios2-elf/lib/libc.a(lib_a-locale.o)
                0x000000000002931c                __locale_mb_cur_max
 .text.__locale_msgcharset
                0x000000000002932c        0xc /package/eda/altera/altera17.0/nios2eds/bin/gnu/H-x86_64-pc-linux-gnu/bin/../lib/gcc/nios2-elf/5.3.0/../../../../../H-x86_64-pc-linux-gnu/nios2-elf/lib/libc.a(lib_a-locale.o)
                0x000000000002932c                __locale_msgcharset
 .text.__locale_cjk_lang
                0x0000000000029338        0x8 /package/eda/altera/altera17.0/nios2eds/bin/gnu/H-x86_64-pc-linux-gnu/bin/../lib/gcc/nios2-elf/5.3.0/../../../../../H-x86_64-pc-linux-gnu/nios2-elf/lib/libc.a(lib_a-locale.o)
                0x0000000000029338                __locale_cjk_lang
 .text._localeconv_r
                0x0000000000029340        0xc /package/eda/altera/altera17.0/nios2eds/bin/gnu/H-x86_64-pc-linux-gnu/bin/../lib/gcc/nios2-elf/5.3.0/../../../../../H-x86_64-pc-linux-gnu/nios2-elf/lib/libc.a(lib_a-locale.o)
                0x0000000000029340                _localeconv_r
 .text.setlocale
                0x000000000002934c       0x18 /package/eda/altera/altera17.0/nios2eds/bin/gnu/H-x86_64-pc-linux-gnu/bin/../lib/gcc/nios2-elf/5.3.0/../../../../../H-x86_64-pc-linux-gnu/nios2-elf/lib/libc.a(lib_a-locale.o)
                0x000000000002934c                setlocale
 .text.localeconv
                0x0000000000029364        0xc /package/eda/altera/altera17.0/nios2eds/bin/gnu/H-x86_64-pc-linux-gnu/bin/../lib/gcc/nios2-elf/5.3.0/../../../../../H-x86_64-pc-linux-gnu/nios2-elf/lib/libc.a(lib_a-locale.o)
                0x0000000000029364                localeconv
 .text          0x0000000000029370        0x0 /package/eda/altera/altera17.0/nios2eds/bin/gnu/H-x86_64-pc-linux-gnu/bin/../lib/gcc/nios2-elf/5.3.0/../../../../../H-x86_64-pc-linux-gnu/nios2-elf/lib/libc.a(lib_a-lseekr.o)
 .text._lseek_r
                0x0000000000029370       0x60 /package/eda/altera/altera17.0/nios2eds/bin/gnu/H-x86_64-pc-linux-gnu/bin/../lib/gcc/nios2-elf/5.3.0/../../../../../H-x86_64-pc-linux-gnu/nios2-elf/lib/libc.a(lib_a-lseekr.o)
                0x0000000000029370                _lseek_r
 .text          0x00000000000293d0        0x0 /package/eda/altera/altera17.0/nios2eds/bin/gnu/H-x86_64-pc-linux-gnu/bin/../lib/gcc/nios2-elf/5.3.0/../../../../../H-x86_64-pc-linux-gnu/nios2-elf/lib/libc.a(lib_a-mprec.o)
 .text._Balloc  0x00000000000293d0       0xa8 /package/eda/altera/altera17.0/nios2eds/bin/gnu/H-x86_64-pc-linux-gnu/bin/../lib/gcc/nios2-elf/5.3.0/../../../../../H-x86_64-pc-linux-gnu/nios2-elf/lib/libc.a(lib_a-mprec.o)
                0x00000000000293d0                _Balloc
 .text._Bfree   0x0000000000029478       0x28 /package/eda/altera/altera17.0/nios2eds/bin/gnu/H-x86_64-pc-linux-gnu/bin/../lib/gcc/nios2-elf/5.3.0/../../../../../H-x86_64-pc-linux-gnu/nios2-elf/lib/libc.a(lib_a-mprec.o)
                0x0000000000029478                _Bfree
 .text.__multadd
                0x00000000000294a0      0x120 /package/eda/altera/altera17.0/nios2eds/bin/gnu/H-x86_64-pc-linux-gnu/bin/../lib/gcc/nios2-elf/5.3.0/../../../../../H-x86_64-pc-linux-gnu/nios2-elf/lib/libc.a(lib_a-mprec.o)
                0x00000000000294a0                __multadd
 .text.__s2b    0x00000000000295c0      0x104 /package/eda/altera/altera17.0/nios2eds/bin/gnu/H-x86_64-pc-linux-gnu/bin/../lib/gcc/nios2-elf/5.3.0/../../../../../H-x86_64-pc-linux-gnu/nios2-elf/lib/libc.a(lib_a-mprec.o)
                0x00000000000295c0                __s2b
 .text.__hi0bits
                0x00000000000296c4       0x68 /package/eda/altera/altera17.0/nios2eds/bin/gnu/H-x86_64-pc-linux-gnu/bin/../lib/gcc/nios2-elf/5.3.0/../../../../../H-x86_64-pc-linux-gnu/nios2-elf/lib/libc.a(lib_a-mprec.o)
                0x00000000000296c4                __hi0bits
 .text.__lo0bits
                0x000000000002972c       0xb0 /package/eda/altera/altera17.0/nios2eds/bin/gnu/H-x86_64-pc-linux-gnu/bin/../lib/gcc/nios2-elf/5.3.0/../../../../../H-x86_64-pc-linux-gnu/nios2-elf/lib/libc.a(lib_a-mprec.o)
                0x000000000002972c                __lo0bits
 .text.__i2b    0x00000000000297dc       0x3c /package/eda/altera/altera17.0/nios2eds/bin/gnu/H-x86_64-pc-linux-gnu/bin/../lib/gcc/nios2-elf/5.3.0/../../../../../H-x86_64-pc-linux-gnu/nios2-elf/lib/libc.a(lib_a-mprec.o)
                0x00000000000297dc                __i2b
 .text.__multiply
                0x0000000000029818      0x1f8 /package/eda/altera/altera17.0/nios2eds/bin/gnu/H-x86_64-pc-linux-gnu/bin/../lib/gcc/nios2-elf/5.3.0/../../../../../H-x86_64-pc-linux-gnu/nios2-elf/lib/libc.a(lib_a-mprec.o)
                0x0000000000029818                __multiply
 .text.__pow5mult
                0x0000000000029a10      0x140 /package/eda/altera/altera17.0/nios2eds/bin/gnu/H-x86_64-pc-linux-gnu/bin/../lib/gcc/nios2-elf/5.3.0/../../../../../H-x86_64-pc-linux-gnu/nios2-elf/lib/libc.a(lib_a-mprec.o)
                0x0000000000029a10                __pow5mult
 .text.__lshift
                0x0000000000029b50      0x148 /package/eda/altera/altera17.0/nios2eds/bin/gnu/H-x86_64-pc-linux-gnu/bin/../lib/gcc/nios2-elf/5.3.0/../../../../../H-x86_64-pc-linux-gnu/nios2-elf/lib/libc.a(lib_a-mprec.o)
                0x0000000000029b50                __lshift
 .text.__mcmp   0x0000000000029c98       0x60 /package/eda/altera/altera17.0/nios2eds/bin/gnu/H-x86_64-pc-linux-gnu/bin/../lib/gcc/nios2-elf/5.3.0/../../../../../H-x86_64-pc-linux-gnu/nios2-elf/lib/libc.a(lib_a-mprec.o)
                0x0000000000029c98                __mcmp
 .text.__mdiff  0x0000000000029cf8      0x1fc /package/eda/altera/altera17.0/nios2eds/bin/gnu/H-x86_64-pc-linux-gnu/bin/../lib/gcc/nios2-elf/5.3.0/../../../../../H-x86_64-pc-linux-gnu/nios2-elf/lib/libc.a(lib_a-mprec.o)
                0x0000000000029cf8                __mdiff
 .text.__ulp    0x0000000000029ef4       0x64 /package/eda/altera/altera17.0/nios2eds/bin/gnu/H-x86_64-pc-linux-gnu/bin/../lib/gcc/nios2-elf/5.3.0/../../../../../H-x86_64-pc-linux-gnu/nios2-elf/lib/libc.a(lib_a-mprec.o)
                0x0000000000029ef4                __ulp
 .text.__b2d    0x0000000000029f58      0x10c /package/eda/altera/altera17.0/nios2eds/bin/gnu/H-x86_64-pc-linux-gnu/bin/../lib/gcc/nios2-elf/5.3.0/../../../../../H-x86_64-pc-linux-gnu/nios2-elf/lib/libc.a(lib_a-mprec.o)
                0x0000000000029f58                __b2d
 .text.__d2b    0x000000000002a064      0x14c /package/eda/altera/altera17.0/nios2eds/bin/gnu/H-x86_64-pc-linux-gnu/bin/../lib/gcc/nios2-elf/5.3.0/../../../../../H-x86_64-pc-linux-gnu/nios2-elf/lib/libc.a(lib_a-mprec.o)
                0x000000000002a064                __d2b
 .text.__ratio  0x000000000002a1b0       0xa4 /package/eda/altera/altera17.0/nios2eds/bin/gnu/H-x86_64-pc-linux-gnu/bin/../lib/gcc/nios2-elf/5.3.0/../../../../../H-x86_64-pc-linux-gnu/nios2-elf/lib/libc.a(lib_a-mprec.o)
                0x000000000002a1b0                __ratio
 .text._mprec_log10
                0x000000000002a254       0x74 /package/eda/altera/altera17.0/nios2eds/bin/gnu/H-x86_64-pc-linux-gnu/bin/../lib/gcc/nios2-elf/5.3.0/../../../../../H-x86_64-pc-linux-gnu/nios2-elf/lib/libc.a(lib_a-mprec.o)
                0x000000000002a254                _mprec_log10
 .text.__copybits
                0x000000000002a2c8       0x78 /package/eda/altera/altera17.0/nios2eds/bin/gnu/H-x86_64-pc-linux-gnu/bin/../lib/gcc/nios2-elf/5.3.0/../../../../../H-x86_64-pc-linux-gnu/nios2-elf/lib/libc.a(lib_a-mprec.o)
                0x000000000002a2c8                __copybits
 .text.__any_on
                0x000000000002a340       0x8c /package/eda/altera/altera17.0/nios2eds/bin/gnu/H-x86_64-pc-linux-gnu/bin/../lib/gcc/nios2-elf/5.3.0/../../../../../H-x86_64-pc-linux-gnu/nios2-elf/lib/libc.a(lib_a-mprec.o)
                0x000000000002a340                __any_on
 .text          0x000000000002a3cc        0x0 /package/eda/altera/altera17.0/nios2eds/bin/gnu/H-x86_64-pc-linux-gnu/bin/../lib/gcc/nios2-elf/5.3.0/../../../../../H-x86_64-pc-linux-gnu/nios2-elf/lib/libc.a(lib_a-readr.o)
 .text._read_r  0x000000000002a3cc       0x60 /package/eda/altera/altera17.0/nios2eds/bin/gnu/H-x86_64-pc-linux-gnu/bin/../lib/gcc/nios2-elf/5.3.0/../../../../../H-x86_64-pc-linux-gnu/nios2-elf/lib/libc.a(lib_a-readr.o)
                0x000000000002a3cc                _read_r
 .text          0x000000000002a42c        0x0 /package/eda/altera/altera17.0/nios2eds/bin/gnu/H-x86_64-pc-linux-gnu/bin/../lib/gcc/nios2-elf/5.3.0/../../../../../H-x86_64-pc-linux-gnu/nios2-elf/lib/libc.a(lib_a-vfiprintf.o)
 .text.__sprint_r.part.0
                0x000000000002a42c       0xfc /package/eda/altera/altera17.0/nios2eds/bin/gnu/H-x86_64-pc-linux-gnu/bin/../lib/gcc/nios2-elf/5.3.0/../../../../../H-x86_64-pc-linux-gnu/nios2-elf/lib/libc.a(lib_a-vfiprintf.o)
 .text.__sprint_r
                0x000000000002a528       0x18 /package/eda/altera/altera17.0/nios2eds/bin/gnu/H-x86_64-pc-linux-gnu/bin/../lib/gcc/nios2-elf/5.3.0/../../../../../H-x86_64-pc-linux-gnu/nios2-elf/lib/libc.a(lib_a-vfiprintf.o)
                0x000000000002a528                __sprint_r
 .text.___vfiprintf_internal_r
                0x000000000002a540     0x145c /package/eda/altera/altera17.0/nios2eds/bin/gnu/H-x86_64-pc-linux-gnu/bin/../lib/gcc/nios2-elf/5.3.0/../../../../../H-x86_64-pc-linux-gnu/nios2-elf/lib/libc.a(lib_a-vfiprintf.o)
                0x000000000002a540                ___vfiprintf_internal_r
 .text.__vfiprintf_internal
                0x000000000002b99c       0x1c /package/eda/altera/altera17.0/nios2eds/bin/gnu/H-x86_64-pc-linux-gnu/bin/../lib/gcc/nios2-elf/5.3.0/../../../../../H-x86_64-pc-linux-gnu/nios2-elf/lib/libc.a(lib_a-vfiprintf.o)
                0x000000000002b99c                __vfiprintf_internal
 .text.__sbprintf
                0x000000000002b9b8       0xbc /package/eda/altera/altera17.0/nios2eds/bin/gnu/H-x86_64-pc-linux-gnu/bin/../lib/gcc/nios2-elf/5.3.0/../../../../../H-x86_64-pc-linux-gnu/nios2-elf/lib/libc.a(lib_a-vfiprintf.o)
 .text          0x000000000002ba74        0x0 /package/eda/altera/altera17.0/nios2eds/bin/gnu/H-x86_64-pc-linux-gnu/bin/../lib/gcc/nios2-elf/5.3.0/../../../../../H-x86_64-pc-linux-gnu/nios2-elf/lib/libc.a(lib_a-fputwc.o)
 .text.__fputwc
                0x000000000002ba74      0x164 /package/eda/altera/altera17.0/nios2eds/bin/gnu/H-x86_64-pc-linux-gnu/bin/../lib/gcc/nios2-elf/5.3.0/../../../../../H-x86_64-pc-linux-gnu/nios2-elf/lib/libc.a(lib_a-fputwc.o)
                0x000000000002ba74                __fputwc
 .text._fputwc_r
                0x000000000002bbd8       0x24 /package/eda/altera/altera17.0/nios2eds/bin/gnu/H-x86_64-pc-linux-gnu/bin/../lib/gcc/nios2-elf/5.3.0/../../../../../H-x86_64-pc-linux-gnu/nios2-elf/lib/libc.a(lib_a-fputwc.o)
                0x000000000002bbd8                _fputwc_r
 .text.fputwc   0x000000000002bbfc       0x80 /package/eda/altera/altera17.0/nios2eds/bin/gnu/H-x86_64-pc-linux-gnu/bin/../lib/gcc/nios2-elf/5.3.0/../../../../../H-x86_64-pc-linux-gnu/nios2-elf/lib/libc.a(lib_a-fputwc.o)
                0x000000000002bbfc                fputwc
 .text          0x000000000002bc7c        0x0 /package/eda/altera/altera17.0/nios2eds/bin/gnu/H-x86_64-pc-linux-gnu/bin/../lib/gcc/nios2-elf/5.3.0/../../../../../H-x86_64-pc-linux-gnu/nios2-elf/lib/libc.a(lib_a-wcrtomb.o)
 .text._wcrtomb_r
                0x000000000002bc7c       0x9c /package/eda/altera/altera17.0/nios2eds/bin/gnu/H-x86_64-pc-linux-gnu/bin/../lib/gcc/nios2-elf/5.3.0/../../../../../H-x86_64-pc-linux-gnu/nios2-elf/lib/libc.a(lib_a-wcrtomb.o)
                0x000000000002bc7c                _wcrtomb_r
 .text.wcrtomb  0x000000000002bd18       0xc0 /package/eda/altera/altera17.0/nios2eds/bin/gnu/H-x86_64-pc-linux-gnu/bin/../lib/gcc/nios2-elf/5.3.0/../../../../../H-x86_64-pc-linux-gnu/nios2-elf/lib/libc.a(lib_a-wcrtomb.o)
                0x000000000002bd18                wcrtomb
 .text          0x000000000002bdd8        0x0 /package/eda/altera/altera17.0/nios2eds/bin/gnu/H-x86_64-pc-linux-gnu/bin/../lib/gcc/nios2-elf/5.3.0/../../../../../H-x86_64-pc-linux-gnu/nios2-elf/lib/libc.a(lib_a-wctomb_r.o)
 .text.__ascii_wctomb
                0x000000000002bdd8       0x30 /package/eda/altera/altera17.0/nios2eds/bin/gnu/H-x86_64-pc-linux-gnu/bin/../lib/gcc/nios2-elf/5.3.0/../../../../../H-x86_64-pc-linux-gnu/nios2-elf/lib/libc.a(lib_a-wctomb_r.o)
                0x000000000002bdd8                __ascii_wctomb
 .text._wctomb_r
                0x000000000002be08       0x5c /package/eda/altera/altera17.0/nios2eds/bin/gnu/H-x86_64-pc-linux-gnu/bin/../lib/gcc/nios2-elf/5.3.0/../../../../../H-x86_64-pc-linux-gnu/nios2-elf/lib/libc.a(lib_a-wctomb_r.o)
                0x000000000002be08                _wctomb_r