Archive member included to satisfy reference by file (symbol)

/package/eda/altera/altera17.0/nios2eds/bin/gnu/H-x86_64-pc-linux-gnu/bin/../lib/gcc/nios2-elf/5.3.0/../../../../../H-x86_64-pc-linux-gnu/nios2-elf/lib/mno-hw-mul/libc.a(lib_a-puts.o)
                              obj/default/hello_world.o (puts)
/package/eda/altera/altera17.0/nios2eds/bin/gnu/H-x86_64-pc-linux-gnu/bin/../lib/gcc/nios2-elf/5.3.0/../../../../../H-x86_64-pc-linux-gnu/nios2-elf/lib/mno-hw-mul/libc.a(lib_a-strlen.o)
                              /package/eda/altera/altera17.0/nios2eds/bin/gnu/H-x86_64-pc-linux-gnu/bin/../lib/gcc/nios2-elf/5.3.0/../../../../../H-x86_64-pc-linux-gnu/nios2-elf/lib/mno-hw-mul/libc.a(lib_a-puts.o) (strlen)
/package/eda/altera/altera17.0/nios2eds/bin/gnu/H-x86_64-pc-linux-gnu/bin/../lib/gcc/nios2-elf/5.3.0/../../../../../H-x86_64-pc-linux-gnu/nios2-elf/lib/mno-hw-mul/libc.a(lib_a-findfp.o)
                              /package/eda/altera/altera17.0/nios2eds/bin/gnu/H-x86_64-pc-linux-gnu/bin/../lib/gcc/nios2-elf/5.3.0/../../../../../H-x86_64-pc-linux-gnu/nios2-elf/lib/mno-hw-mul/libc.a(lib_a-puts.o) (__sinit)
/package/eda/altera/altera17.0/nios2eds/bin/gnu/H-x86_64-pc-linux-gnu/bin/../lib/gcc/nios2-elf/5.3.0/../../../../../H-x86_64-pc-linux-gnu/nios2-elf/lib/mno-hw-mul/libc.a(lib_a-fvwrite.o)
                              /package/eda/altera/altera17.0/nios2eds/bin/gnu/H-x86_64-pc-linux-gnu/bin/../lib/gcc/nios2-elf/5.3.0/../../../../../H-x86_64-pc-linux-gnu/nios2-elf/lib/mno-hw-mul/libc.a(lib_a-puts.o) (__sfvwrite_r)
/package/eda/altera/altera17.0/nios2eds/bin/gnu/H-x86_64-pc-linux-gnu/bin/../lib/gcc/nios2-elf/5.3.0/../../../../../H-x86_64-pc-linux-gnu/nios2-elf/lib/mno-hw-mul/libc.a(lib_a-fwalk.o)
                              /package/eda/altera/altera17.0/nios2eds/bin/gnu/H-x86_64-pc-linux-gnu/bin/../lib/gcc/nios2-elf/5.3.0/../../../../../H-x86_64-pc-linux-gnu/nios2-elf/lib/mno-hw-mul/libc.a(lib_a-findfp.o) (_fwalk)
/package/eda/altera/altera17.0/nios2eds/bin/gnu/H-x86_64-pc-linux-gnu/bin/../lib/gcc/nios2-elf/5.3.0/../../../../../H-x86_64-pc-linux-gnu/nios2-elf/lib/mno-hw-mul/libc.a(lib_a-impure.o)
                              /package/eda/altera/altera17.0/nios2eds/bin/gnu/H-x86_64-pc-linux-gnu/bin/../lib/gcc/nios2-elf/5.3.0/../../../../../H-x86_64-pc-linux-gnu/nios2-elf/lib/mno-hw-mul/libc.a(lib_a-findfp.o) (_global_impure_ptr)
/package/eda/altera/altera17.0/nios2eds/bin/gnu/H-x86_64-pc-linux-gnu/bin/../lib/gcc/nios2-elf/5.3.0/../../../../../H-x86_64-pc-linux-gnu/nios2-elf/lib/mno-hw-mul/libc.a(lib_a-mallocr.o)
                              /package/eda/altera/altera17.0/nios2eds/bin/gnu/H-x86_64-pc-linux-gnu/bin/../lib/gcc/nios2-elf/5.3.0/../../../../../H-x86_64-pc-linux-gnu/nios2-elf/lib/mno-hw-mul/libc.a(lib_a-findfp.o) (_malloc_r)
/package/eda/altera/altera17.0/nios2eds/bin/gnu/H-x86_64-pc-linux-gnu/bin/../lib/gcc/nios2-elf/5.3.0/../../../../../H-x86_64-pc-linux-gnu/nios2-elf/lib/mno-hw-mul/libc.a(lib_a-memchr.o)
                              /package/eda/altera/altera17.0/nios2eds/bin/gnu/H-x86_64-pc-linux-gnu/bin/../lib/gcc/nios2-elf/5.3.0/../../../../../H-x86_64-pc-linux-gnu/nios2-elf/lib/mno-hw-mul/libc.a(lib_a-fvwrite.o) (memchr)
/package/eda/altera/altera17.0/nios2eds/bin/gnu/H-x86_64-pc-linux-gnu/bin/../lib/gcc/nios2-elf/5.3.0/../../../../../H-x86_64-pc-linux-gnu/nios2-elf/lib/mno-hw-mul/libc.a(lib_a-memcpy.o)
                              /package/eda/altera/altera17.0/nios2eds/bin/gnu/H-x86_64-pc-linux-gnu/bin/../lib/gcc/nios2-elf/5.3.0/../../../../../H-x86_64-pc-linux-gnu/nios2-elf/lib/mno-hw-mul/libc.a(lib_a-fvwrite.o) (memcpy)
/package/eda/altera/altera17.0/nios2eds/bin/gnu/H-x86_64-pc-linux-gnu/bin/../lib/gcc/nios2-elf/5.3.0/../../../../../H-x86_64-pc-linux-gnu/nios2-elf/lib/mno-hw-mul/libc.a(lib_a-memmove.o)
                              /package/eda/altera/altera17.0/nios2eds/bin/gnu/H-x86_64-pc-linux-gnu/bin/../lib/gcc/nios2-elf/5.3.0/../../../../../H-x86_64-pc-linux-gnu/nios2-elf/lib/mno-hw-mul/libc.a(lib_a-fvwrite.o) (memmove)
/package/eda/altera/altera17.0/nios2eds/bin/gnu/H-x86_64-pc-linux-gnu/bin/../lib/gcc/nios2-elf/5.3.0/../../../../../H-x86_64-pc-linux-gnu/nios2-elf/lib/mno-hw-mul/libc.a(lib_a-memset.o)
                              /package/eda/altera/altera17.0/nios2eds/bin/gnu/H-x86_64-pc-linux-gnu/bin/../lib/gcc/nios2-elf/5.3.0/../../../../../H-x86_64-pc-linux-gnu/nios2-elf/lib/mno-hw-mul/libc.a(lib_a-findfp.o) (memset)
/package/eda/altera/altera17.0/nios2eds/bin/gnu/H-x86_64-pc-linux-gnu/bin/../lib/gcc/nios2-elf/5.3.0/../../../../../H-x86_64-pc-linux-gnu/nios2-elf/lib/mno-hw-mul/libc.a(lib_a-reallocr.o)
                              /package/eda/altera/altera17.0/nios2eds/bin/gnu/H-x86_64-pc-linux-gnu/bin/../lib/gcc/nios2-elf/5.3.0/../../../../../H-x86_64-pc-linux-gnu/nios2-elf/lib/mno-hw-mul/libc.a(lib_a-fvwrite.o) (_realloc_r)
[...]
Memory Configuration

Name             Origin             Length             Attributes
reset            0x0000000008000000 0x0000000000000020
new_sdram_controller_0 0x0000000008000020 0x0000000007ffffe0
*default*        0x0000000000000000 0xffffffffffffffff

Linker script and memory map

LOAD ../demo_board_123_bsp//obj/HAL/src/crt0.o
LOAD obj/default/hello_world.o
LOAD /package/eda/altera/altera17.0/nios2eds/bin/gnu/H-x86_64-pc-linux-gnu/bin/../lib/gcc/nios2-elf/5.3.0/../../../../../H-x86_64-pc-linux-gnu/nios2-elf/lib/mno-hw-mul/libstdc++.a
LOAD /package/eda/altera/altera17.0/nios2eds/bin/gnu/H-x86_64-pc-linux-gnu/bin/../lib/gcc/nios2-elf/5.3.0/../../../../../H-x86_64-pc-linux-gnu/nios2-elf/lib/mno-hw-mul/libm.a
LOAD /package/eda/altera/altera17.0/nios2eds/bin/gnu/H-x86_64-pc-linux-gnu/bin/../lib/gcc/nios2-elf/5.3.0/mno-hw-mul/libgcc.a
START GROUP
LOAD /package/eda/altera/altera17.0/nios2eds/bin/gnu/H-x86_64-pc-linux-gnu/bin/../lib/gcc/nios2-elf/5.3.0/../../../../../H-x86_64-pc-linux-gnu/nios2-elf/lib/mno-hw-mul/libc.a
LOAD /package/eda/altera/altera17.0/nios2eds/bin/gnu/H-x86_64-pc-linux-gnu/bin/../lib/gcc/nios2-elf/5.3.0/mno-hw-mul/libgcc.a
LOAD ../demo_board_123_bsp//libhal_bsp.a
LOAD /package/eda/altera/altera17.0/nios2eds/bin/gnu/H-x86_64-pc-linux-gnu/bin/../lib/gcc/nios2-elf/5.3.0/../../../../../H-x86_64-pc-linux-gnu/nios2-elf/lib/mno-hw-mul/libm.a
END GROUP
LOAD /package/eda/altera/altera17.0/nios2eds/bin/gnu/H-x86_64-pc-linux-gnu/bin/../lib/gcc/nios2-elf/5.3.0/mno-hw-mul/libgcc.a
                0x0000000008000000                __alt_mem_new_sdram_controller_0 = 0x8000000

.entry          0x0000000008000000       0x20
 *(.entry)
 .entry         0x0000000008000000       0x20 ../demo_board_123_bsp//obj/HAL/src/crt0.o
                0x0000000008000000                __reset

.exceptions     0x0000000008000020      0x1a0
                0x0000000008000020                PROVIDE (__ram_exceptions_start, ABSOLUTE (.))
                0x0000000008000020                . = ALIGN (0x20)
 *(.irq)
 *(.exceptions.entry.label)
 .exceptions.entry.label
                0x0000000008000020        0x0 ../demo_board_123_bsp//libhal_bsp.a(alt_irq_entry.o)
                0x0000000008000020                alt_irq_entry
 .exceptions.entry.label
                0x0000000008000020        0x0 ../demo_board_123_bsp//libhal_bsp.a(alt_exception_entry.o)
                0x0000000008000020                alt_exception
 *(.exceptions.entry.user)
 *(.exceptions.entry.ecc_fatal)
 *(.exceptions.entry)
 .exceptions.entry
                0x0000000008000020       0x54 ../demo_board_123_bsp//libhal_bsp.a(alt_exception_entry.o)
 *(.exceptions.irqtest.user)
 *(.exceptions.irqtest)
 .exceptions.irqtest
                0x0000000008000074       0x10 ../demo_board_123_bsp//libhal_bsp.a(alt_irq_entry.o)
 *(.exceptions.irqhandler.user)
 *(.exceptions.irqhandler)
 .exceptions.irqhandler
                0x0000000008000084        0x4 ../demo_board_123_bsp//libhal_bsp.a(alt_irq_entry.o)
 *(.exceptions.irqreturn.user)
 *(.exceptions.irqreturn)
 .exceptions.irqreturn
                0x0000000008000088        0x4 ../demo_board_123_bsp//libhal_bsp.a(alt_irq_entry.o)
 *(.exceptions.notirq.label)
 .exceptions.notirq.label
                0x000000000800008c        0x0 ../demo_board_123_bsp//libhal_bsp.a(alt_irq_entry.o)
 *(.exceptions.notirq.user)
 *(.exceptions.notirq)
 .exceptions.notirq
                0x000000000800008c        0x8 ../demo_board_123_bsp//libhal_bsp.a(alt_exception_entry.o)
 *(.exceptions.soft.user)
 *(.exceptions.soft)
 *(.exceptions.unknown.user)
 *(.exceptions.unknown)
 .exceptions.unknown
                0x0000000008000094        0x4 ../demo_board_123_bsp//libhal_bsp.a(alt_exception_entry.o)
 *(.exceptions.exit.label)
 .exceptions.exit.label
                0x0000000008000098        0x0 ../demo_board_123_bsp//libhal_bsp.a(alt_irq_entry.o)
 .exceptions.exit.label
                0x0000000008000098        0x0 ../demo_board_123_bsp//libhal_bsp.a(alt_exception_entry.o)
 *(.exceptions.exit.user)
 *(.exceptions.exit)
 .exceptions.exit
                0x0000000008000098       0x54 ../demo_board_123_bsp//libhal_bsp.a(alt_exception_entry.o)
 *(.exceptions)
 .exceptions    0x00000000080000ec       0xd4 ../demo_board_123_bsp//libhal_bsp.a(alt_irq_handler.o)
                0x00000000080000ec                alt_irq_handler
                0x00000000080001c0                PROVIDE (__ram_exceptions_end, ABSOLUTE (.))
                0x0000000008000020                PROVIDE (__flash_exceptions_start, LOADADDR (.exceptions))

.text           0x00000000080001c0     0x6620
                [!provide]                        PROVIDE (stext, ABSOLUTE (.))
 *(.interp)
 *(.hash)
 *(.dynsym)
 *(.dynstr)
 *(.gnu.version)
 *(.gnu.version_d)
 *(.gnu.version_r)
 *(.rel.init)
 *(.rela.init)
 *(.rel.text .rel.text.* .rel.gnu.linkonce.t.*)
 *(.rela.text .rela.text.* .rela.gnu.linkonce.t.*)
 *(.rel.fini)
 *(.rela.fini)
 *(.rel.rodata .rel.rodata.* .rel.gnu.linkonce.r.*)
 *(.rela.rodata .rela.rodata.* .rela.gnu.linkonce.r.*)
 *(.rel.data .rel.data.* .rel.gnu.linkonce.d.*)
 *(.rela.data .rela.data.* .rela.gnu.linkonce.d.*)
 *(.rel.tdata .rel.tdata.* .rel.gnu.linkonce.td.*)
 *(.rela.tdata .rela.tdata.* .rela.gnu.linkonce.td.*)
 *(.rel.tbss .rel.tbss.* .rel.gnu.linkonce.tb.*)
 *(.rela.tbss .rela.tbss.* .rela.gnu.linkonce.tb.*)
 *(.rel.ctors)
 *(.rela.ctors)
 *(.rel.dtors)
 *(.rela.dtors)
 *(.rel.got)
 *(.rela.got)
 *(.rel.sdata .rel.sdata.* .rel.gnu.linkonce.s.*)
 *(.rela.sdata .rela.sdata.* .rela.gnu.linkonce.s.*)
 *(.rel.sbss .rel.sbss.* .rel.gnu.linkonce.sb.*)
 *(.rela.sbss .rela.sbss.* .rela.gnu.linkonce.sb.*)
 *(.rel.sdata2 .rel.sdata2.* .rel.gnu.linkonce.s2.*)
 *(.rela.sdata2 .rela.sdata2.* .rela.gnu.linkonce.s2.*)
 *(.rel.sbss2 .rel.sbss2.* .rel.gnu.linkonce.sb2.*)
 *(.rela.sbss2 .rela.sbss2.* .rela.gnu.linkonce.sb2.*)
 *(.rel.bss .rel.bss.* .rel.gnu.linkonce.b.*)
 *(.rela.bss .rela.bss.* .rela.gnu.linkonce.b.*)
 *(.rel.plt)
 *(.rela.plt)
 *(.rel.dyn)
 *(.init)
 *(.plt)
 *(.text .stub .text.* .gnu.linkonce.t.*)
 .text          0x00000000080001c0       0x3c ../demo_board_123_bsp//obj/HAL/src/crt0.o
                0x00000000080001c0                _start
 .text          0x00000000080001fc       0x8c obj/default/hello_world.o
                0x00000000080001fc                main
 .text          0x0000000008000288        0x0 /package/eda/altera/altera17.0/nios2eds/bin/gnu/H-x86_64-pc-linux-gnu/bin/../lib/gcc/nios2-elf/5.3.0/../../../../../H-x86_64-pc-linux-gnu/nios2-elf/lib/mno-hw-mul/libc.a(lib_a-puts.o)
 .text._puts_r  0x0000000008000288       0xc0 /package/eda/altera/altera17.0/nios2eds/bin/gnu/H-x86_64-pc-linux-gnu/bin/../lib/gcc/nios2-elf/5.3.0/../../../../../H-x86_64-pc-linux-gnu/nios2-elf/lib/mno-hw-mul/libc.a(lib_a-puts.o)
                0x0000000008000288                _puts_r
 .text.puts     0x0000000008000348       0x14 /package/eda/altera/altera17.0/nios2eds/bin/gnu/H-x86_64-pc-linux-gnu/bin/../lib/gcc/nios2-elf/5.3.0/../../../../../H-x86_64-pc-linux-gnu/nios2-elf/lib/mno-hw-mul/libc.a(lib_a-puts.o)
                0x0000000008000348                puts
 .text          0x000000000800035c        0x0 /package/eda/altera/altera17.0/nios2eds/bin/gnu/H-x86_64-pc-linux-gnu/bin/../lib/gcc/nios2-elf/5.3.0/../../../../../H-x86_64-pc-linux-gnu/nios2-elf/lib/mno-hw-mul/libc.a(lib_a-strlen.o)
 .text.strlen   0x000000000800035c       0x98 /package/eda/altera/altera17.0/nios2eds/bin/gnu/H-x86_64-pc-linux-gnu/bin/../lib/gcc/nios2-elf/5.3.0/../../../../../H-x86_64-pc-linux-gnu/nios2-elf/lib/mno-hw-mul/libc.a(lib_a-strlen.o)
                0x000000000800035c                strlen
 .text          0x00000000080003f4        0x0 /package/eda/altera/altera17.0/nios2eds/bin/gnu/H-x86_64-pc-linux-gnu/bin/../lib/gcc/nios2-elf/5.3.0/../../../../../H-x86_64-pc-linux-gnu/nios2-elf/lib/mno-hw-mul/libc.a(lib_a-findfp.o)
 .text.__fp_unlock
                0x00000000080003f4        0x8 /package/eda/altera/altera17.0/nios2eds/bin/gnu/H-x86_64-pc-linux-gnu/bin/../lib/gcc/nios2-elf/5.3.0/../../../../../H-x86_64-pc-linux-gnu/nios2-elf/lib/mno-hw-mul/libc.a(lib_a-findfp.o)
 .text._cleanup_r
                0x00000000080003fc        0xc /package/eda/altera/altera17.0/nios2eds/bin/gnu/H-x86_64-pc-linux-gnu/bin/../lib/gcc/nios2-elf/5.3.0/../../../../../H-x86_64-pc-linux-gnu/nios2-elf/lib/mno-hw-mul/libc.a(lib_a-findfp.o)
                0x00000000080003fc                _cleanup_r
 .text.__sinit.part.1
                0x0000000008000408      0x19c /package/eda/altera/altera17.0/nios2eds/bin/gnu/H-x86_64-pc-linux-gnu/bin/../lib/gcc/nios2-elf/5.3.0/../../../../../H-x86_64-pc-linux-gnu/nios2-elf/lib/mno-hw-mul/libc.a(lib_a-findfp.o)
 .text.__fp_lock
                0x00000000080005a4        0x8 /package/eda/altera/altera17.0/nios2eds/bin/gnu/H-x86_64-pc-linux-gnu/bin/../lib/gcc/nios2-elf/5.3.0/../../../../../H-x86_64-pc-linux-gnu/nios2-elf/lib/mno-hw-mul/libc.a(lib_a-findfp.o)
 .text.__sfmoreglue
                0x00000000080005ac       0x78 /package/eda/altera/altera17.0/nios2eds/bin/gnu/H-x86_64-pc-linux-gnu/bin/../lib/gcc/nios2-elf/5.3.0/../../../../../H-x86_64-pc-linux-gnu/nios2-elf/lib/mno-hw-mul/libc.a(lib_a-findfp.o)
                0x00000000080005ac                __sfmoreglue
 .text.__sfp    0x0000000008000624      0x118 /package/eda/altera/altera17.0/nios2eds/bin/gnu/H-x86_64-pc-linux-gnu/bin/../lib/gcc/nios2-elf/5.3.0/../../../../../H-x86_64-pc-linux-gnu/nios2-elf/lib/mno-hw-mul/libc.a(lib_a-findfp.o)
                0x0000000008000624                __sfp
 .text._cleanup
                0x000000000800073c       0x18 /package/eda/altera/altera17.0/nios2eds/bin/gnu/H-x86_64-pc-linux-gnu/bin/../lib/gcc/nios2-elf/5.3.0/../../../../../H-x86_64-pc-linux-gnu/nios2-elf/lib/mno-hw-mul/libc.a(lib_a-findfp.o)
                0x000000000800073c                _cleanup
 .text.__sinit  0x0000000008000754       0x10 /package/eda/altera/altera17.0/nios2eds/bin/gnu/H-x86_64-pc-linux-gnu/bin/../lib/gcc/nios2-elf/5.3.0/../../../../../H-x86_64-pc-linux-gnu/nios2-elf/lib/mno-hw-mul/libc.a(lib_a-findfp.o)
                0x0000000008000754                __sinit
 .text.__sfp_lock_acquire
                0x0000000008000764        0x4 /package/eda/altera/altera17.0/nios2eds/bin/gnu/H-x86_64-pc-linux-gnu/bin/../lib/gcc/nios2-elf/5.3.0/../../../../../H-x86_64-pc-linux-gnu/nios2-elf/lib/mno-hw-mul/libc.a(lib_a-findfp.o)
                0x0000000008000764                __sfp_lock_acquire
 .text.__sfp_lock_release
                0x0000000008000768        0x4 /package/eda/altera/altera17.0/nios2eds/bin/gnu/H-x86_64-pc-linux-gnu/bin/../lib/gcc/nios2-elf/5.3.0/../../../../../H-x86_64-pc-linux-gnu/nios2-elf/lib/mno-hw-mul/libc.a(lib_a-findfp.o)
                0x0000000008000768                __sfp_lock_release
 .text.__sinit_lock_acquire
                0x000000000800076c        0x4 /package/eda/altera/altera17.0/nios2eds/bin/gnu/H-x86_64-pc-linux-gnu/bin/../lib/gcc/nios2-elf/5.3.0/../../../../../H-x86_64-pc-linux-gnu/nios2-elf/lib/mno-hw-mul/libc.a(lib_a-findfp.o)
                0x000000000800076c                __sinit_lock_acquire
 .text.__sinit_lock_release
                0x0000000008000770        0x4 /package/eda/altera/altera17.0/nios2eds/bin/gnu/H-x86_64-pc-linux-gnu/bin/../lib/gcc/nios2-elf/5.3.0/../../../../../H-x86_64-pc-linux-gnu/nios2-elf/lib/mno-hw-mul/libc.a(lib_a-findfp.o)
                0x0000000008000770                __sinit_lock_release
 .text.__fp_lock_all
                0x0000000008000774       0x18 /package/eda/altera/altera17.0/nios2eds/bin/gnu/H-x86_64-pc-linux-gnu/bin/../lib/gcc/nios2-elf/5.3.0/../../../../../H-x86_64-pc-linux-gnu/nios2-elf/lib/mno-hw-mul/libc.a(lib_a-findfp.o)
                0x0000000008000774                __fp_lock_all
 .text.__fp_unlock_all
                0x000000000800078c       0x18 /package/eda/altera/altera17.0/nios2eds/bin/gnu/H-x86_64-pc-linux-gnu/bin/../lib/gcc/nios2-elf/5.3.0/../../../../../H-x86_64-pc-linux-gnu/nios2-elf/lib/mno-hw-mul/libc.a(lib_a-findfp.o)
                0x000000000800078c                __fp_unlock_all
 .text          0x00000000080007a4        0x0 /package/eda/altera/altera17.0/nios2eds/bin/gnu/H-x86_64-pc-linux-gnu/bin/../lib/gcc/nios2-elf/5.3.0/../../../../../H-x86_64-pc-linux-gnu/nios2-elf/lib/mno-hw-mul/libc.a(lib_a-fvwrite.o)
 .text.__sfvwrite_r
                0x00000000080007a4      0x4c8 /package/eda/altera/altera17.0/nios2eds/bin/gnu/H-x86_64-pc-linux-gnu/bin/../lib/gcc/nios2-elf/5.3.0/../../../../../H-x86_64-pc-linux-gnu/nios2-elf/lib/mno-hw-mul/libc.a(lib_a-fvwrite.o)
                0x00000000080007a4                __sfvwrite_r
 .text          0x0000000008000c6c        0x0 /package/eda/altera/altera17.0/nios2eds/bin/gnu/H-x86_64-pc-linux-gnu/bin/../lib/gcc/nios2-elf/5.3.0/../../../../../H-x86_64-pc-linux-gnu/nios2-elf/lib/mno-hw-mul/libc.a(lib_a-fwalk.o)
 .text._fwalk   0x0000000008000c6c       0xc4 /package/eda/altera/altera17.0/nios2eds/bin/gnu/H-x86_64-pc-linux-gnu/bin/../lib/gcc/nios2-elf/5.3.0/../../../../../H-x86_64-pc-linux-gnu/nios2-elf/lib/mno-hw-mul/libc.a(lib_a-fwalk.o)
                0x0000000008000c6c                _fwalk
 .text._fwalk_reent
                0x0000000008000d30       0xc4 /package/eda/altera/altera17.0/nios2eds/bin/gnu/H-x86_64-pc-linux-gnu/bin/../lib/gcc/nios2-elf/5.3.0/../../../../../H-x86_64-pc-linux-gnu/nios2-elf/lib/mno-hw-mul/libc.a(lib_a-fwalk.o)
                0x0000000008000d30                _fwalk_reent
 .text          0x0000000008000df4        0x0 /package/eda/altera/altera17.0/nios2eds/bin/gnu/H-x86_64-pc-linux-gnu/bin/../lib/gcc/nios2-elf/5.3.0/../../../../../H-x86_64-pc-linux-gnu/nios2-elf/lib/mno-hw-mul/libc.a(lib_a-impure.o)
 .text          0x0000000008000df4        0x0 /package/eda/altera/altera17.0/nios2eds/bin/gnu/H-x86_64-pc-linux-gnu/bin/../lib/gcc/nios2-elf/5.3.0/../../../../../H-x86_64-pc-linux-gnu/nios2-elf/lib/mno-hw-mul/libc.a(lib_a-mallocr.o)
 .text._malloc_r
                0x0000000008000df4      0x80c /package/eda/altera/altera17.0/nios2eds/bin/gnu/H-x86_64-pc-linux-gnu/bin/../lib/gcc/nios2-elf/5.3.0/../../../../../H-x86_64-pc-linux-gnu/nios2-elf/lib/mno-hw-mul/libc.a(lib_a-mallocr.o)
                0x0000000008000df4                _malloc_r
 .text          0x0000000008001600        0x0 /package/eda/altera/altera17.0/nios2eds/bin/gnu/H-x86_64-pc-linux-gnu/bin/../lib/gcc/nios2-elf/5.3.0/../../../../../H-x86_64-pc-linux-gnu/nios2-elf/lib/mno-hw-mul/libc.a(lib_a-memchr.o)
 .text.memchr   0x0000000008001600       0xe4 /package/eda/altera/altera17.0/nios2eds/bin/gnu/H-x86_64-pc-linux-gnu/bin/../lib/gcc/nios2-elf/5.3.0/../../../../../H-x86_64-pc-linux-gnu/nios2-elf/lib/mno-hw-mul/libc.a(lib_a-memchr.o)
                0x0000000008001600                memchr
 .text          0x00000000080016e4        0x0 /package/eda/altera/altera17.0/nios2eds/bin/gnu/H-x86_64-pc-linux-gnu/bin/../lib/gcc/nios2-elf/5.3.0/../../../../../H-x86_64-pc-linux-gnu/nios2-elf/lib/mno-hw-mul/libc.a(lib_a-memcpy.o)
 .text.memcpy   0x00000000080016e4      0x148 /package/eda/altera/altera17.0/nios2eds/bin/gnu/H-x86_64-pc-linux-gnu/bin/../lib/gcc/nios2-elf/5.3.0/../../../../../H-x86_64-pc-linux-gnu/nios2-elf/lib/mno-hw-mul/libc.a(lib_a-memcpy.o)
                0x00000000080016e4                memcpy
 .text          0x000000000800182c        0x0 /package/eda/altera/altera17.0/nios2eds/bin/gnu/H-x86_64-pc-linux-gnu/bin/../lib/gcc/nios2-elf/5.3.0/../../../../../H-x86_64-pc-linux-gnu/nios2-elf/lib/mno-hw-mul/libc.a(lib_a-memmove.o)
 .text.memmove  0x000000000800182c      0x15c /package/eda/altera/altera17.0/nios2eds/bin/gnu/H-x86_64-pc-linux-gnu/bin/../lib/gcc/nios2-elf/5.3.0/../../../../../H-x86_64-pc-linux-gnu/nios2-elf/lib/mno-hw-mul/libc.a(lib_a-memmove.o)
                0x000000000800182c                memmove
 .text          0x0000000008001988        0x0 /package/eda/altera/altera17.0/nios2eds/bin/gnu/H-x86_64-pc-linux-gnu/bin/../lib/gcc/nios2-elf/5.3.0/../../../../../H-x86_64-pc-linux-gnu/nios2-elf/lib/mno-hw-mul/libc.a(lib_a-memset.o)
 .text.memset   0x0000000008001988      0x128 /package/eda/altera/altera17.0/nios2eds/bin/gnu/H-x86_64-pc-linux-gnu/bin/../lib/gcc/nios2-elf/5.3.0/../../../../../H-x86_64-pc-linux-gnu/nios2-elf/lib/mno-hw-mul/libc.a(lib_a-memset.o)
                0x0000000008001988                memset
 .text          0x0000000008001ab0        0x0 /package/eda/altera/altera17.0/nios2eds/bin/gnu/H-x86_64-pc-linux-gnu/bin/../lib/gcc/nios2-elf/5.3.0/../../../../../H-x86_64-pc-linux-gnu/nios2-elf/lib/mno-hw-mul/libc.a(lib_a-reallocr.o)
 .text._realloc_r
                0x0000000008001ab0      0x564 /package/eda/altera/altera17.0/nios2eds/bin/gnu/H-x86_64-pc-linux-gnu/bin/../lib/gcc/nios2-elf/5.3.0/../../../../../H-x86_64-pc-linux-gnu/nios2-elf/lib/mno-hw-mul/libc.a(lib_a-reallocr.o)
                0x0000000008001ab0                _realloc_r
 .text          0x0000000008002014        0x0 /package/eda/altera/altera17.0/nios2eds/bin/gnu/H-x86_64-pc-linux-gnu/bin/../lib/gcc/nios2-elf/5.3.0/../../../../../H-x86_64-pc-linux-gnu/nios2-elf/lib/mno-hw-mul/libc.a(lib_a-sbrkr.o)
 .text._sbrk_r  0x0000000008002014       0x54 /package/eda/altera/altera17.0/nios2eds/bin/gnu/H-x86_64-pc-linux-gnu/bin/../lib/gcc/nios2-elf/5.3.0/../../../../../H-x86_64-pc-linux-gnu/nios2-elf/lib/mno-hw-mul/libc.a(lib_a-sbrkr.o)
                0x0000000008002014                _sbrk_r
 .text          0x0000000008002068        0x0 /package/eda/altera/altera17.0/nios2eds/bin/gnu/H-x86_64-pc-linux-gnu/bin/../lib/gcc/nios2-elf/5.3.0/../../../../../H-x86_64-pc-linux-gnu/nios2-elf/lib/mno-hw-mul/libc.a(lib_a-stdio.o)
 .text.__sread  0x0000000008002068       0x54 /package/eda/altera/altera17.0/nios2eds/bin/gnu/H-x86_64-pc-linux-gnu/bin/../lib/gcc/nios2-elf/5.3.0/../../../../../H-x86_64-pc-linux-gnu/nios2-elf/lib/mno-hw-mul/libc.a(lib_a-stdio.o)
                0x0000000008002068                __sread
 .text.__seofread
                0x00000000080020bc        0x8 /package/eda/altera/altera17.0/nios2eds/bin/gnu/H-x86_64-pc-linux-gnu/bin/../lib/gcc/nios2-elf/5.3.0/../../../../../H-x86_64-pc-linux-gnu/nios2-elf/lib/mno-hw-mul/libc.a(lib_a-stdio.o)
                0x00000000080020bc                __seofread
 .text.__swrite
                0x00000000080020c4       0x7c /package/eda/altera/altera17.0/nios2eds/bin/gnu/H-x86_64-pc-linux-gnu/bin/../lib/gcc/nios2-elf/5.3.0/../../../../../H-x86_64-pc-linux-gnu/nios2-elf/lib/mno-hw-mul/libc.a(lib_a-stdio.o)
                0x00000000080020c4                __swrite
 .text.__sseek  0x0000000008002140       0x5c /package/eda/altera/altera17.0/nios2eds/bin/gnu/H-x86_64-pc-linux-gnu/bin/../lib/gcc/nios2-elf/5.3.0/../../../../../H-x86_64-pc-linux-gnu/nios2-elf/lib/mno-hw-mul/libc.a(lib_a-stdio.o)
                0x0000000008002140                __sseek
 .text.__sclose
                0x000000000800219c        0x8 /package/eda/altera/altera17.0/nios2eds/bin/gnu/H-x86_64-pc-linux-gnu/bin/../lib/gcc/nios2-elf/5.3.0/../../../../../H-x86_64-pc-linux-gnu/nios2-elf/lib/mno-hw-mul/libc.a(lib_a-stdio.o)
                0x000000000800219c                __sclose
 .text          0x00000000080021a4        0x0 /package/eda/altera/altera17.0/nios2eds/bin/gnu/H-x86_64-pc-linux-gnu/bin/../lib/gcc/nios2-elf/5.3.0/../../../../../H-x86_64-pc-linux-gnu/nios2-elf/lib/mno-hw-mul/libc.a(lib_a-writer.o)
 .text._write_r
                0x00000000080021a4       0x60 /package/eda/altera/altera17.0/nios2eds/bin/gnu/H-x86_64-pc-linux-gnu/bin/../lib/gcc/nios2-elf/5.3.0/../../../../../H-x86_64-pc-linux-gnu/nios2-elf/lib/mno-hw-mul/libc.a(lib_a-writer.o)
                0x00000000080021a4                _write_r
 .text          0x0000000008002204        0x0 /package/eda/altera/altera17.0/nios2eds/bin/gnu/H-x86_64-pc-linux-gnu/bin/../lib/gcc/nios2-elf/5.3.0/../../../../../H-x86_64-pc-linux-gnu/nios2-elf/lib/mno-hw-mul/libc.a(lib_a-wsetup.o)
 .text.__swsetup_r
                0x0000000008002204      0x154 /package/eda/altera/altera17.0/nios2eds/bin/gnu/H-x86_64-pc-linux-gnu/bin/../lib/gcc/nios2-elf/5.3.0/../../../../../H-x86_64-pc-linux-gnu/nios2-elf/lib/mno-hw-mul/libc.a(lib_a-wsetup.o)
                0x0000000008002204                __swsetup_r
 .text          0x0000000008002358        0x0 /package/eda/altera/altera17.0/nios2eds/bin/gnu/H-x86_64-pc-linux-gnu/bin/../lib/gcc/nios2-elf/5.3.0/../../../../../H-x86_64-pc-linux-gnu/nios2-elf/lib/mno-hw-mul/libc.a(closer.o)
 .text._close_r
                0x0000000008002358       0x54 /package/eda/altera/altera17.0/nios2eds/bin/gnu/H-x86_64-pc-linux-gnu/bin/../lib/gcc/nios2-elf/5.3.0/../../../../../H-x86_64-pc-linux-gnu/nios2-elf/lib/mno-hw-mul/libc.a(closer.o)
                0x0000000008002358                _close_r
 .text          0x00000000080023ac        0x0 /package/eda/altera/altera17.0/nios2eds/bin/gnu/H-x86_64-pc-linux-gnu/bin/../lib/gcc/nios2-elf/5.3.0/../../../../../H-x86_64-pc-linux-gnu/nios2-elf/lib/mno-hw-mul/libc.a(lib_a-fclose.o)
 .text._fclose_r
                0x00000000080023ac       0xf0 /package/eda/altera/altera17.0/nios2eds/bin/gnu/H-x86_64-pc-linux-gnu/bin/../lib/gcc/nios2-elf/5.3.0/../../../../../H-x86_64-pc-linux-gnu/nios2-elf/lib/mno-hw-mul/libc.a(lib_a-fclose.o)
                0x00000000080023ac                _fclose_r
 .text.fclose   0x000000000800249c       0x14 /package/eda/altera/altera17.0/nios2eds/bin/gnu/H-x86_64-pc-linux-gnu/bin/../lib/gcc/nios2-elf/5.3.0/../../../../../H-x86_64-pc-linux-gnu/nios2-elf/lib/mno-hw-mul/libc.a(lib_a-fclose.o)
                0x000000000800249c                fclose
 .text          0x00000000080024b0        0x0 /package/eda/altera/altera17.0/nios2eds/bin/gnu/H-x86_64-pc-linux-gnu/bin/../lib/gcc/nios2-elf/5.3.0/../../../../../H-x86_64-pc-linux-gnu/nios2-elf/lib/mno-hw-mul/libc.a(lib_a-fflush.o)
 .text.__sflush_r
                0x00000000080024b0      0x21c /package/eda/altera/altera17.0/nios2eds/bin/gnu/H-x86_64-pc-linux-gnu/bin/../lib/gcc/nios2-elf/5.3.0/../../../../../H-x86_64-pc-linux-gnu/nios2-elf/lib/mno-hw-mul/libc.a(lib_a-fflush.o)
                0x00000000080024b0                __sflush_r
 .text._fflush_r
                0x00000000080026cc       0x5c /package/eda/altera/altera17.0/nios2eds/bin/gnu/H-x86_64-pc-linux-gnu/bin/../lib/gcc/nios2-elf/5.3.0/../../../../../H-x86_64-pc-linux-gnu/nios2-elf/lib/mno-hw-mul/libc.a(lib_a-fflush.o)
                0x00000000080026cc                _fflush_r
 .text.fflush   0x0000000008002728       0x30 /package/eda/altera/altera17.0/nios2eds/bin/gnu/H-x86_64-pc-linux-gnu/bin/../lib/gcc/nios2-elf/5.3.0/../../../../../H-x86_64-pc-linux-gnu/nios2-elf/lib/mno-hw-mul/libc.a(lib_a-fflush.o)
                0x0000000008002728                fflush
 .text          0x0000000008002758        0x0 /package/eda/altera/altera17.0/nios2eds/bin/gnu/H-x86_64-pc-linux-gnu/bin/../lib/gcc/nios2-elf/5.3.0/../../../../../H-x86_64-pc-linux-gnu/nios2-elf/lib/mno-hw-mul/libc.a(lib_a-freer.o)
 .text._malloc_trim_r
                0x0000000008002758      0x124 /package/eda/altera/altera17.0/nios2eds/bin/gnu/H-x86_64-pc-linux-gnu/bin/../lib/gcc/nios2-elf/5.3.0/../../../../../H-x86_64-pc-linux-gnu/nios2-elf/lib/mno-hw-mul/libc.a(lib_a-freer.o)
                0x0000000008002758                _malloc_trim_r
 .text._free_r  0x000000000800287c      0x310 /package/eda/altera/altera17.0/nios2eds/bin/gnu/H-x86_64-pc-linux-gnu/bin/../lib/gcc/nios2-elf/5.3.0/../../../../../H-x86_64-pc-linux-gnu/nios2-elf/lib/mno-hw-mul/libc.a(lib_a-freer.o)
                0x000000000800287c                _free_r
 .text          0x0000000008002b8c        0x0 /package/eda/altera/altera17.0/nios2eds/bin/gnu/H-x86_64-pc-linux-gnu/bin/../lib/gcc/nios2-elf/5.3.0/../../../../../H-x86_64-pc-linux-gnu/nios2-elf/lib/mno-hw-mul/libc.a(lib_a-int_errno.o)
 .text          0x0000000008002b8c        0x0 /package/eda/altera/altera17.0/nios2eds/bin/gnu/H-x86_64-pc-linux-gnu/bin/../lib/gcc/nios2-elf/5.3.0/../../../../../H-x86_64-pc-linux-gnu/nios2-elf/lib/mno-hw-mul/libc.a(lib_a-lseekr.o)
 .text._lseek_r
                0x0000000008002b8c       0x60 /package/eda/altera/altera17.0/nios2eds/bin/gnu/H-x86_64-pc-linux-gnu/bin/../lib/gcc/nios2-elf/5.3.0/../../../../../H-x86_64-pc-linux-gnu/nios2-elf/lib/mno-hw-mul/libc.a(lib_a-lseekr.o)
                0x0000000008002b8c                _lseek_r
 .text          0x0000000008002bec        0x0 /package/eda/altera/altera17.0/nios2eds/bin/gnu/H-x86_64-pc-linux-gnu/bin/../lib/gcc/nios2-elf/5.3.0/../../../../../H-x86_64-pc-linux-gnu/nios2-elf/lib/mno-hw-mul/libc.a(lib_a-makebuf.o)
 .text.__smakebuf_r
                0x0000000008002bec      0x1bc /package/eda/altera/altera17.0/nios2eds/bin/gnu/H-x86_64-pc-linux-gnu/bin/../lib/gcc/nios2-elf/5.3.0/../../../../../H-x86_64-pc-linux-gnu/nios2-elf/lib/mno-hw-mul/libc.a(lib_a-makebuf.o)
                0x0000000008002bec                __smakebuf_r
 .text          0x0000000008002da8        0x0 /package/eda/altera/altera17.0/nios2eds/bin/gnu/H-x86_64-pc-linux-gnu/bin/../lib/gcc/nios2-elf/5.3.0/../../../../../H-x86_64-pc-linux-gnu/nios2-elf/lib/mno-hw-mul/libc.a(lib_a-readr.o)
 .text._read_r  0x0000000008002da8       0x60 /package/eda/altera/altera17.0/nios2eds/bin/gnu/H-x86_64-pc-linux-gnu/bin/../lib/gcc/nios2-elf/5.3.0/../../../../../H-x86_64-pc-linux-gnu/nios2-elf/lib/mno-hw-mul/libc.a(lib_a-readr.o)
                0x0000000008002da8                _read_r
 .text          0x0000000008002e08        0x0 /package/eda/altera/altera17.0/nios2eds/bin/gnu/H-x86_64-pc-linux-gnu/bin/../lib/gcc/nios2-elf/5.3.0/../../../../../H-x86_64-pc-linux-gnu/nios2-elf/lib/mno-hw-mul/libc.a(lib_a-fstatr.o)
 .text._fstat_r
                0x0000000008002e08       0x5c /package/eda/altera/altera17.0/nios2eds/bin/gnu/H-x86_64-pc-linux-gnu/bin/../lib/gcc/nios2-elf/5.3.0/../../../../../H-x86_64-pc-linux-gnu/nios2-elf/lib/mno-hw-mul/libc.a(lib_a-fstatr.o)
                0x0000000008002e08                _fstat_r
 .text          0x0000000008002e64        0x0 /package/eda/altera/altera17.0/nios2eds/bin/gnu/H-x86_64-pc-linux-gnu/bin/../lib/gcc/nios2-elf/5.3.0/../../../../../H-x86_64-pc-linux-gnu/nios2-elf/lib/mno-hw-mul/libc.a(lib_a-isattyr.o)
 .text._isatty_r
                0x0000000008002e64       0x54 /package/eda/altera/altera17.0/nios2eds/bin/gnu/H-x86_64-pc-linux-gnu/bin/../lib/gcc/nios2-elf/5.3.0/../../../../../H-x86_64-pc-linux-gnu/nios2-elf/lib/mno-hw-mul/libc.a(lib_a-isattyr.o)
                0x0000000008002e64                _isatty_r
 .text          0x0000000008002eb8      0x1b4 /package/eda/altera/altera17.0/nios2eds/bin/gnu/H-x86_64-pc-linux-gnu/bin/../lib/gcc/nios2-elf/5.3.0/mno-hw-mul/libgcc.a(lib2-divmod.o)
                0x0000000008002eb8                __divsi3
                0x0000000008002f3c                __modsi3
                0x0000000008002fb0                __udivsi3
                0x0000000008003014                __umodsi3
 .text          0x000000000800306c       0x28 /package/eda/altera/altera17.0/nios2eds/bin/gnu/H-x86_64-pc-linux-gnu/bin/../lib/gcc/nios2-elf/5.3.0/mno-hw-mul/libgcc.a(lib2-mul.o)
                0x000000000800306c                __mulsi3
 .text          0x0000000008003094      0x114 ../demo_board_123_bsp//libhal_bsp.a(alt_close.o)
                0x00000000080030d0                close
 .text          0x00000000080031a8       0x2c ../demo_board_123_bsp//libhal_bsp.a(alt_dev.o)
 .text          0x00000000080031d4        0x0 ../demo_board_123_bsp//libhal_bsp.a(alt_errno.o)
 .text          0x00000000080031d4       0xf4 ../demo_board_123_bsp//libhal_bsp.a(alt_fstat.o)
                0x0000000008003210                fstat
 .text          0x00000000080032c8       0xe8 ../demo_board_123_bsp//libhal_bsp.a(alt_isatty.o)
                0x0000000008003304                isatty
 .text          0x00000000080033b0       0xec ../demo_board_123_bsp//libhal_bsp.a(alt_load.o)
                0x0000000008003418                alt_load
 .text          0x000000000800349c      0x118 ../demo_board_123_bsp//libhal_bsp.a(alt_lseek.o)
                0x00000000080034d8                lseek
 .text          0x00000000080035b4       0x7c ../demo_board_123_bsp//libhal_bsp.a(alt_main.o)
                0x00000000080035b4                alt_main
 .text          0x0000000008003630       0x48 ../demo_board_123_bsp//libhal_bsp.a(alt_malloc_lock.o)
                0x0000000008003630                __malloc_lock
                0x0000000008003654                __malloc_unlock
 .text          0x0000000008003678      0x140 ../demo_board_123_bsp//libhal_bsp.a(alt_read.o)
                0x00000000080036b4                read
 .text          0x00000000080037b8       0x84 ../demo_board_123_bsp//libhal_bsp.a(alt_release_fd.o)
                0x00000000080037b8                alt_release_fd
 .text          0x000000000800383c       0xb0 ../demo_board_123_bsp//libhal_bsp.a(alt_sbrk.o)
                0x000000000800383c                sbrk
 .text          0x00000000080038ec      0x13c ../demo_board_123_bsp//libhal_bsp.a(alt_write.o)
                0x0000000008003928                write
 .text          0x0000000008003a28      0x290 ../demo_board_123_bsp//libhal_bsp.a(alt_sys_init.o)
                0x0000000008003a5c                alt_irq_init
                0x0000000008003a94                alt_sys_init
 .text          0x0000000008003cb8      0x164 ../demo_board_123_bsp//libhal_bsp.a(altera_avalon_jtag_uart_fd.o)
                0x0000000008003cb8                altera_avalon_jtag_uart_read_fd
                0x0000000008003d18                altera_avalon_jtag_uart_write_fd
                0x0000000008003d78                altera_avalon_jtag_uart_close_fd
                0x0000000008003dc8                altera_avalon_jtag_uart_ioctl_fd
 .text          0x0000000008003e1c      0x3d4 ../demo_board_123_bsp//libhal_bsp.a(altera_avalon_jtag_uart_init.o)
                0x0000000008003e1c                altera_avalon_jtag_uart_init
                0x0000000008004188                altera_avalon_jtag_uart_close
 .text          0x00000000080041f0       0xf0 ../demo_board_123_bsp//libhal_bsp.a(altera_avalon_jtag_uart_ioctl.o)
                0x00000000080041f0                altera_avalon_jtag_uart_ioctl
 .text          0x00000000080042e0      0x21c ../demo_board_123_bsp//libhal_bsp.a(altera_avalon_jtag_uart_read.o)
                0x00000000080042e0                altera_avalon_jtag_uart_read
 .text          0x00000000080044fc      0x224 ../demo_board_123_bsp//libhal_bsp.a(altera_avalon_jtag_uart_write.o)
                0x00000000080044fc                altera_avalon_jtag_uart_write
 .text          0x0000000008004720      0xf78 ../demo_board_123_bsp//libhal_bsp.a(altera_up_avalon_video_pixel_buffer_dma.o)
                0x0000000008004720                alt_up_pixel_buffer_dma_open_dev
                0x000000000800475c                alt_up_pixel_buffer_dma_draw
                0x0000000008004904                alt_up_pixel_buffer_dma_change_back_buffer_address
                0x0000000008004960                alt_up_pixel_buffer_dma_swap_buffers
                0x00000000080049c0                alt_up_pixel_buffer_dma_check_swap_buffers_status
                0x00000000080049f4                alt_up_pixel_buffer_dma_clear_screen
                0x0000000008004b30                alt_up_pixel_buffer_dma_draw_box
                0x0000000008004e2c                alt_up_pixel_buffer_dma_draw_hline
                0x000000000800505c                alt_up_pixel_buffer_dma_draw_vline
                0x00000000080052c8                alt_up_pixel_buffer_dma_draw_rectangle
                0x0000000008005390                helper_plot_pixel
                0x0000000008005450                alt_up_pixel_buffer_dma_draw_line
 .text          0x0000000008005698      0x12c ../demo_board_123_bsp//libhal_bsp.a(alt_alarm_start.o)
                0x0000000008005698                alt_alarm_start
 .text          0x00000000080057c4       0x20 ../demo_board_123_bsp//libhal_bsp.a(alt_dcache_flush_all.o)
                0x00000000080057c4                alt_dcache_flush_all
 .text          0x00000000080057e4       0xe0 ../demo_board_123_bsp//libhal_bsp.a(alt_dev_llist_insert.o)
                0x0000000008005820                alt_dev_llist_insert
 .text          0x00000000080058c4       0x60 ../demo_board_123_bsp//libhal_bsp.a(alt_do_ctors.o)
                0x00000000080058c4                _do_ctors
 .text          0x0000000008005924       0x60 ../demo_board_123_bsp//libhal_bsp.a(alt_do_dtors.o)
                0x0000000008005924                _do_dtors
 .text          0x0000000008005984       0x90 ../demo_board_123_bsp//libhal_bsp.a(alt_find_dev.o)
                0x0000000008005984                alt_find_dev
 .text          0x0000000008005a14       0x20 ../demo_board_123_bsp//libhal_bsp.a(alt_icache_flush_all.o)
                0x0000000008005a14                alt_icache_flush_all
 .text          0x0000000008005a34      0x1b0 ../demo_board_123_bsp//libhal_bsp.a(alt_iic.o)
                0x0000000008005a34                alt_ic_isr_register
                0x0000000008005a84                alt_ic_irq_enable
                0x0000000008005b0c                alt_ic_irq_disable
                0x0000000008005b98                alt_ic_irq_enabled
 .text          0x0000000008005be4       0xf0 ../demo_board_123_bsp//libhal_bsp.a(alt_iic_isr_register.o)
                0x0000000008005be4                alt_iic_isr_register
 .text          0x0000000008005cd4      0x160 ../demo_board_123_bsp//libhal_bsp.a(alt_io_redirect.o)
                0x0000000008005db8                alt_io_redirect
 .text          0x0000000008005e34        0x0 ../demo_board_123_bsp//libhal_bsp.a(alt_irq_entry.o)
 .text          0x0000000008005e34        0x0 ../demo_board_123_bsp//libhal_bsp.a(alt_irq_handler.o)
 .text          0x0000000008005e34        0x0 ../demo_board_123_bsp//libhal_bsp.a(alt_irq_vars.o)
 .text          0x0000000008005e34      0x284 ../demo_board_123_bsp//libhal_bsp.a(alt_open.o)
                0x0000000008005f5c                open
 .text          0x00000000080060b8      0x1a4 ../demo_board_123_bsp//libhal_bsp.a(alt_tick.o)
                0x00000000080060b8                alt_alarm_stop
                0x0000000008006154                alt_tick
 .text          0x000000000800625c       0x24 ../demo_board_123_bsp//libhal_bsp.a(altera_nios2_qsys_irq.o)
                0x000000000800625c                altera_nios2_qsys_irq_init
 .text          0x0000000008006280        0x0 ../demo_board_123_bsp//libhal_bsp.a(alt_exception_entry.o)
 .text          0x0000000008006280      0x108 ../demo_board_123_bsp//libhal_bsp.a(alt_find_file.o)
                0x0000000008006280                alt_find_file
 .text          0x0000000008006388       0xc4 ../demo_board_123_bsp//libhal_bsp.a(alt_get_fd.o)
                0x0000000008006388                alt_get_fd
 .text          0x000000000800644c        0x0 /package/eda/altera/altera17.0/nios2eds/bin/gnu/H-x86_64-pc-linux-gnu/bin/../lib/gcc/nios2-elf/5.3.0/../../../../../H-x86_64-pc-linux-gnu/nios2-elf/lib/mno-hw-mul/libc.a(lib_a-atexit.o)
 .text.atexit   0x000000000800644c       0x14 /package/eda/altera/altera17.0/nios2eds/bin/gnu/H-x86_64-pc-linux-gnu/bin/../lib/gcc/nios2-elf/5.3.0/../../../../../H-x86_64-pc-linux-gnu/nios2-elf/lib/mno-hw-mul/libc.a(lib_a-atexit.o)
                0x000000000800644c                atexit
 .text          0x0000000008006460        0x0 /package/eda/altera/altera17.0/nios2eds/bin/gnu/H-x86_64-pc-linux-gnu/bin/../lib/gcc/nios2-elf/5.3.0/../../../../../H-x86_64-pc-linux-gnu/nios2-elf/lib/mno-hw-mul/libc.a(lib_a-exit.o)
 .text.exit     0x0000000008006460       0x38 /package/eda/altera/altera17.0/nios2eds/bin/gnu/H-x86_64-pc-linux-gnu/bin/../lib/gcc/nios2-elf/5.3.0/../../../../../H-x86_64-pc-linux-gnu/nios2-elf/lib/mno-hw-mul/libc.a(lib_a-exit.o)
                0x0000000008006460                exit
 .text          0x0000000008006498        0x0 /package/eda/altera/altera17.0/nios2eds/bin/gnu/H-x86_64-pc-linux-gnu/bin/../lib/gcc/nios2-elf/5.3.0/../../../../../H-x86_64-pc-linux-gnu/nios2-elf/lib/mno-hw-mul/libc.a(lib_a-memcmp.o)
 .text.memcmp   0x0000000008006498       0x7c /package/eda/altera/altera17.0/nios2eds/bin/gnu/H-x86_64-pc-linux-gnu/bin/../lib/gcc/nios2-elf/5.3.0/../../../../../H-x86_64-pc-linux-gnu/nios2-elf/lib/mno-hw-mul/libc.a(lib_a-memcmp.o)
                0x0000000008006498                memcmp
 .text          0x0000000008006514        0x0 /package/eda/altera/altera17.0/nios2eds/bin/gnu/H-x86_64-pc-linux-gnu/bin/../lib/gcc/nios2-elf/5.3.0/../../../../../H-x86_64-pc-linux-gnu/nios2-elf/lib/mno-hw-mul/libc.a(lib_a-__atexit.o)
 .text.__register_exitproc
                0x0000000008006514      0x118 /package/eda/altera/altera17.0/nios2eds/bin/gnu/H-x86_64-pc-linux-gnu/bin/../lib/gcc/nios2-elf/5.3.0/../../../../../H-x86_64-pc-linux-gnu/nios2-elf/lib/mno-hw-mul/libc.a(lib_a-__atexit.o)
                0x0000000008006514                __register_exitproc
 .text          0x000000000800662c        0x0 /package/eda/altera/altera17.0/nios2eds/bin/gnu/H-x86_64-pc-linux-gnu/bin/../lib/gcc/nios2-elf/5.3.0/../../../../../H-x86_64-pc-linux-gnu/nios2-elf/lib/mno-hw-mul/libc.a(lib_a-__call_atexit.o)
 .text.__call_exitprocs
                0x000000000800662c      0x180 /package/eda/altera/altera17.0/nios2eds/bin/gnu/H-x86_64-pc-linux-gnu/bin/../lib/gcc/nios2-elf/5.3.0/../../../../../H-x86_64-pc-linux-gnu/nios2-elf/lib/mno-hw-mul/libc.a(lib_a-__call_atexit.o)
                0x000000000800662c                __call_exitprocs
 .text          0x00000000080067ac       0x34 ../demo_board_123_bsp//libhal_bsp.a(alt_exit.o)
                0x00000000080067ac                _exit
 *(.gnu.warning.*)
 *(.fini)
                [!provide]                        PROVIDE (__etext, ABSOLUTE (.))
                [!provide]                        PROVIDE (_etext, ABSOLUTE (.))
                [!provide]                        PROVIDE (etext, ABSOLUTE (.))
 *(.eh_frame_hdr)
                0x00000000080067e0                . = ALIGN (0x4)
                [!provide]                        PROVIDE (__preinit_array_start, ABSOLUTE (.))
 *(.preinit_array)
                [!provide]                        PROVIDE (__preinit_array_end, ABSOLUTE (.))
                [!provide]                        PROVIDE (__init_array_start, ABSOLUTE (.))
 *(.init_array)
                [!provide]                        PROVIDE (__init_array_end, ABSOLUTE (.))
                [!provide]                        PROVIDE (__fini_array_start, ABSOLUTE (.))
 *(.fini_array)
                [!provide]                        PROVIDE (__fini_array_end, ABSOLUTE (.))
 *(.eh_frame)
 *(.gcc_except_table .gcc_except_table.*)
 *(.dynamic)
                0x00000000080067e0                PROVIDE (__CTOR_LIST__, ABSOLUTE (.))
 *(.ctors)
 *(SORT(.ctors.*))
                0x00000000080067e0                PROVIDE (__CTOR_END__, ABSOLUTE (.))
                0x00000000080067e0                PROVIDE (__DTOR_LIST__, ABSOLUTE (.))
 *(.dtors)
 *(SORT(.dtors.*))
                0x00000000080067e0                PROVIDE (__DTOR_END__, ABSOLUTE (.))
 *(.jcr)
                0x00000000080067e0                . = ALIGN (0x4)

.rodata         0x00000000080067e0       0x90
                0x00000000080067e0                PROVIDE (__ram_rodata_start, ABSOLUTE (.))
                0x00000000080067e0                . = ALIGN (0x4)
 *(.rodata .rodata.* .gnu.linkonce.r.*)
 .rodata        0x00000000080067e0       0x34 obj/default/hello_world.o
 .rodata.str1.4
                0x0000000008006814        0x2 /package/eda/altera/altera17.0/nios2eds/bin/gnu/H-x86_64-pc-linux-gnu/bin/../lib/gcc/nios2-elf/5.3.0/../../../../../H-x86_64-pc-linux-gnu/nios2-elf/lib/mno-hw-mul/libc.a(lib_a-puts.o)
 *fill*         0x0000000008006816        0x2 
 .rodata.str1.4
                0x0000000008006818        0x4 /package/eda/altera/altera17.0/nios2eds/bin/gnu/H-x86_64-pc-linux-gnu/bin/../lib/gcc/nios2-elf/5.3.0/../../../../../H-x86_64-pc-linux-gnu/nios2-elf/lib/mno-hw-mul/libc.a(lib_a-impure.o)
                                          0x2 (size before relaxing)
 .rodata        0x000000000800681c        0xa ../demo_board_123_bsp//libhal_bsp.a(alt_dev.o)
 *fill*         0x0000000008006826        0x2 
 .rodata        0x0000000008006828       0x11 ../demo_board_123_bsp//libhal_bsp.a(alt_main.o)
 *fill*         0x0000000008006839        0x3 
 .rodata        0x000000000800683c       0x32 ../demo_board_123_bsp//libhal_bsp.a(alt_sys_init.o)
 *(.rodata1)
                0x0000000008006870                . = ALIGN (0x4)
 *fill*         0x000000000800686e        0x2 
                0x0000000008006870                PROVIDE (__ram_rodata_end, ABSOLUTE (.))
                0x00000000080067e0                PROVIDE (__flash_rodata_start, LOADADDR (.rodata))

.rwdata         0x0000000008006870     0x1ac0 load address 0x0000000008008330
                0x0000000008006870                PROVIDE (__ram_rwdata_start, ABSOLUTE (.))
                0x0000000008006870                . = ALIGN (0x4)
 *(.got.plt)
 *(.got)
 *(.data1)
 *(.data .data.* .gnu.linkonce.d.*)
 .data          0x0000000008006870        0x0 ../demo_board_123_bsp//obj/HAL/src/crt0.o
 .data          0x0000000008006870        0x0 obj/default/hello_world.o
 .data          0x0000000008006870        0x0 /package/eda/altera/altera17.0/nios2eds/bin/gnu/H-x86_64-pc-linux-gnu/bin/../lib/gcc/nios2-elf/5.3.0/../../../../../H-x86_64-pc-linux-gnu/nios2-elf/lib/mno-hw-mul/libc.a(lib_a-puts.o)
 .data          0x0000000008006870        0x0 /package/eda/altera/altera17.0/nios2eds/bin/gnu/H-x86_64-pc-linux-gnu/bin/../lib/gcc/nios2-elf/5.3.0/../../../../../H-x86_64-pc-linux-gnu/nios2-elf/lib/mno-hw-mul/libc.a(lib_a-strlen.o)
 .data          0x0000000008006870        0x0 /package/eda/altera/altera17.0/nios2eds/bin/gnu/H-x86_64-pc-linux-gnu/bin/../lib/gcc/nios2-elf/5.3.0/../../../../../H-x86_64-pc-linux-gnu/nios2-elf/lib/mno-hw-mul/libc.a(lib_a-findfp.o)
 .data          0x0000000008006870        0x0 /package/eda/altera/altera17.0/nios2eds/bin/gnu/H-x86_64-pc-linux-gnu/bin/../lib/gcc/nios2-elf/5.3.0/../../../../../H-x86_64-pc-linux-gnu/nios2-elf/lib/mno-hw-mul/libc.a(lib_a-fvwrite.o)
 .data          0x0000000008006870        0x0 /package/eda/altera/altera17.0/nios2eds/bin/gnu/H-x86_64-pc-linux-gnu/bin/../lib/gcc/nios2-elf/5.3.0/../../../../../H-x86_64-pc-linux-gnu/nios2-elf/lib/mno-hw-mul/libc.a(lib_a-fwalk.o)
 .data          0x0000000008006870        0x0 /package/eda/altera/altera17.0/nios2eds/bin/gnu/H-x86_64-pc-linux-gnu/bin/../lib/gcc/nios2-elf/5.3.0/../../../../../H-x86_64-pc-linux-gnu/nios2-elf/lib/mno-hw-mul/libc.a(lib_a-impure.o)
 .data.impure_data
                0x0000000008006870      0x424 /package/eda/altera/altera17.0/nios2eds/bin/gnu/H-x86_64-pc-linux-gnu/bin/../lib/gcc/nios2-elf/5.3.0/../../../../../H-x86_64-pc-linux-gnu/nios2-elf/lib/mno-hw-mul/libc.a(lib_a-impure.o)
 .data          0x0000000008006c94        0x0 /package/eda/altera/altera17.0/nios2eds/bin/gnu/H-x86_64-pc-linux-gnu/bin/../lib/gcc/nios2-elf/5.3.0/../../../../../H-x86_64-pc-linux-gnu/nios2-elf/lib/mno-hw-mul/libc.a(lib_a-mallocr.o)
 .data.__malloc_av_
                0x0000000008006c94      0x408 /package/eda/altera/altera17.0/nios2eds/bin/gnu/H-x86_64-pc-linux-gnu/bin/../lib/gcc/nios2-elf/5.3.0/../../../../../H-x86_64-pc-linux-gnu/nios2-elf/lib/mno-hw-mul/libc.a(lib_a-mallocr.o)
                0x0000000008006c94                __malloc_av_
 .data          0x000000000800709c        0x0 /package/eda/altera/altera17.0/nios2eds/bin/gnu/H-x86_64-pc-linux-gnu/bin/../lib/gcc/nios2-elf/5.3.0/../../../../../H-x86_64-pc-linux-gnu/nios2-elf/lib/mno-hw-mul/libc.a(lib_a-memchr.o)
 .data          0x000000000800709c        0x0 /package/eda/altera/altera17.0/nios2eds/bin/gnu/H-x86_64-pc-linux-gnu/bin/../lib/gcc/nios2-elf/5.3.0/../../../../../H-x86_64-pc-linux-gnu/nios2-elf/lib/mno-hw-mul/libc.a(lib_a-memcpy.o)
 .data          0x000000000800709c        0x0 /package/eda/altera/altera17.0/nios2eds/bin/gnu/H-x86_64-pc-linux-gnu/bin/../lib/gcc/nios2-elf/5.3.0/../../../../../H-x86_64-pc-linux-gnu/nios2-elf/lib/mno-hw-mul/libc.a(lib_a-memmove.o)
 .data          0x000000000800709c        0x0 /package/eda/altera/altera17.0/nios2eds/bin/gnu/H-x86_64-pc-linux-gnu/bin/../lib/gcc/nios2-elf/5.3.0/../../../../../H-x86_64-pc-linux-gnu/nios2-elf/lib/mno-hw-mul/libc.a(lib_a-memset.o)
 .data          0x000000000800709c        0x0 /package/eda/altera/altera17.0/nios2eds/bin/gnu/H-x86_64-pc-linux-gnu/bin/../lib/gcc/nios2-elf/5.3.0/../../../../../H-x86_64-pc-linux-gnu/nios2-elf/lib/mno-hw-mul/libc.a(lib_a-reallocr.o)
 .data          0x000000000800709c        0x0 /package/eda/altera/altera17.0/nios2eds/bin/gnu/H-x86_64-pc-linux-gnu/bin/../lib/gcc/nios2-elf/5.3.0/../../../../../H-x86_64-pc-linux-gnu/nios2-elf/lib/mno-hw-mul/libc.a(lib_a-sbrkr.o)
 .data          0x000000000800709c        0x0 /package/eda/altera/altera17.0/nios2eds/bin/gnu/H-x86_64-pc-linux-gnu/bin/../lib/gcc/nios2-elf/5.3.0/../../../../../H-x86_64-pc-linux-gnu/nios2-elf/lib/mno-hw-mul/libc.a(lib_a-stdio.o)
 .data          0x000000000800709c        0x0 /package/eda/altera/altera17.0/nios2eds/bin/gnu/H-x86_64-pc-linux-gnu/bin/../lib/gcc/nios2-elf/5.3.0/../../../../../H-x86_64-pc-linux-gnu/nios2-elf/lib/mno-hw-mul/libc.a(lib_a-writer.o)
 .data          0x000000000800709c        0x0 /package/eda/altera/altera17.0/nios2eds/bin/gnu/H-x86_64-pc-linux-gnu/bin/../lib/gcc/nios2-elf/5.3.0/../../../../../H-x86_64-pc-linux-gnu/nios2-elf/lib/mno-hw-mul/libc.a(lib_a-wsetup.o)
 .data          0x000000000800709c        0x0 /package/eda/altera/altera17.0/nios2eds/bin/gnu/H-x86_64-pc-linux-gnu/bin/../lib/gcc/nios2-elf/5.3.0/../../../../../H-x86_64-pc-linux-gnu/nios2-elf/lib/mno-hw-mul/libc.a(closer.o)
 .data          0x000000000800709c        0x0 /package/eda/altera/altera17.0/nios2eds/bin/gnu/H-x86_64-pc-linux-gnu/bin/../lib/gcc/nios2-elf/5.3.0/../../../../../H-x86_64-pc-linux-gnu/nios2-elf/lib/mno-hw-mul/libc.a(lib_a-fclose.o)
 .data          0x000000000800709c        0x0 /package/eda/altera/altera17.0/nios2eds/bin/gnu/H-x86_64-pc-linux-gnu/bin/../lib/gcc/nios2-elf/5.3.0/../../../../../H-x86_64-pc-linux-gnu/nios2-elf/lib/mno-hw-mul/libc.a(lib_a-fflush.o)
 .data          0x000000000800709c        0x0 /package/eda/altera/altera17.0/nios2eds/bin/gnu/H-x86_64-pc-linux-gnu/bin/../lib/gcc/nios2-elf/5.3.0/../../../../../H-x86_64-pc-linux-gnu/nios2-elf/lib/mno-hw-mul/libc.a(lib_a-freer.o)
 .data          0x000000000800709c        0x0 /package/eda/altera/altera17.0/nios2eds/bin/gnu/H-x86_64-pc-linux-gnu/bin/../lib/gcc/nios2-elf/5.3.0/../../../../../H-x86_64-pc-linux-gnu/nios2-elf/lib/mno-hw-mul/libc.a(lib_a-int_errno.o)
 .data          0x000000000800709c        0x0 /package/eda/altera/altera17.0/nios2eds/bin/gnu/H-x86_64-pc-linux-gnu/bin/../lib/gcc/nios2-elf/5.3.0/../../../../../H-x86_64-pc-linux-gnu/nios2-elf/lib/mno-hw-mul/libc.a(lib_a-lseekr.o)
 .data          0x000000000800709c        0x0 /package/eda/altera/altera17.0/nios2eds/bin/gnu/H-x86_64-pc-linux-gnu/bin/../lib/gcc/nios2-elf/5.3.0/../../../../../H-x86_64-pc-linux-gnu/nios2-elf/lib/mno-hw-mul/libc.a(lib_a-makebuf.o)
 .data          0x000000000800709c        0x0 /package/eda/altera/altera17.0/nios2eds/bin/gnu/H-x86_64-pc-linux-gnu/bin/../lib/gcc/nios2-elf/5.3.0/../../../../../H-x86_64-pc-linux-gnu/nios2-elf/lib/mno-hw-mul/libc.a(lib_a-readr.o)
 .data          0x000000000800709c        0x0 /package/eda/altera/altera17.0/nios2eds/bin/gnu/H-x86_64-pc-linux-gnu/bin/../lib/gcc/nios2-elf/5.3.0/../../../../../H-x86_64-pc-linux-gnu/nios2-elf/lib/mno-hw-mul/libc.a(lib_a-fstatr.o)
 .data          0x000000000800709c        0x0 /package/eda/altera/altera17.0/nios2eds/bin/gnu/H-x86_64-pc-linux-gnu/bin/../lib/gcc/nios2-elf/5.3.0/../../../../../H-x86_64-pc-linux-gnu/nios2-elf/lib/mno-hw-mul/libc.a(lib_a-isattyr.o)
 .data          0x000000000800709c        0x0 /package/eda/altera/altera17.0/nios2eds/bin/gnu/H-x86_64-pc-linux-gnu/bin/../lib/gcc/nios2-elf/5.3.0/mno-hw-mul/libgcc.a(lib2-divmod.o)
 .data          0x000000000800709c        0x0 /package/eda/altera/altera17.0/nios2eds/bin/gnu/H-x86_64-pc-linux-gnu/bin/../lib/gcc/nios2-elf/5.3.0/mno-hw-mul/libgcc.a(lib2-mul.o)
 .data          0x000000000800709c        0x0 ../demo_board_123_bsp//libhal_bsp.a(alt_close.o)
 .data          0x000000000800709c      0x1a8 ../demo_board_123_bsp//libhal_bsp.a(alt_dev.o)
                0x000000000800709c                alt_dev_null
                0x00000000080070c4                alt_fd_list
 .data          0x0000000008007244        0x0 ../demo_board_123_bsp//libhal_bsp.a(alt_errno.o)
 .data          0x0000000008007244        0x0 ../demo_board_123_bsp//libhal_bsp.a(alt_fstat.o)
 .data          0x0000000008007244        0x0 ../demo_board_123_bsp//libhal_bsp.a(alt_isatty.o)
 .data          0x0000000008007244        0x0 ../demo_board_123_bsp//libhal_bsp.a(alt_load.o)
 .data          0x0000000008007244        0x0 ../demo_board_123_bsp//libhal_bsp.a(alt_lseek.o)
 .data          0x0000000008007244        0x0 ../demo_board_123_bsp//libhal_bsp.a(alt_main.o)
 .data          0x0000000008007244        0x0 ../demo_board_123_bsp//libhal_bsp.a(alt_malloc_lock.o)
 .data          0x0000000008007244        0x0 ../demo_board_123_bsp//libhal_bsp.a(alt_read.o)
 .data          0x0000000008007244        0x0 ../demo_board_123_bsp//libhal_bsp.a(alt_release_fd.o)
 .data          0x0000000008007244        0x0 ../demo_board_123_bsp//libhal_bsp.a(alt_sbrk.o)
 .data          0x0000000008007244        0x0 ../demo_board_123_bsp//libhal_bsp.a(alt_write.o)
 .data          0x0000000008007244     0x10b4 ../demo_board_123_bsp//libhal_bsp.a(alt_sys_init.o)
 .data          0x00000000080082f8        0x0 ../demo_board_123_bsp//libhal_bsp.a(altera_avalon_jtag_uart_fd.o)
 .data          0x00000000080082f8        0x0 ../demo_board_123_bsp//libhal_bsp.a(altera_avalon_jtag_uart_init.o)
 .data          0x00000000080082f8        0x0 ../demo_board_123_bsp//libhal_bsp.a(altera_avalon_jtag_uart_ioctl.o)
 .data          0x00000000080082f8        0x0 ../demo_board_123_bsp//libhal_bsp.a(altera_avalon_jtag_uart_read.o)
 .data          0x00000000080082f8        0x0 ../demo_board_123_bsp//libhal_bsp.a(altera_avalon_jtag_uart_write.o)
 .data          0x00000000080082f8        0x0 ../demo_board_123_bsp//libhal_bsp.a(altera_up_avalon_video_pixel_buffer_dma.o)
 .data          0x00000000080082f8        0x0 ../demo_board_123_bsp//libhal_bsp.a(alt_alarm_start.o)
 .data          0x00000000080082f8        0x0 ../demo_board_123_bsp//libhal_bsp.a(alt_dcache_flush_all.o)
 .data          0x00000000080082f8        0x0 ../demo_board_123_bsp//libhal_bsp.a(alt_dev_llist_insert.o)
 .data          0x00000000080082f8        0x0 ../demo_board_123_bsp//libhal_bsp.a(alt_do_ctors.o)
 .data          0x00000000080082f8        0x0 ../demo_board_123_bsp//libhal_bsp.a(alt_do_dtors.o)
 .data          0x00000000080082f8        0x0 ../demo_board_123_bsp//libhal_bsp.a(alt_find_dev.o)
 .data          0x00000000080082f8        0x0 ../demo_board_123_bsp//libhal_bsp.a(alt_icache_flush_all.o)
 .data          0x00000000080082f8        0x0 ../demo_board_123_bsp//libhal_bsp.a(alt_iic.o)
 .data          0x00000000080082f8        0x0 ../demo_board_123_bsp//libhal_bsp.a(alt_iic_isr_register.o)
 .data          0x00000000080082f8        0x0 ../demo_board_123_bsp//libhal_bsp.a(alt_io_redirect.o)
 .data          0x00000000080082f8        0x0 ../demo_board_123_bsp//libhal_bsp.a(alt_irq_entry.o)
 .data          0x00000000080082f8        0x0 ../demo_board_123_bsp//libhal_bsp.a(alt_irq_handler.o)
 .data          0x00000000080082f8        0x0 ../demo_board_123_bsp//libhal_bsp.a(alt_irq_vars.o)
 .data          0x00000000080082f8        0x0 ../demo_board_123_bsp//libhal_bsp.a(alt_open.o)
 .data          0x00000000080082f8        0x0 ../demo_board_123_bsp//libhal_bsp.a(alt_tick.o)
 .data          0x00000000080082f8        0x0 ../demo_board_123_bsp//libhal_bsp.a(altera_nios2_qsys_irq.o)
 .data          0x00000000080082f8        0x0 ../demo_board_123_bsp//libhal_bsp.a(alt_exception_entry.o)
 .data          0x00000000080082f8        0x0 ../demo_board_123_bsp//libhal_bsp.a(alt_find_file.o)
 .data          0x00000000080082f8        0x0 ../demo_board_123_bsp//libhal_bsp.a(alt_get_fd.o)
 .data          0x00000000080082f8        0x0 /package/eda/altera/altera17.0/nios2eds/bin/gnu/H-x86_64-pc-linux-gnu/bin/../lib/gcc/nios2-elf/5.3.0/../../../../../H-x86_64-pc-linux-gnu/nios2-elf/lib/mno-hw-mul/libc.a(lib_a-atexit.o)
 .data          0x00000000080082f8        0x0 /package/eda/altera/altera17.0/nios2eds/bin/gnu/H-x86_64-pc-linux-gnu/bin/../lib/gcc/nios2-elf/5.3.0/../../../../../H-x86_64-pc-linux-gnu/nios2-elf/lib/mno-hw-mul/libc.a(lib_a-exit.o)
 .data          0x00000000080082f8        0x0 /package/eda/altera/altera17.0/nios2eds/bin/gnu/H-x86_64-pc-linux-gnu/bin/../lib/gcc/nios2-elf/5.3.0/../../../../../H-x86_64-pc-linux-gnu/nios2-elf/lib/mno-hw-mul/libc.a(lib_a-memcmp.o)
 .data          0x00000000080082f8        0x0 /package/eda/altera/altera17.0/nios2eds/bin/gnu/H-x86_64-pc-linux-gnu/bin/../lib/gcc/nios2-elf/5.3.0/../../../../../H-x86_64-pc-linux-gnu/nios2-elf/lib/mno-hw-mul/libc.a(lib_a-__atexit.o)
 .data          0x00000000080082f8        0x0 /package/eda/altera/altera17.0/nios2eds/bin/gnu/H-x86_64-pc-linux-gnu/bin/../lib/gcc/nios2-elf/5.3.0/../../../../../H-x86_64-pc-linux-gnu/nios2-elf/lib/mno-hw-mul/libc.a(lib_a-__call_atexit.o)
 .data          0x00000000080082f8        0x0 ../demo_board_123_bsp//libhal_bsp.a(alt_exit.o)
                0x00000000080102f8                _gp = ABSOLUTE ((. + 0x8000))
                [!provide]                        PROVIDE (gp, _gp)
 *(.rwdata .rwdata.*)
 *(.sdata .sdata.* .gnu.linkonce.s.*)
 .sdata._global_impure_ptr
                0x00000000080082f8        0x4 /package/eda/altera/altera17.0/nios2eds/bin/gnu/H-x86_64-pc-linux-gnu/bin/../lib/gcc/nios2-elf/5.3.0/../../../../../H-x86_64-pc-linux-gnu/nios2-elf/lib/mno-hw-mul/libc.a(lib_a-impure.o)
                0x00000000080082f8                _global_impure_ptr
 .sdata._impure_ptr
                0x00000000080082fc        0x4 /package/eda/altera/altera17.0/nios2eds/bin/gnu/H-x86_64-pc-linux-gnu/bin/../lib/gcc/nios2-elf/5.3.0/../../../../../H-x86_64-pc-linux-gnu/nios2-elf/lib/mno-hw-mul/libc.a(lib_a-impure.o)
                0x00000000080082fc                _impure_ptr
 .sdata.__malloc_sbrk_base
                0x0000000008008300        0x4 /package/eda/altera/altera17.0/nios2eds/bin/gnu/H-x86_64-pc-linux-gnu/bin/../lib/gcc/nios2-elf/5.3.0/../../../../../H-x86_64-pc-linux-gnu/nios2-elf/lib/mno-hw-mul/libc.a(lib_a-mallocr.o)
                0x0000000008008300                __malloc_sbrk_base
 .sdata.__malloc_trim_threshold
                0x0000000008008304        0x4 /package/eda/altera/altera17.0/nios2eds/bin/gnu/H-x86_64-pc-linux-gnu/bin/../lib/gcc/nios2-elf/5.3.0/../../../../../H-x86_64-pc-linux-gnu/nios2-elf/lib/mno-hw-mul/libc.a(lib_a-mallocr.o)
                0x0000000008008304                __malloc_trim_threshold
 .sdata         0x0000000008008308       0x14 ../demo_board_123_bsp//libhal_bsp.a(alt_dev.o)
                0x0000000008008308                alt_fs_list
                0x0000000008008310                alt_dev_list
                0x0000000008008318                alt_max_fd
 .sdata         0x000000000800831c        0x4 ../demo_board_123_bsp//libhal_bsp.a(alt_errno.o)
                0x000000000800831c                alt_errno
 .sdata         0x0000000008008320        0x4 ../demo_board_123_bsp//libhal_bsp.a(alt_sbrk.o)
 .sdata         0x0000000008008324        0x4 ../demo_board_123_bsp//libhal_bsp.a(alt_irq_vars.o)
                0x0000000008008324                alt_priority_mask
 .sdata         0x0000000008008328        0x8 ../demo_board_123_bsp//libhal_bsp.a(alt_tick.o)
                0x0000000008008328                alt_alarm_list
 *(.sdata2 .sdata2.* .gnu.linkonce.s2.*)
                0x0000000008008330                . = ALIGN (0x4)
                0x0000000008008330                _edata = ABSOLUTE (.)
                [!provide]                        PROVIDE (edata, ABSOLUTE (.))
                0x0000000008008330                PROVIDE (__ram_rwdata_end, ABSOLUTE (.))
                0x0000000008008330                PROVIDE (__flash_rwdata_start, LOADADDR (.rwdata))

.bss            0x0000000008009df0      0x150
                0x0000000008009df0                __bss_start = ABSOLUTE (.)
                [!provide]                        PROVIDE (__sbss_start, ABSOLUTE (.))
                [!provide]                        PROVIDE (___sbss_start, ABSOLUTE (.))
 *(.dynsbss)
 *(.sbss .sbss.* .gnu.linkonce.sb.*)
 .sbss.__malloc_max_total_mem
                0x0000000008009df0        0x4 /package/eda/altera/altera17.0/nios2eds/bin/gnu/H-x86_64-pc-linux-gnu/bin/../lib/gcc/nios2-elf/5.3.0/../../../../../H-x86_64-pc-linux-gnu/nios2-elf/lib/mno-hw-mul/libc.a(lib_a-mallocr.o)
                0x0000000008009df0                __malloc_max_total_mem
 .sbss.__malloc_max_sbrked_mem
                0x0000000008009df4        0x4 /package/eda/altera/altera17.0/nios2eds/bin/gnu/H-x86_64-pc-linux-gnu/bin/../lib/gcc/nios2-elf/5.3.0/../../../../../H-x86_64-pc-linux-gnu/nios2-elf/lib/mno-hw-mul/libc.a(lib_a-mallocr.o)
                0x0000000008009df4                __malloc_max_sbrked_mem
 .sbss.__malloc_top_pad
                0x0000000008009df8        0x4 /package/eda/altera/altera17.0/nios2eds/bin/gnu/H-x86_64-pc-linux-gnu/bin/../lib/gcc/nios2-elf/5.3.0/../../../../../H-x86_64-pc-linux-gnu/nios2-elf/lib/mno-hw-mul/libc.a(lib_a-mallocr.o)
                0x0000000008009df8                __malloc_top_pad
 .sbss          0x0000000008009dfc        0x4 /package/eda/altera/altera17.0/nios2eds/bin/gnu/H-x86_64-pc-linux-gnu/bin/../lib/gcc/nios2-elf/5.3.0/../../../../../H-x86_64-pc-linux-gnu/nios2-elf/lib/mno-hw-mul/libc.a(lib_a-int_errno.o)
                0x0000000008009dfc                errno
 .sbss          0x0000000008009e00        0xc ../demo_board_123_bsp//libhal_bsp.a(alt_main.o)
                0x0000000008009e00                alt_argc
                0x0000000008009e04                alt_argv
                0x0000000008009e08                alt_envp
 .sbss          0x0000000008009e0c        0x4 ../demo_board_123_bsp//libhal_bsp.a(alt_irq_vars.o)
                0x0000000008009e0c                alt_irq_active
 .sbss          0x0000000008009e10        0x8 ../demo_board_123_bsp//libhal_bsp.a(alt_tick.o)
                0x0000000008009e10                _alt_tick_rate
                0x0000000008009e14                _alt_nticks
 *(.sbss2 .sbss2.* .gnu.linkonce.sb2.*)
 *(.scommon)
                [!provide]                        PROVIDE (__sbss_end, ABSOLUTE (.))
                [!provide]                        PROVIDE (___sbss_end, ABSOLUTE (.))
 *(.dynbss)
 *(.bss .bss.* .gnu.linkonce.b.*)
 .bss           0x0000000008009e18        0x0 ../demo_board_123_bsp//obj/HAL/src/crt0.o
 .bss           0x0000000008009e18        0x0 obj/default/hello_world.o
 .bss           0x0000000008009e18        0x0 /package/eda/altera/altera17.0/nios2eds/bin/gnu/H-x86_64-pc-linux-gnu/bin/../lib/gcc/nios2-elf/5.3.0/../../../../../H-x86_64-pc-linux-gnu/nios2-elf/lib/mno-hw-mul/libc.a(lib_a-puts.o)
 .bss           0x0000000008009e18        0x0 /package/eda/altera/altera17.0/nios2eds/bin/gnu/H-x86_64-pc-linux-gnu/bin/../lib/gcc/nios2-elf/5.3.0/../../../../../H-x86_64-pc-linux-gnu/nios2-elf/lib/mno-hw-mul/libc.a(lib_a-strlen.o)
 .bss           0x0000000008009e18        0x0 /package/eda/altera/altera17.0/nios2eds/bin/gnu/H-x86_64-pc-linux-gnu/bin/../lib/gcc/nios2-elf/5.3.0/../../../../../H-x86_64-pc-linux-gnu/nios2-elf/lib/mno-hw-mul/libc.a(lib_a-findfp.o)
 .bss           0x0000000008009e18        0x0 /package/eda/altera/altera17.0/nios2eds/bin/gnu/H-x86_64-pc-linux-gnu/bin/../lib/gcc/nios2-elf/5.3.0/../../../../../H-x86_64-pc-linux-gnu/nios2-elf/lib/mno-hw-mul/libc.a(lib_a-fvwrite.o)
 .bss           0x0000000008009e18        0x0 /package/eda/altera/altera17.0/nios2eds/bin/gnu/H-x86_64-pc-linux-gnu/bin/../lib/gcc/nios2-elf/5.3.0/../../../../../H-x86_64-pc-linux-gnu/nios2-elf/lib/mno-hw-mul/libc.a(lib_a-fwalk.o)
 .bss           0x0000000008009e18        0x0 /package/eda/altera/altera17.0/nios2eds/bin/gnu/H-x86_64-pc-linux-gnu/bin/../lib/gcc/nios2-elf/5.3.0/../../../../../H-x86_64-pc-linux-gnu/nios2-elf/lib/mno-hw-mul/libc.a(lib_a-impure.o)
 .bss           0x0000000008009e18        0x0 /package/eda/altera/altera17.0/nios2eds/bin/gnu/H-x86_64-pc-linux-gnu/bin/../lib/gcc/nios2-elf/5.3.0/../../../../../H-x86_64-pc-linux-gnu/nios2-elf/lib/mno-hw-mul/libc.a(lib_a-mallocr.o)
 .bss.__malloc_current_mallinfo
                0x0000000008009e18       0x28 /package/eda/altera/altera17.0/nios2eds/bin/gnu/H-x86_64-pc-linux-gnu/bin/../lib/gcc/nios2-elf/5.3.0/../../../../../H-x86_64-pc-linux-gnu/nios2-elf/lib/mno-hw-mul/libc.a(lib_a-mallocr.o)
                0x0000000008009e18                __malloc_current_mallinfo
 .bss           0x0000000008009e40        0x0 /package/eda/altera/altera17.0/nios2eds/bin/gnu/H-x86_64-pc-linux-gnu/bin/../lib/gcc/nios2-elf/5.3.0/../../../../../H-x86_64-pc-linux-gnu/nios2-elf/lib/mno-hw-mul/libc.a(lib_a-memchr.o)
 .bss           0x0000000008009e40        0x0 /package/eda/altera/altera17.0/nios2eds/bin/gnu/H-x86_64-pc-linux-gnu/bin/../lib/gcc/nios2-elf/5.3.0/../../../../../H-x86_64-pc-linux-gnu/nios2-elf/lib/mno-hw-mul/libc.a(lib_a-memcpy.o)
 .bss           0x0000000008009e40        0x0 /package/eda/altera/altera17.0/nios2eds/bin/gnu/H-x86_64-pc-linux-gnu/bin/../lib/gcc/nios2-elf/5.3.0/../../../../../H-x86_64-pc-linux-gnu/nios2-elf/lib/mno-hw-mul/libc.a(lib_a-memmove.o)
 .bss           0x0000000008009e40        0x0 /package/eda/altera/altera17.0/nios2eds/bin/gnu/H-x86_64-pc-linux-gnu/bin/../lib/gcc/nios2-elf/5.3.0/../../../../../H-x86_64-pc-linux-gnu/nios2-elf/lib/mno-hw-mul/libc.a(lib_a-memset.o)
 .bss           0x0000000008009e40        0x0 /package/eda/altera/altera17.0/nios2eds/bin/gnu/H-x86_64-pc-linux-gnu/bin/../lib/gcc/nios2-elf/5.3.0/../../../../../H-x86_64-pc-linux-gnu/nios2-elf/lib/mno-hw-mul/libc.a(lib_a-reallocr.o)
 .bss           0x0000000008009e40        0x0 /package/eda/altera/altera17.0/nios2eds/bin/gnu/H-x86_64-pc-linux-gnu/bin/../lib/gcc/nios2-elf/5.3.0/../../../../../H-x86_64-pc-linux-gnu/nios2-elf/lib/mno-hw-mul/libc.a(lib_a-sbrkr.o)
 .bss           0x0000000008009e40        0x0 /package/eda/altera/altera17.0/nios2eds/bin/gnu/H-x86_64-pc-linux-gnu/bin/../lib/gcc/nios2-elf/5.3.0/../../../../../H-x86_64-pc-linux-gnu/nios2-elf/lib/mno-hw-mul/libc.a(lib_a-stdio.o)
 .bss           0x0000000008009e40        0x0 /package/eda/altera/altera17.0/nios2eds/bin/gnu/H-x86_64-pc-linux-gnu/bin/../lib/gcc/nios2-elf/5.3.0/../../../../../H-x86_64-pc-linux-gnu/nios2-elf/lib/mno-hw-mul/libc.a(lib_a-writer.o)
 .bss           0x0000000008009e40        0x0 /package/eda/altera/altera17.0/nios2eds/bin/gnu/H-x86_64-pc-linux-gnu/bin/../lib/gcc/nios2-elf/5.3.0/../../../../../H-x86_64-pc-linux-gnu/nios2-elf/lib/mno-hw-mul/libc.a(lib_a-wsetup.o)
 .bss           0x0000000008009e40        0x0 /package/eda/altera/altera17.0/nios2eds/bin/gnu/H-x86_64-pc-linux-gnu/bin/../lib/gcc/nios2-elf/5.3.0/../../../../../H-x86_64-pc-linux-gnu/nios2-elf/lib/mno-hw-mul/libc.a(closer.o)
 .bss           0x0000000008009e40        0x0 /package/eda/altera/altera17.0/nios2eds/bin/gnu/H-x86_64-pc-linux-gnu/bin/../lib/gcc/nios2-elf/5.3.0/../../../../../H-x86_64-pc-linux-gnu/nios2-elf/lib/mno-hw-mul/libc.a(lib_a-fclose.o)
 .bss           0x0000000008009e40        0x0 /package/eda/altera/altera17.0/nios2eds/bin/gnu/H-x86_64-pc-linux-gnu/bin/../lib/gcc/nios2-elf/5.3.0/../../../../../H-x86_64-pc-linux-gnu/nios2-elf/lib/mno-hw-mul/libc.a(lib_a-fflush.o)
 .bss           0x0000000008009e40        0x0 /package/eda/altera/altera17.0/nios2eds/bin/gnu/H-x86_64-pc-linux-gnu/bin/../lib/gcc/nios2-elf/5.3.0/../../../../../H-x86_64-pc-linux-gnu/nios2-elf/lib/mno-hw-mul/libc.a(lib_a-freer.o)
 .bss           0x0000000008009e40        0x0 /package/eda/altera/altera17.0/nios2eds/bin/gnu/H-x86_64-pc-linux-gnu/bin/../lib/gcc/nios2-elf/5.3.0/../../../../../H-x86_64-pc-linux-gnu/nios2-elf/lib/mno-hw-mul/libc.a(lib_a-int_errno.o)
 .bss           0x0000000008009e40        0x0 /package/eda/altera/altera17.0/nios2eds/bin/gnu/H-x86_64-pc-linux-gnu/bin/../lib/gcc/nios2-elf/5.3.0/../../../../../H-x86_64-pc-linux-gnu/nios2-elf/lib/mno-hw-mul/libc.a(lib_a-lseekr.o)
 .bss           0x0000000008009e40        0x0 /package/eda/altera/altera17.0/nios2eds/bin/gnu/H-x86_64-pc-linux-gnu/bin/../lib/gcc/nios2-elf/5.3.0/../../../../../H-x86_64-pc-linux-gnu/nios2-elf/lib/mno-hw-mul/libc.a(lib_a-makebuf.o)
 .bss           0x0000000008009e40        0x0 /package/eda/altera/altera17.0/nios2eds/bin/gnu/H-x86_64-pc-linux-gnu/bin/../lib/gcc/nios2-elf/5.3.0/../../../../../H-x86_64-pc-linux-gnu/nios2-elf/lib/mno-hw-mul/libc.a(lib_a-readr.o)
 .bss           0x0000000008009e40        0x0 /package/eda/altera/altera17.0/nios2eds/bin/gnu/H-x86_64-pc-linux-gnu/bin/../lib/gcc/nios2-elf/5.3.0/../../../../../H-x86_64-pc-linux-gnu/nios2-elf/lib/mno-hw-mul/libc.a(lib_a-fstatr.o)
 .bss           0x0000000008009e40        0x0 /package/eda/altera/altera17.0/nios2eds/bin/gnu/H-x86_64-pc-linux-gnu/bin/../lib/gcc/nios2-elf/5.3.0/../../../../../H-x86_64-pc-linux-gnu/nios2-elf/lib/mno-hw-mul/libc.a(lib_a-isattyr.o)
 .bss           0x0000000008009e40        0x0 /package/eda/altera/altera17.0/nios2eds/bin/gnu/H-x86_64-pc-linux-gnu/bin/../lib/gcc/nios2-elf/5.3.0/mno-hw-mul/libgcc.a(lib2-divmod.o)
 .bss           0x0000000008009e40        0x0 /package/eda/altera/altera17.0/nios2eds/bin/gnu/H-x86_64-pc-linux-gnu/bin/../lib/gcc/nios2-elf/5.3.0/mno-hw-mul/libgcc.a(lib2-mul.o)
 .bss           0x0000000008009e40        0x0 ../demo_board_123_bsp//libhal_bsp.a(alt_close.o)
 .bss           0x0000000008009e40        0x0 ../demo_board_123_bsp//libhal_bsp.a(alt_dev.o)
 .bss           0x0000000008009e40        0x0 ../demo_board_123_bsp//libhal_bsp.a(alt_errno.o)
 .bss           0x0000000008009e40        0x0 ../demo_board_123_bsp//libhal_bsp.a(alt_fstat.o)
 .bss           0x0000000008009e40        0x0 ../demo_board_123_bsp//libhal_bsp.a(alt_isatty.o)
 .bss           0x0000000008009e40        0x0 ../demo_board_123_bsp//libhal_bsp.a(alt_load.o)
 .bss           0x0000000008009e40        0x0 ../demo_board_123_bsp//libhal_bsp.a(alt_lseek.o)
 .bss           0x0000000008009e40        0x0 ../demo_board_123_bsp//libhal_bsp.a(alt_main.o)
 .bss           0x0000000008009e40        0x0 ../demo_board_123_bsp//libhal_bsp.a(alt_malloc_lock.o)
 .bss           0x0000000008009e40        0x0 ../demo_board_123_bsp//libhal_bsp.a(alt_read.o)
 .bss           0x0000000008009e40        0x0 ../demo_board_123_bsp//libhal_bsp.a(alt_release_fd.o)
 .bss           0x0000000008009e40        0x0 ../demo_board_123_bsp//libhal_bsp.a(alt_sbrk.o)
 .bss           0x0000000008009e40        0x0 ../demo_board_123_bsp//libhal_bsp.a(alt_write.o)
 .bss           0x0000000008009e40        0x0 ../demo_board_123_bsp//libhal_bsp.a(alt_sys_init.o)
 .bss           0x0000000008009e40        0x0 ../demo_board_123_bsp//libhal_bsp.a(altera_avalon_jtag_uart_fd.o)
 .bss           0x0000000008009e40        0x0 ../demo_board_123_bsp//libhal_bsp.a(altera_avalon_jtag_uart_init.o)
 .bss           0x0000000008009e40        0x0 ../demo_board_123_bsp//libhal_bsp.a(altera_avalon_jtag_uart_ioctl.o)
 .bss           0x0000000008009e40        0x0 ../demo_board_123_bsp//libhal_bsp.a(altera_avalon_jtag_uart_read.o)
 .bss           0x0000000008009e40        0x0 ../demo_board_123_bsp//libhal_bsp.a(altera_avalon_jtag_uart_write.o)
 .bss           0x0000000008009e40        0x0 ../demo_board_123_bsp//libhal_bsp.a(altera_up_avalon_video_pixel_buffer_dma.o)
 .bss           0x0000000008009e40        0x0 ../demo_board_123_bsp//libhal_bsp.a(alt_alarm_start.o)
 .bss           0x0000000008009e40        0x0 ../demo_board_123_bsp//libhal_bsp.a(alt_dcache_flush_all.o)
 .bss           0x0000000008009e40        0x0 ../demo_board_123_bsp//libhal_bsp.a(alt_dev_llist_insert.o)
 .bss           0x0000000008009e40        0x0 ../demo_board_123_bsp//libhal_bsp.a(alt_do_ctors.o)
 .bss           0x0000000008009e40        0x0 ../demo_board_123_bsp//libhal_bsp.a(alt_do_dtors.o)
 .bss           0x0000000008009e40        0x0 ../demo_board_123_bsp//libhal_bsp.a(alt_find_dev.o)
 .bss           0x0000000008009e40        0x0 ../demo_board_123_bsp//libhal_bsp.a(alt_icache_flush_all.o)
 .bss           0x0000000008009e40        0x0 ../demo_board_123_bsp//libhal_bsp.a(alt_iic.o)
 .bss           0x0000000008009e40        0x0 ../demo_board_123_bsp//libhal_bsp.a(alt_iic_isr_register.o)
 .bss           0x0000000008009e40        0x0 ../demo_board_123_bsp//libhal_bsp.a(alt_io_redirect.o)
 .bss           0x0000000008009e40        0x0 ../demo_board_123_bsp//libhal_bsp.a(alt_irq_entry.o)
 .bss           0x0000000008009e40        0x0 ../demo_board_123_bsp//libhal_bsp.a(alt_irq_handler.o)
 .bss           0x0000000008009e40        0x0 ../demo_board_123_bsp//libhal_bsp.a(alt_irq_vars.o)
 .bss           0x0000000008009e40        0x0 ../demo_board_123_bsp//libhal_bsp.a(alt_open.o)
 .bss           0x0000000008009e40        0x0 ../demo_board_123_bsp//libhal_bsp.a(alt_tick.o)
 .bss           0x0000000008009e40        0x0 ../demo_board_123_bsp//libhal_bsp.a(altera_nios2_qsys_irq.o)
 .bss           0x0000000008009e40        0x0 ../demo_board_123_bsp//libhal_bsp.a(alt_exception_entry.o)
 .bss           0x0000000008009e40        0x0 ../demo_board_123_bsp//libhal_bsp.a(alt_find_file.o)
 .bss           0x0000000008009e40        0x0 ../demo_board_123_bsp//libhal_bsp.a(alt_get_fd.o)
 .bss           0x0000000008009e40        0x0 /package/eda/altera/altera17.0/nios2eds/bin/gnu/H-x86_64-pc-linux-gnu/bin/../lib/gcc/nios2-elf/5.3.0/../../../../../H-x86_64-pc-linux-gnu/nios2-elf/lib/mno-hw-mul/libc.a(lib_a-atexit.o)
 .bss           0x0000000008009e40        0x0 /package/eda/altera/altera17.0/nios2eds/bin/gnu/H-x86_64-pc-linux-gnu/bin/../lib/gcc/nios2-elf/5.3.0/../../../../../H-x86_64-pc-linux-gnu/nios2-elf/lib/mno-hw-mul/libc.a(lib_a-exit.o)
 .bss           0x0000000008009e40        0x0 /package/eda/altera/altera17.0/nios2eds/bin/gnu/H-x86_64-pc-linux-gnu/bin/../lib/gcc/nios2-elf/5.3.0/../../../../../H-x86_64-pc-linux-gnu/nios2-elf/lib/mno-hw-mul/libc.a(lib_a-memcmp.o)
 .bss           0x0000000008009e40        0x0 /package/eda/altera/altera17.0/nios2eds/bin/gnu/H-x86_64-pc-linux-gnu/bin/../lib/gcc/nios2-elf/5.3.0/../../../../../H-x86_64-pc-linux-gnu/nios2-elf/lib/mno-hw-mul/libc.a(lib_a-__atexit.o)
 .bss           0x0000000008009e40        0x0 /package/eda/altera/altera17.0/nios2eds/bin/gnu/H-x86_64-pc-linux-gnu/bin/../lib/gcc/nios2-elf/5.3.0/../../../../../H-x86_64-pc-linux-gnu/nios2-elf/lib/mno-hw-mul/libc.a(lib_a-__call_atexit.o)
 .bss           0x0000000008009e40        0x0 ../demo_board_123_bsp//libhal_bsp.a(alt_exit.o)
 *(COMMON)
 COMMON         0x0000000008009e40      0x100 ../demo_board_123_bsp//libhal_bsp.a(alt_irq_handler.o)
                0x0000000008009e40                alt_irq
                0x0000000008009f40                . = ALIGN (0x4)
                0x0000000008009f40                __bss_end = ABSOLUTE (.)

.new_sdram_controller_0
                0x0000000008009f40        0x0
                [!provide]                        PROVIDE (_alt_partition_new_sdram_controller_0_start, ABSOLUTE (.))
 *(.new_sdram_controller_0 .new_sdram_controller_0. new_sdram_controller_0.*)
                0x0000000008009f40                . = ALIGN (0x4)
                [!provide]                        PROVIDE (_alt_partition_new_sdram_controller_0_end, ABSOLUTE (.))
                0x0000000008009f40                _end = ABSOLUTE (.)
                0x0000000008009f40                end = ABSOLUTE (.)
                0x0000000008009f40                __alt_stack_base = ABSOLUTE (.)
                [!provide]                        PROVIDE (_alt_partition_new_sdram_controller_0_load_addr, LOADADDR (.new_sdram_controller_0))

.stab
 *(.stab)

.stabstr
 *(.stabstr)

.stab.excl
 *(.stab.excl)

.stab.exclstr
 *(.stab.exclstr)

.stab.index
 *(.stab.index)

.stab.indexstr
 *(.stab.indexstr)

.comment        0x0000000000000000       0x23
 *(.comment)
 .comment       0x0000000000000000       0x23 obj/default/hello_world.o
                                         0x24 (size before relaxing)
 .comment       0x0000000000000023       0x24 /package/eda/altera/altera17.0/nios2eds/bin/gnu/H-x86_64-pc-linux-gnu/bin/../lib/gcc/nios2-elf/5.3.0/../../../../../H-x86_64-pc-linux-gnu/nios2-elf/lib/mno-hw-mul/libc.a(lib_a-puts.o)
 .comment       0x0000000000000023       0x24 /package/eda/altera/altera17.0/nios2eds/bin/gnu/H-x86_64-pc-linux-gnu/bin/../lib/gcc/nios2-elf/5.3.0/../../../../../H-x86_64-pc-linux-gnu/nios2-elf/lib/mno-hw-mul/libc.a(lib_a-strlen.o)
 .comment       0x0000000000000023       0x24 /package/eda/altera/altera17.0/nios2eds/bin/gnu/H-x86_64-pc-linux-gnu/bin/../lib/gcc/nios2-elf/5.3.0/../../../../../H-x86_64-pc-linux-gnu/nios2-elf/lib/mno-hw-mul/libc.a(lib_a-findfp.o)
 .comment       0x0000000000000023       0x24 /package/eda/altera/altera17.0/nios2eds/bin/gnu/H-x86_64-pc-linux-gnu/bin/../lib/gcc/nios2-elf/5.3.0/../../../../../H-x86_64-pc-linux-gnu/nios2-elf/lib/mno-hw-mul/libc.a(lib_a-fvwrite.o)
 .comment       0x0000000000000023       0x24 /package/eda/altera/altera17.0/nios2eds/bin/gnu/H-x86_64-pc-linux-gnu/bin/../lib/gcc/nios2-elf/5.3.0/../../../../../H-x86_64-pc-linux-gnu/nios2-elf/lib/mno-hw-mul/libc.a(lib_a-fwalk.o)
 .comment       0x0000000000000023       0x24 /package/eda/altera/altera17.0/nios2eds/bin/gnu/H-x86_64-pc-linux-gnu/bin/../lib/gcc/nios2-elf/5.3.0/../../../../../H-x86_64-pc-linux-gnu/nios2-elf/lib/mno-hw-mul/libc.a(lib_a-impure.o)
 .comment       0x0000000000000023       0x24 /package/eda/altera/altera17.0/nios2eds/bin/gnu/H-x86_64-pc-linux-gnu/bin/../lib/gcc/nios2-elf/5.3.0/../../../../../H-x86_64-pc-linux-gnu/nios2-elf/lib/mno-hw-mul/libc.a(lib_a-mallocr.o)
 .comment       0x0000000000000023       0x24 /package/eda/altera/altera17.0/nios2eds/bin/gnu/H-x86_64-pc-linux-gnu/bin/../lib/gcc/nios2-elf/5.3.0/../../../../../H-x86_64-pc-linux-gnu/nios2-elf/lib/mno-hw-mul/libc.a(lib_a-memchr.o)
 .comment       0x0000000000000023       0x24 /package/eda/altera/altera17.0/nios2eds/bin/gnu/H-x86_64-pc-linux-gnu/bin/../lib/gcc/nios2-elf/5.3.0/../../../../../H-x86_64-pc-linux-gnu/nios2-elf/lib/mno-hw-mul/libc.a(lib_a-memcpy.o)
 .comment       0x0000000000000023       0x24 /package/eda/altera/altera17.0/nios2eds/bin/gnu/H-x86_64-pc-linux-gnu/bin/../lib/gcc/nios2-elf/5.3.0/../../../../../H-x86_64-pc-linux-gnu/nios2-elf/lib/mno-hw-mul/libc.a(lib_a-memmove.o)
 .comment       0x0000000000000023       0x24 /package/eda/altera/altera17.0/nios2eds/bin/gnu/H-x86_64-pc-linux-gnu/bin/../lib/gcc/nios2-elf/5.3.0/../../../../../H-x86_64-pc-linux-gnu/nios2-elf/lib/mno-hw-mul/libc.a(lib_a-memset.o)
 .comment       0x0000000000000023       0x24 /package/eda/altera/altera17.0/nios2eds/bin/gnu/H-x86_64-pc-linux-gnu/bin/../lib/gcc/nios2-elf/5.3.0/../../../../../H-x86_64-pc-linux-gnu/nios2-elf/lib/mno-hw-mul/libc.a(lib_a-reallocr.o)
 .comment       0x0000000000000023       0x24 /package/eda/altera/altera17.0/nios2eds/bin/gnu/H-x86_64-pc-linux-gnu/bin/../lib/gcc/nios2-elf/5.3.0/../../../../../H-x86_64-pc-linux-gnu/nios2-elf/lib/mno-hw-mul/libc.a(lib_a-sbrkr.o)
 .comment       0x0000000000000023       0x24 /package/eda/altera/altera17.0/nios2eds/bin/gnu/H-x86_64-pc-linux-gnu/bin/../lib/gcc/nios2-elf/5.3.0/../../../../../H-x86_64-pc-linux-gnu/nios2-elf/lib/mno-hw-mul/libc.a(lib_a-stdio.o)
 .comment       0x0000000000000023       0x24 /package/eda/altera/altera17.0/nios2eds/bin/gnu/H-x86_64-pc-linux-gnu/bin/../lib/gcc/nios2-elf/5.3.0/../../../../../H-x86_64-pc-linux-gnu/nios2-elf/lib/mno-hw-mul/libc.a(lib_a-writer.o)
 .comment       0x0000000000000023       0x24 /package/eda/altera/altera17.0/nios2eds/bin/gnu/H-x86_64-pc-linux-gnu/bin/../lib/gcc/nios2-elf/5.3.0/../../../../../H-x86_64-pc-linux-gnu/nios2-elf/lib/mno-hw-mul/libc.a(lib_a-wsetup.o)
 .comment       0x0000000000000023       0x24 /package/eda/altera/altera17.0/nios2eds/bin/gnu/H-x86_64-pc-linux-gnu/bin/../lib/gcc/nios2-elf/5.3.0/../../../../../H-x86_64-pc-linux-gnu/nios2-elf/lib/mno-hw-mul/libc.a(closer.o)
 .comment       0x0000000000000023       0x24 /package/eda/altera/altera17.0/nios2eds/bin/gnu/H-x86_64-pc-linux-gnu/bin/../lib/gcc/nios2-elf/5.3.0/../../../../../H-x86_64-pc-linux-gnu/nios2-elf/lib/mno-hw-mul/libc.a(lib_a-fclose.o)
 .comment       0x0000000000000023       0x24 /package/eda/altera/altera17.0/nios2eds/bin/gnu/H-x86_64-pc-linux-gnu/bin/../lib/gcc/nios2-elf/5.3.0/../../../../../H-x86_64-pc-linux-gnu/nios2-elf/lib/mno-hw-mul/libc.a(lib_a-fflush.o)
 .comment       0x0000000000000023       0x24 /package/eda/altera/altera17.0/nios2eds/bin/gnu/H-x86_64-pc-linux-gnu/bin/../lib/gcc/nios2-elf/5.3.0/../../../../../H-x86_64-pc-linux-gnu/nios2-elf/lib/mno-hw-mul/libc.a(lib_a-freer.o)
 .comment       0x0000000000000023       0x24 /package/eda/altera/altera17.0/nios2eds/bin/gnu/H-x86_64-pc-linux-gnu/bin/../lib/gcc/nios2-elf/5.3.0/../../../../../H-x86_64-pc-linux-gnu/nios2-elf/lib/mno-hw-mul/libc.a(lib_a-int_errno.o)
 .comment       0x0000000000000023       0x24 /package/eda/altera/altera17.0/nios2eds/bin/gnu/H-x86_64-pc-linux-gnu/bin/../lib/gcc/nios2-elf/5.3.0/../../../../../H-x86_64-pc-linux-gnu/nios2-elf/lib/mno-hw-mul/libc.a(lib_a-lseekr.o)
 .comment       0x0000000000000023       0x24 /package/eda/altera/altera17.0/nios2eds/bin/gnu/H-x86_64-pc-linux-gnu/bin/../lib/gcc/nios2-elf/5.3.0/../../../../../H-x86_64-pc-linux-gnu/nios2-elf/lib/mno-hw-mul/libc.a(lib_a-makebuf.o)
 .comment       0x0000000000000023       0x24 /package/eda/altera/altera17.0/nios2eds/bin/gnu/H-x86_64-pc-linux-gnu/bin/../lib/gcc/nios2-elf/5.3.0/../../../../../H-x86_64-pc-linux-gnu/nios2-elf/lib/mno-hw-mul/libc.a(lib_a-readr.o)
 .comment       0x0000000000000023       0x24 /package/eda/altera/altera17.0/nios2eds/bin/gnu/H-x86_64-pc-linux-gnu/bin/../lib/gcc/nios2-elf/5.3.0/../../../../../H-x86_64-pc-linux-gnu/nios2-elf/lib/mno-hw-mul/libc.a(lib_a-fstatr.o)
 .comment       0x0000000000000023       0x24 /package/eda/altera/altera17.0/nios2eds/bin/gnu/H-x86_64-pc-linux-gnu/bin/../lib/gcc/nios2-elf/5.3.0/../../../../../H-x86_64-pc-linux-gnu/nios2-elf/lib/mno-hw-mul/libc.a(lib_a-isattyr.o)
 .comment       0x0000000000000023       0x24 /package/eda/altera/altera17.0/nios2eds/bin/gnu/H-x86_64-pc-linux-gnu/bin/../lib/gcc/nios2-elf/5.3.0/mno-hw-mul/libgcc.a(lib2-divmod.o)
 .comment       0x0000000000000023       0x24 /package/eda/altera/altera17.0/nios2eds/bin/gnu/H-x86_64-pc-linux-gnu/bin/../lib/gcc/nios2-elf/5.3.0/mno-hw-mul/libgcc.a(lib2-mul.o)
 .comment       0x0000000000000023       0x24 ../demo_board_123_bsp//libhal_bsp.a(alt_close.o)
 .comment       0x0000000000000023       0x24 ../demo_board_123_bsp//libhal_bsp.a(alt_dev.o)
 .comment       0x0000000000000023       0x24 ../demo_board_123_bsp//libhal_bsp.a(alt_errno.o)
 .comment       0x0000000000000023       0x24 ../demo_board_123_bsp//libhal_bsp.a(alt_fstat.o)
 .comment       0x0000000000000023       0x24 ../demo_board_123_bsp//libhal_bsp.a(alt_isatty.o)
 .comment       0x0000000000000023       0x24 ../demo_board_123_bsp//libhal_bsp.a(alt_load.o)
 .comment       0x0000000000000023       0x24 ../demo_board_123_bsp//libhal_bsp.a(alt_lseek.o)
 .comment       0x0000000000000023       0x24 ../demo_board_123_bsp//libhal_bsp.a(alt_main.o)
 .comment       0x0000000000000023       0x24 ../demo_board_123_bsp//libhal_bsp.a(alt_malloc_lock.o)
 .comment       0x0000000000000023       0x24 ../demo_board_123_bsp//libhal_bsp.a(alt_read.o)
 .comment       0x0000000000000023       0x24 ../demo_board_123_bsp//libhal_bsp.a(alt_release_fd.o)
 .comment       0x0000000000000023       0x24 ../demo_board_123_bsp//libhal_bsp.a(alt_sbrk.o)
 .comment       0x0000000000000023       0x24 ../demo_board_123_bsp//libhal_bsp.a(alt_write.o)
 .comment       0x0000000000000023       0x24 ../demo_board_123_bsp//libhal_bsp.a(alt_sys_init.o)
 .comment       0x0000000000000023       0x24 ../demo_board_123_bsp//libhal_bsp.a(altera_avalon_jtag_uart_fd.o)
 .comment       0x0000000000000023       0x24 ../demo_board_123_bsp//libhal_bsp.a(altera_avalon_jtag_uart_init.o)
 .comment       0x0000000000000023       0x24 ../demo_board_123_bsp//libhal_bsp.a(altera_avalon_jtag_uart_ioctl.o)
 .comment       0x0000000000000023       0x24 ../demo_board_123_bsp//libhal_bsp.a(altera_avalon_jtag_uart_read.o)
 .comment       0x0000000000000023       0x24 ../demo_board_123_bsp//libhal_bsp.a(altera_avalon_jtag_uart_write.o)
 .comment       0x0000000000000023       0x24 ../demo_board_123_bsp//libhal_bsp.a(altera_up_avalon_video_pixel_buffer_dma.o)
 .comment       0x0000000000000023       0x24 ../demo_board_123_bsp//libhal_bsp.a(alt_alarm_start.o)
 .comment       0x0000000000000023       0x24 ../demo_board_123_bsp//libhal_bsp.a(alt_dcache_flush_all.o)
 .comment       0x0000000000000023       0x24 ../demo_board_123_bsp//libhal_bsp.a(alt_dev_llist_insert.o)
 .comment       0x0000000000000023       0x24 ../demo_board_123_bsp//libhal_bsp.a(alt_do_ctors.o)
 .comment       0x0000000000000023       0x24 ../demo_board_123_bsp//libhal_bsp.a(alt_do_dtors.o)
 .comment       0x0000000000000023       0x24 ../demo_board_123_bsp//libhal_bsp.a(alt_find_dev.o)
 .comment       0x0000000000000023       0x24 ../demo_board_123_bsp//libhal_bsp.a(alt_icache_flush_all.o)
 .comment       0x0000000000000023       0x24 ../demo_board_123_bsp//libhal_bsp.a(alt_iic.o)
 .comment       0x0000000000000023       0x24 ../demo_board_123_bsp//libhal_bsp.a(alt_iic_isr_register.o)
 .comment       0x0000000000000023       0x24 ../demo_board_123_bsp//libhal_bsp.a(alt_io_redirect.o)
 .comment       0x0000000000000023       0x24 ../demo_board_123_bsp//libhal_bsp.a(alt_irq_handler.o)
 .comment       0x0000000000000023       0x24 ../demo_board_123_bsp//libhal_bsp.a(alt_irq_vars.o)
 .comment       0x0000000000000023       0x24 ../demo_board_123_bsp//libhal_bsp.a(alt_open.o)
 .comment       0x0000000000000023       0x24 ../demo_board_123_bsp//libhal_bsp.a(alt_tick.o)
 .comment       0x0000000000000023       0x24 ../demo_board_123_bsp//libhal_bsp.a(altera_nios2_qsys_irq.o)
 .comment       0x0000000000000023       0x24 ../demo_board_123_bsp//libhal_bsp.a(alt_find_file.o)
 .comment       0x0000000000000023       0x24 ../demo_board_123_bsp//libhal_bsp.a(alt_get_fd.o)
 .comment       0x0000000000000023       0x24 /package/eda/altera/altera17.0/nios2eds/bin/gnu/H-x86_64-pc-linux-gnu/bin/../lib/gcc/nios2-elf/5.3.0/../../../../../H-x86_64-pc-linux-gnu/nios2-elf/lib/mno-hw-mul/libc.a(lib_a-atexit.o)
 .comment       0x0000000000000023       0x24 /package/eda/altera/altera17.0/nios2eds/bin/gnu/H-x86_64-pc-linux-gnu/bin/../lib/gcc/nios2-elf/5.3.0/../../../../../H-x86_64-pc-linux-gnu/nios2-elf/lib/mno-hw-mul/libc.a(lib_a-exit.o)
 .comment       0x0000000000000023       0x24 /package/eda/altera/altera17.0/nios2eds/bin/gnu/H-x86_64-pc-linux-gnu/bin/../lib/gcc/nios2-elf/5.3.0/../../../../../H-x86_64-pc-linux-gnu/nios2-elf/lib/mno-hw-mul/libc.a(lib_a-memcmp.o)
 .comment       0x0000000000000023       0x24 /package/eda/altera/altera17.0/nios2eds/bin/gnu/H-x86_64-pc-linux-gnu/bin/../lib/gcc/nios2-elf/5.3.0/../../../../../H-x86_64-pc-linux-gnu/nios2-elf/lib/mno-hw-mul/libc.a(lib_a-__atexit.o)
 .comment       0x0000000000000023       0x24 /package/eda/altera/altera17.0/nios2eds/bin/gnu/H-x86_64-pc-linux-gnu/bin/../lib/gcc/nios2-elf/5.3.0/../../../../../H-x86_64-pc-linux-gnu/nios2-elf/lib/mno-hw-mul/libc.a(lib_a-__call_atexit.o)
 .comment       0x0000000000000023       0x24 ../demo_board_123_bsp//libhal_bsp.a(alt_exit.o)

.debug
 *(.debug)

.line
 *(.line)

.debug_srcinfo
 *(.debug_srcinfo)

.debug_sfnames
 *(.debug_sfnames)

.debug_aranges  0x0000000000000000      0xa08
 *(.debug_aranges)
 .debug_aranges
                0x0000000000000000       0x28 ../demo_board_123_bsp//obj/HAL/src/crt0.o
 .debug_aranges
                0x0000000000000028       0x20 obj/default/hello_world.o
 .debug_aranges
                0x0000000000000048       0x28 /package/eda/altera/altera17.0/nios2eds/bin/gnu/H-x86_64-pc-linux-gnu/bin/../lib/gcc/nios2-elf/5.3.0/../../../../../H-x86_64-pc-linux-gnu/nios2-elf/lib/mno-hw-mul/libc.a(lib_a-puts.o)
 .debug_aranges
                0x0000000000000070       0x20 /package/eda/altera/altera17.0/nios2eds/bin/gnu/H-x86_64-pc-linux-gnu/bin/../lib/gcc/nios2-elf/5.3.0/../../../../../H-x86_64-pc-linux-gnu/nios2-elf/lib/mno-hw-mul/libc.a(lib_a-strlen.o)
 .debug_aranges
                0x0000000000000090       0x68 /package/eda/altera/altera17.0/nios2eds/bin/gnu/H-x86_64-pc-linux-gnu/bin/../lib/gcc/nios2-elf/5.3.0/../../../../../H-x86_64-pc-linux-gnu/nios2-elf/lib/mno-hw-mul/libc.a(lib_a-findfp.o)
 .debug_aranges
                0x00000000000000f8       0x20 /package/eda/altera/altera17.0/nios2eds/bin/gnu/H-x86_64-pc-linux-gnu/bin/../lib/gcc/nios2-elf/5.3.0/../../../../../H-x86_64-pc-linux-gnu/nios2-elf/lib/mno-hw-mul/libc.a(lib_a-fvwrite.o)
 .debug_aranges
                0x0000000000000118       0x28 /package/eda/altera/altera17.0/nios2eds/bin/gnu/H-x86_64-pc-linux-gnu/bin/../lib/gcc/nios2-elf/5.3.0/../../../../../H-x86_64-pc-linux-gnu/nios2-elf/lib/mno-hw-mul/libc.a(lib_a-fwalk.o)
 .debug_aranges
                0x0000000000000140       0x18 /package/eda/altera/altera17.0/nios2eds/bin/gnu/H-x86_64-pc-linux-gnu/bin/../lib/gcc/nios2-elf/5.3.0/../../../../../H-x86_64-pc-linux-gnu/nios2-elf/lib/mno-hw-mul/libc.a(lib_a-impure.o)
 .debug_aranges
                0x0000000000000158       0x20 /package/eda/altera/altera17.0/nios2eds/bin/gnu/H-x86_64-pc-linux-gnu/bin/../lib/gcc/nios2-elf/5.3.0/../../../../../H-x86_64-pc-linux-gnu/nios2-elf/lib/mno-hw-mul/libc.a(lib_a-mallocr.o)
 .debug_aranges
                0x0000000000000178       0x20 /package/eda/altera/altera17.0/nios2eds/bin/gnu/H-x86_64-pc-linux-gnu/bin/../lib/gcc/nios2-elf/5.3.0/../../../../../H-x86_64-pc-linux-gnu/nios2-elf/lib/mno-hw-mul/libc.a(lib_a-memchr.o)
 .debug_aranges
                0x0000000000000198       0x20 /package/eda/altera/altera17.0/nios2eds/bin/gnu/H-x86_64-pc-linux-gnu/bin/../lib/gcc/nios2-elf/5.3.0/../../../../../H-x86_64-pc-linux-gnu/nios2-elf/lib/mno-hw-mul/libc.a(lib_a-memcpy.o)
 .debug_aranges
                0x00000000000001b8       0x20 /package/eda/altera/altera17.0/nios2eds/bin/gnu/H-x86_64-pc-linux-gnu/bin/../lib/gcc/nios2-elf/5.3.0/../../../../../H-x86_64-pc-linux-gnu/nios2-elf/lib/mno-hw-mul/libc.a(lib_a-memmove.o)
 .debug_aranges
                0x00000000000001d8       0x20 /package/eda/altera/altera17.0/nios2eds/bin/gnu/H-x86_64-pc-linux-gnu/bin/../lib/gcc/nios2-elf/5.3.0/../../../../../H-x86_64-pc-linux-gnu/nios2-elf/lib/mno-hw-mul/libc.a(lib_a-memset.o)
 .debug_aranges
                0x00000000000001f8       0x20 /package/eda/altera/altera17.0/nios2eds/bin/gnu/H-x86_64-pc-linux-gnu/bin/../lib/gcc/nios2-elf/5.3.0/../../../../../H-x86_64-pc-linux-gnu/nios2-elf/lib/mno-hw-mul/libc.a(lib_a-reallocr.o)
 .debug_aranges
                0x0000000000000218       0x20 /package/eda/altera/altera17.0/nios2eds/bin/gnu/H-x86_64-pc-linux-gnu/bin/../lib/gcc/nios2-elf/5.3.0/../../../../../H-x86_64-pc-linux-gnu/nios2-elf/lib/mno-hw-mul/libc.a(lib_a-sbrkr.o)
 .debug_aranges
                0x0000000000000238       0x40 /package/eda/altera/altera17.0/nios2eds/bin/gnu/H-x86_64-pc-linux-gnu/bin/../lib/gcc/nios2-elf/5.3.0/../../../../../H-x86_64-pc-linux-gnu/nios2-elf/lib/mno-hw-mul/libc.a(lib_a-stdio.o)
 .debug_aranges
                0x0000000000000278       0x20 /package/eda/altera/altera17.0/nios2eds/bin/gnu/H-x86_64-pc-linux-gnu/bin/../lib/gcc/nios2-elf/5.3.0/../../../../../H-x86_64-pc-linux-gnu/nios2-elf/lib/mno-hw-mul/libc.a(lib_a-writer.o)
 .debug_aranges
                0x0000000000000298       0x20 /package/eda/altera/altera17.0/nios2eds/bin/gnu/H-x86_64-pc-linux-gnu/bin/../lib/gcc/nios2-elf/5.3.0/../../../../../H-x86_64-pc-linux-gnu/nios2-elf/lib/mno-hw-mul/libc.a(lib_a-wsetup.o)
 .debug_aranges
                0x00000000000002b8       0x20 /package/eda/altera/altera17.0/nios2eds/bin/gnu/H-x86_64-pc-linux-gnu/bin/../lib/gcc/nios2-elf/5.3.0/../../../../../H-x86_64-pc-linux-gnu/nios2-elf/lib/mno-hw-mul/libc.a(closer.o)
 .debug_aranges
                0x00000000000002d8       0x28 /package/eda/altera/altera17.0/nios2eds/bin/gnu/H-x86_64-pc-linux-gnu/bin/../lib/gcc/nios2-elf/5.3.0/../../../../../H-x86_64-pc-linux-gnu/nios2-elf/lib/mno-hw-mul/libc.a(lib_a-fclose.o)
 .debug_aranges
                0x0000000000000300       0x30 /package/eda/altera/altera17.0/nios2eds/bin/gnu/H-x86_64-pc-linux-gnu/bin/../lib/gcc/nios2-elf/5.3.0/../../../../../H-x86_64-pc-linux-gnu/nios2-elf/lib/mno-hw-mul/libc.a(lib_a-fflush.o)
 .debug_aranges
                0x0000000000000330       0x28 /package/eda/altera/altera17.0/nios2eds/bin/gnu/H-x86_64-pc-linux-gnu/bin/../lib/gcc/nios2-elf/5.3.0/../../../../../H-x86_64-pc-linux-gnu/nios2-elf/lib/mno-hw-mul/libc.a(lib_a-freer.o)
 .debug_aranges
                0x0000000000000358       0x18 /package/eda/altera/altera17.0/nios2eds/bin/gnu/H-x86_64-pc-linux-gnu/bin/../lib/gcc/nios2-elf/5.3.0/../../../../../H-x86_64-pc-linux-gnu/nios2-elf/lib/mno-hw-mul/libc.a(lib_a-int_errno.o)
 .debug_aranges
                0x0000000000000370       0x20 /package/eda/altera/altera17.0/nios2eds/bin/gnu/H-x86_64-pc-linux-gnu/bin/../lib/gcc/nios2-elf/5.3.0/../../../../../H-x86_64-pc-linux-gnu/nios2-elf/lib/mno-hw-mul/libc.a(lib_a-lseekr.o)
 .debug_aranges
                0x0000000000000390       0x20 /package/eda/altera/altera17.0/nios2eds/bin/gnu/H-x86_64-pc-linux-gnu/bin/../lib/gcc/nios2-elf/5.3.0/../../../../../H-x86_64-pc-linux-gnu/nios2-elf/lib/mno-hw-mul/libc.a(lib_a-makebuf.o)
 .debug_aranges
                0x00000000000003b0       0x20 /package/eda/altera/altera17.0/nios2eds/bin/gnu/H-x86_64-pc-linux-gnu/bin/../lib/gcc/nios2-elf/5.3.0/../../../../../H-x86_64-pc-linux-gnu/nios2-elf/lib/mno-hw-mul/libc.a(lib_a-readr.o)
 .debug_aranges
                0x00000000000003d0       0x20 /package/eda/altera/altera17.0/nios2eds/bin/gnu/H-x86_64-pc-linux-gnu/bin/../lib/gcc/nios2-elf/5.3.0/../../../../../H-x86_64-pc-linux-gnu/nios2-elf/lib/mno-hw-mul/libc.a(lib_a-fstatr.o)
 .debug_aranges
                0x00000000000003f0       0x20 /package/eda/altera/altera17.0/nios2eds/bin/gnu/H-x86_64-pc-linux-gnu/bin/../lib/gcc/nios2-elf/5.3.0/../../../../../H-x86_64-pc-linux-gnu/nios2-elf/lib/mno-hw-mul/libc.a(lib_a-isattyr.o)
 .debug_aranges
                0x0000000000000410       0x20 /package/eda/altera/altera17.0/nios2eds/bin/gnu/H-x86_64-pc-linux-gnu/bin/../lib/gcc/nios2-elf/5.3.0/mno-hw-mul/libgcc.a(lib2-divmod.o)
 .debug_aranges
                0x0000000000000430       0x20 /package/eda/altera/altera17.0/nios2eds/bin/gnu/H-x86_64-pc-linux-gnu/bin/../lib/gcc/nios2-elf/5.3.0/mno-hw-mul/libgcc.a(lib2-mul.o)
 .debug_aranges
                0x0000000000000450       0x20 ../demo_board_123_bsp//libhal_bsp.a(alt_close.o)
 .debug_aranges
                0x0000000000000470       0x20 ../demo_board_123_bsp//libhal_bsp.a(alt_dev.o)
 .debug_aranges
                0x0000000000000490       0x18 ../demo_board_123_bsp//libhal_bsp.a(alt_errno.o)
 .debug_aranges
                0x00000000000004a8       0x20 ../demo_board_123_bsp//libhal_bsp.a(alt_fstat.o)
 .debug_aranges
                0x00000000000004c8       0x20 ../demo_board_123_bsp//libhal_bsp.a(alt_isatty.o)
 .debug_aranges
                0x00000000000004e8       0x20 ../demo_board_123_bsp//libhal_bsp.a(alt_load.o)
 .debug_aranges
                0x0000000000000508       0x20 ../demo_board_123_bsp//libhal_bsp.a(alt_lseek.o)
 .debug_aranges
                0x0000000000000528       0x20 ../demo_board_123_bsp//libhal_bsp.a(alt_main.o)
 .debug_aranges
                0x0000000000000548       0x20 ../demo_board_123_bsp//libhal_bsp.a(alt_malloc_lock.o)
 .debug_aranges
                0x0000000000000568       0x20 ../demo_board_123_bsp//libhal_bsp.a(alt_read.o)
 .debug_aranges
                0x0000000000000588       0x20 ../demo_board_123_bsp//libhal_bsp.a(alt_release_fd.o)
 .debug_aranges
                0x00000000000005a8       0x20 ../demo_board_123_bsp//libhal_bsp.a(alt_sbrk.o)
 .debug_aranges
                0x00000000000005c8       0x20 ../demo_board_123_bsp//libhal_bsp.a(alt_write.o)
 .debug_aranges
                0x00000000000005e8       0x20 ../demo_board_123_bsp//libhal_bsp.a(alt_sys_init.o)
 .debug_aranges
                0x0000000000000608       0x20 ../demo_board_123_bsp//libhal_bsp.a(altera_avalon_jtag_uart_fd.o)
 .debug_aranges
                0x0000000000000628       0x20 ../demo_board_123_bsp//libhal_bsp.a(altera_avalon_jtag_uart_init.o)
 .debug_aranges
                0x0000000000000648       0x20 ../demo_board_123_bsp//libhal_bsp.a(altera_avalon_jtag_uart_ioctl.o)
 .debug_aranges
                0x0000000000000668       0x20 ../demo_board_123_bsp//libhal_bsp.a(altera_avalon_jtag_uart_read.o)
 .debug_aranges
                0x0000000000000688       0x20 ../demo_board_123_bsp//libhal_bsp.a(altera_avalon_jtag_uart_write.o)
 .debug_aranges
                0x00000000000006a8       0x20 ../demo_board_123_bsp//libhal_bsp.a(altera_up_avalon_video_pixel_buffer_dma.o)
 .debug_aranges
                0x00000000000006c8       0x20 ../demo_board_123_bsp//libhal_bsp.a(alt_alarm_start.o)
 .debug_aranges
                0x00000000000006e8       0x20 ../demo_board_123_bsp//libhal_bsp.a(alt_dcache_flush_all.o)
 .debug_aranges
                0x0000000000000708       0x20 ../demo_board_123_bsp//libhal_bsp.a(alt_dev_llist_insert.o)
 .debug_aranges
                0x0000000000000728       0x20 ../demo_board_123_bsp//libhal_bsp.a(alt_do_ctors.o)
 .debug_aranges
                0x0000000000000748       0x20 ../demo_board_123_bsp//libhal_bsp.a(alt_do_dtors.o)
 .debug_aranges
                0x0000000000000768       0x20 ../demo_board_123_bsp//libhal_bsp.a(alt_find_dev.o)
 .debug_aranges
                0x0000000000000788       0x20 ../demo_board_123_bsp//libhal_bsp.a(alt_icache_flush_all.o)
 .debug_aranges
                0x00000000000007a8       0x20 ../demo_board_123_bsp//libhal_bsp.a(alt_iic.o)
 .debug_aranges
                0x00000000000007c8       0x20 ../demo_board_123_bsp//libhal_bsp.a(alt_iic_isr_register.o)
 .debug_aranges
                0x00000000000007e8       0x20 ../demo_board_123_bsp//libhal_bsp.a(alt_io_redirect.o)
 .debug_aranges
                0x0000000000000808       0x30 ../demo_board_123_bsp//libhal_bsp.a(alt_irq_entry.o)
 .debug_aranges